Component: ARM Compiler 6.14 Tool: armlink [5db06800]

==============================================================================

Section Cross References

    startup_stm32f103xb.o(RESET) refers to startup_stm32f103xb.o(STACK) for __initial_sp
    startup_stm32f103xb.o(RESET) refers to startup_stm32f103xb.o(.text) for Reset_Handler
    startup_stm32f103xb.o(RESET) refers to stm32f1xx_it.o(.text.NMI_Handler) for NMI_Handler
    startup_stm32f103xb.o(RESET) refers to stm32f1xx_it.o(.text.HardFault_Handler) for HardFault_Handler
    startup_stm32f103xb.o(RESET) refers to stm32f1xx_it.o(.text.MemManage_Handler) for MemManage_Handler
    startup_stm32f103xb.o(RESET) refers to stm32f1xx_it.o(.text.BusFault_Handler) for BusFault_Handler
    startup_stm32f103xb.o(RESET) refers to stm32f1xx_it.o(.text.UsageFault_Handler) for UsageFault_Handler
    startup_stm32f103xb.o(RESET) refers to stm32f1xx_it.o(.text.SVC_Handler) for SVC_Handler
    startup_stm32f103xb.o(RESET) refers to stm32f1xx_it.o(.text.DebugMon_Handler) for DebugMon_Handler
    startup_stm32f103xb.o(RESET) refers to stm32f1xx_it.o(.text.PendSV_Handler) for PendSV_Handler
    startup_stm32f103xb.o(RESET) refers to stm32f1xx_it.o(.text.SysTick_Handler) for SysTick_Handler
    startup_stm32f103xb.o(RESET) refers to stm32f1xx_it.o(.text.EXTI4_IRQHandler) for EXTI4_IRQHandler
    startup_stm32f103xb.o(RESET) refers to stm32f1xx_it.o(.text.TIM2_IRQHandler) for TIM2_IRQHandler
    startup_stm32f103xb.o(RESET) refers to stm32f1xx_it.o(.text.EXTI15_10_IRQHandler) for EXTI15_10_IRQHandler
    startup_stm32f103xb.o(.text) refers to system_stm32f1xx.o(.text.SystemInit) for SystemInit
    startup_stm32f103xb.o(.text) refers to entry.o(.ARM.Collect$$$$00000000) for __main
    main.o(.text.main) refers to stm32f1xx_hal.o(.text.HAL_Init) for HAL_Init
    main.o(.text.main) refers to main.o(.text.SystemClock_Config) for SystemClock_Config
    main.o(.text.main) refers to gpio.o(.text.MX_GPIO_Init) for MX_GPIO_Init
    main.o(.text.main) refers to i2c.o(.text.MX_I2C1_Init) for MX_I2C1_Init
    main.o(.text.main) refers to crc.o(.text.MX_CRC_Init) for MX_CRC_Init
    main.o(.text.main) refers to i2c.o(.text.MX_I2C2_Init) for MX_I2C2_Init
    main.o(.text.main) refers to usart.o(.text.MX_USART1_UART_Init) for MX_USART1_UART_Init
    main.o(.text.main) refers to tim.o(.text.MX_TIM2_Init) for MX_TIM2_Init
    main.o(.text.main) refers to stm32f1xx_hal_tim.o(.text.HAL_TIM_Base_Start_IT) for HAL_TIM_Base_Start_IT
    main.o(.text.main) refers to usermain.o(.text.Usermain) for Usermain
    main.o(.text.main) refers to tim.o(.bss..L_MergedGlobals) for htim2
    main.o(.ARM.exidx.text.main) refers to main.o(.text.main) for [Anonymous Symbol]
    main.o(.text.SystemClock_Config) refers to stm32f1xx_hal_rcc.o(.text.HAL_RCC_OscConfig) for HAL_RCC_OscConfig
    main.o(.text.SystemClock_Config) refers to stm32f1xx_hal_rcc.o(.text.HAL_RCC_ClockConfig) for HAL_RCC_ClockConfig
    main.o(.ARM.exidx.text.SystemClock_Config) refers to main.o(.text.SystemClock_Config) for [Anonymous Symbol]
    main.o(.ARM.exidx.text.Error_Handler) refers to main.o(.text.Error_Handler) for [Anonymous Symbol]
    gpio.o(.text.MX_GPIO_Init) refers to stm32f1xx_hal_gpio.o(.text.HAL_GPIO_WritePin) for HAL_GPIO_WritePin
    gpio.o(.text.MX_GPIO_Init) refers to stm32f1xx_hal_cortex.o(.text.HAL_NVIC_SetPriority) for HAL_NVIC_SetPriority
    gpio.o(.text.MX_GPIO_Init) refers to stm32f1xx_hal_cortex.o(.text.HAL_NVIC_EnableIRQ) for HAL_NVIC_EnableIRQ
    gpio.o(.text.MX_GPIO_Init) refers to stm32f1xx_hal_gpio.o(.text.HAL_GPIO_Init) for HAL_GPIO_Init
    gpio.o(.ARM.exidx.text.MX_GPIO_Init) refers to gpio.o(.text.MX_GPIO_Init) for [Anonymous Symbol]
    gpio.o(.text.HAL_GPIO_EXTI_Callback) refers to stm32f1xx_hal_gpio.o(.text.HAL_GPIO_ReadPin) for HAL_GPIO_ReadPin
    gpio.o(.text.HAL_GPIO_EXTI_Callback) refers to humidifiercontrol.o(.data.AntiBur_Flag) for AntiBur_Flag
    gpio.o(.text.HAL_GPIO_EXTI_Callback) refers to humidifiercontrol.o(.bss.Hum_Mod) for Hum_Mod
    gpio.o(.ARM.exidx.text.HAL_GPIO_EXTI_Callback) refers to gpio.o(.text.HAL_GPIO_EXTI_Callback) for [Anonymous Symbol]
    crc.o(.text.MX_CRC_Init) refers to stm32f1xx_hal_crc.o(.text.HAL_CRC_Init) for HAL_CRC_Init
    crc.o(.text.MX_CRC_Init) refers to main.o(.text.Error_Handler) for Error_Handler
    crc.o(.text.MX_CRC_Init) refers to crc.o(.bss.hcrc) for hcrc
    crc.o(.ARM.exidx.text.MX_CRC_Init) refers to crc.o(.text.MX_CRC_Init) for [Anonymous Symbol]
    crc.o(.ARM.exidx.text.HAL_CRC_MspInit) refers to crc.o(.text.HAL_CRC_MspInit) for [Anonymous Symbol]
    crc.o(.ARM.exidx.text.HAL_CRC_MspDeInit) refers to crc.o(.text.HAL_CRC_MspDeInit) for [Anonymous Symbol]
    i2c.o(.text.MX_I2C1_Init) refers to stm32f1xx_hal_i2c.o(.text.HAL_I2C_Init) for HAL_I2C_Init
    i2c.o(.text.MX_I2C1_Init) refers to main.o(.text.Error_Handler) for Error_Handler
    i2c.o(.text.MX_I2C1_Init) refers to i2c.o(.bss.hi2c1) for hi2c1
[...]
    Removing oled.o(.ARM.exidx.text.OLED_ShowNum), (8 bytes).
    Removing oled.o(.ARM.exidx.text.OLED_ShowString), (8 bytes).
    Removing oled.o(.text.OLED_ShowCHinese), (72 bytes).
    Removing oled.o(.ARM.exidx.text.OLED_ShowCHinese), (8 bytes).
    Removing oled.o(.ARM.exidx.text.OLED_DrawBMP), (8 bytes).
    Removing oled.o(.ARM.exidx.text.OLED_Init), (8 bytes).
    Removing oled.o(.data.Hzk), (192 bytes).
    Removing beep.o(.text), (0 bytes).
    Removing beep.o(.text.BEEP_Yell), (16 bytes).
    Removing beep.o(.ARM.exidx.text.BEEP_Yell), (8 bytes).
    Removing beep.o(.text.BEEP_Stop), (16 bytes).
    Removing beep.o(.ARM.exidx.text.BEEP_Stop), (8 bytes).
    Removing beep.o(.ARM.exidx.text.BEEP_Yell_Times), (8 bytes).
    Removing esp.o(.text), (0 bytes).
    Removing esp.o(.ARM.exidx.text.Esp_StatusConfirm), (8 bytes).

871 unused section(s) (total 35632 bytes) removed from the image.

==============================================================================

Image Symbol Table

    Local Symbols

    Symbol Name                              Value     Ov Type        Size  Object(Section)

    ../clib/../cmprslib/zerorunl2.c          0x00000000   Number         0  __dczerorl2.o ABSOLUTE
    ../clib/microlib/division.c              0x00000000   Number         0  uidiv.o ABSOLUTE
    ../clib/microlib/division.c              0x00000000   Number         0  uldiv.o ABSOLUTE
    ../clib/microlib/init/entry.s            0x00000000   Number         0  entry.o ABSOLUTE
    ../clib/microlib/init/entry.s            0x00000000   Number         0  entry2.o ABSOLUTE
    ../clib/microlib/init/entry.s            0x00000000   Number         0  entry5.o ABSOLUTE
    ../clib/microlib/init/entry.s            0x00000000   Number         0  entry7a.o ABSOLUTE
    ../clib/microlib/init/entry.s            0x00000000   Number         0  entry7b.o ABSOLUTE
    ../clib/microlib/init/entry.s            0x00000000   Number         0  entry8a.o ABSOLUTE
    ../clib/microlib/init/entry.s            0x00000000   Number         0  entry8b.o ABSOLUTE
    ../clib/microlib/init/entry.s            0x00000000   Number         0  entry9a.o ABSOLUTE
    ../clib/microlib/init/entry.s            0x00000000   Number         0  entry9b.o ABSOLUTE
    ../clib/microlib/init/entry.s            0x00000000   Number         0  entry10a.o ABSOLUTE
    ../clib/microlib/init/entry.s            0x00000000   Number         0  entry10b.o ABSOLUTE
    ../clib/microlib/init/entry.s            0x00000000   Number         0  entry11a.o ABSOLUTE
    ../clib/microlib/init/entry.s            0x00000000   Number         0  entry11b.o ABSOLUTE
    ../clib/microlib/longlong.c              0x00000000   Number         0  llushr.o ABSOLUTE
    ../clib/microlib/longlong.c              0x00000000   Number         0  llshl.o ABSOLUTE
    ../clib/microlib/longlong.c              0x00000000   Number         0  llsshr.o ABSOLUTE
    ../clib/microlib/printf/printf.c         0x00000000   Number         0  printfb.o ABSOLUTE
    ../clib/microlib/printf/printf.c         0x00000000   Number         0  printf0.o ABSOLUTE
    ../clib/microlib/printf/printf.c         0x00000000   Number         0  printf1.o ABSOLUTE
    ../clib/microlib/printf/printf.c         0x00000000   Number         0  printf2.o ABSOLUTE
    ../clib/microlib/printf/printf.c         0x00000000   Number         0  printf3.o ABSOLUTE
    ../clib/microlib/printf/printf.c         0x00000000   Number         0  printf4.o ABSOLUTE
    ../clib/microlib/printf/printf.c         0x00000000   Number         0  printf5.o ABSOLUTE
    ../clib/microlib/printf/printf.c         0x00000000   Number         0  printf6.o ABSOLUTE
    ../clib/microlib/printf/printf.c         0x00000000   Number         0  printf7.o ABSOLUTE
    ../clib/microlib/printf/printf.c         0x00000000   Number         0  printf8.o ABSOLUTE
    ../clib/microlib/printf/printf.c         0x00000000   Number         0  printfa.o ABSOLUTE
    ../clib/microlib/printf/stubs.s          0x00000000   Number         0  printfstubs.o ABSOLUTE
    ../clib/microlib/stdio/puts.c            0x00000000   Number         0  puts.o ABSOLUTE
    ../clib/microlib/stdio/puts.c            0x00000000   Number         0  puts_e.o ABSOLUTE
    ../clib/microlib/stdio/streams.c         0x00000000   Number         0  stdout.o ABSOLUTE
    ../clib/microlib/stubs.s                 0x00000000   Number         0  iusefp.o ABSOLUTE
    ../fplib/microlib/f2d.c                  0x00000000   Number         0  f2d.o ABSOLUTE
    ../fplib/microlib/fpadd.c                0x00000000   Number         0  fadd.o ABSOLUTE
    ../fplib/microlib/fpadd.c                0x00000000   Number         0  dadd.o ABSOLUTE
    ../fplib/microlib/fpdiv.c                0x00000000   Number         0  fdiv.o ABSOLUTE
    ../fplib/microlib/fpdiv.c                0x00000000   Number         0  ddiv.o ABSOLUTE
    ../fplib/microlib/fpepilogue.c           0x00000000   Number         0  fepilogue.o ABSOLUTE
    ../fplib/microlib/fpepilogue.c           0x00000000   Number         0  depilogue.o ABSOLUTE
    ../fplib/microlib/fpfix.c                0x00000000   Number         0  dfixul.o ABSOLUTE
    ../fplib/microlib/fpflt.c                0x00000000   Number         0  ffltui.o ABSOLUTE
    ../fplib/microlib/fpmul.c                0x00000000   Number         0  fmul.o ABSOLUTE
    ../fplib/microlib/fpmul.c                0x00000000   Number         0  dmul.o ABSOLUTE
    HumidifierControl.c                      0x00000000   Number         0  humidifiercontrol.o ABSOLUTE
    Usermain.c                               0x00000000   Number         0  usermain.o ABSOLUTE
    beep.c                                   0x00000000   Number         0  beep.o ABSOLUTE
    cdrcmple.s                               0x00000000   Number         0  cdrcmple.o ABSOLUTE
    crc.c                                    0x00000000   Number         0  crc.o ABSOLUTE
    dc.s                                     0x00000000   Number         0  dc.o ABSOLUTE
    esp.c                                    0x00000000   Number         0  esp.o ABSOLUTE
    gpio.c                                   0x00000000   Number         0  gpio.o ABSOLUTE
    handlers.s                               0x00000000   Number         0  handlers.o ABSOLUTE
    i2c.c                                    0x00000000   Number         0  i2c.o ABSOLUTE
    init.s                                   0x00000000   Number         0  init.o ABSOLUTE
    main.c                                   0x00000000   Number         0  main.o ABSOLUTE
    oled.c                                   0x00000000   Number         0  oled.o ABSOLUTE
    sht30_i2c_drv.c                          0x00000000   Number         0  sht30_i2c_drv.o ABSOLUTE
    startup_stm32f103xb.s                    0x00000000   Number         0  startup_stm32f103xb.o ABSOLUTE
    stm32f1xx_hal.c                          0x00000000   Number         0  stm32f1xx_hal.o ABSOLUTE
    stm32f1xx_hal_cortex.c                   0x00000000   Number         0  stm32f1xx_hal_cortex.o ABSOLUTE
    stm32f1xx_hal_crc.c                      0x00000000   Number         0  stm32f1xx_hal_crc.o ABSOLUTE
    stm32f1xx_hal_dma.c                      0x00000000   Number         0  stm32f1xx_hal_dma.o ABSOLUTE
    stm32f1xx_hal_exti.c                     0x00000000   Number         0  stm32f1xx_hal_exti.o ABSOLUTE
    stm32f1xx_hal_flash.c                    0x00000000   Number         0  stm32f1xx_hal_flash.o ABSOLUTE
    stm32f1xx_hal_flash_ex.c                 0x00000000   Number         0  stm32f1xx_hal_flash_ex.o ABSOLUTE
    stm32f1xx_hal_gpio.c                     0x00000000   Number         0  stm32f1xx_hal_gpio.o ABSOLUTE
    stm32f1xx_hal_gpio_ex.c                  0x00000000   Number         0  stm32f1xx_hal_gpio_ex.o ABSOLUTE
    stm32f1xx_hal_i2c.c                      0x00000000   Number         0  stm32f1xx_hal_i2c.o ABSOLUTE
    stm32f1xx_hal_msp.c                      0x00000000   Number         0  stm32f1xx_hal_msp.o ABSOLUTE
    stm32f1xx_hal_pwr.c                      0x00000000   Number         0  stm32f1xx_hal_pwr.o ABSOLUTE
    stm32f1xx_hal_rcc.c                      0x00000000   Number         0  stm32f1xx_hal_rcc.o ABSOLUTE
    stm32f1xx_hal_rcc_ex.c                   0x00000000   Number         0  stm32f1xx_hal_rcc_ex.o ABSOLUTE
    stm32f1xx_hal_tim.c                      0x00000000   Number         0  stm32f1xx_hal_tim.o ABSOLUTE
    stm32f1xx_hal_tim_ex.c                   0x00000000   Number         0  stm32f1xx_hal_tim_ex.o ABSOLUTE
    stm32f1xx_hal_uart.c                     0x00000000   Number         0  stm32f1xx_hal_uart.o ABSOLUTE
    stm32f1xx_it.c                           0x00000000   Number         0  stm32f1xx_it.o ABSOLUTE
    system_stm32f1xx.c                       0x00000000   Number         0  system_stm32f1xx.o ABSOLUTE
    tim.c                                    0x00000000   Number         0  tim.o ABSOLUTE
    usart.c                                  0x00000000   Number         0  usart.o ABSOLUTE
    RESET                                    0x08000000   Section      236  startup_stm32f103xb.o(RESET)
    .ARM.Collect$$$$00000000                 0x080000ec   Section        0  entry.o(.ARM.Collect$$$$00000000)
    .ARM.Collect$$$$00000001                 0x080000ec   Section        4  entry2.o(.ARM.Collect$$$$00000001)
    .ARM.Collect$$$$00000004                 0x080000f0   Section        4  entry5.o(.ARM.Collect$$$$00000004)
    .ARM.Collect$$$$00000008                 0x080000f4   Section        0  entry7b.o(.ARM.Collect$$$$00000008)
    .ARM.Collect$$$$0000000A                 0x080000f4   Section        0  entry8b.o(.ARM.Collect$$$$0000000A)
    .ARM.Collect$$$$0000000B                 0x080000f4   Section        8  entry9a.o(.ARM.Collect$$$$0000000B)
    __lit__00000000                          0x080000fc   Data           4  entry2.o(.ARM.Collect$$$$00002712)
    .ARM.Collect$$$$0000000D                 0x080000fc   Section        0  entry10a.o(.ARM.Collect$$$$0000000D)
    .ARM.Collect$$$$0000000F                 0x080000fc   Section        0  entry11a.o(.ARM.Collect$$$$0000000F)
    .ARM.Collect$$$$00002712                 0x080000fc   Section        4  entry2.o(.ARM.Collect$$$$00002712)
    .text                                    0x08000100   Section       36  startup_stm32f103xb.o(.text)
    .text                                    0x08000124   Section        0  llushr.o(.text)
    .text                                    0x08000144   Section        0  fadd.o(.text)
    .text                                    0x080001f4   Section        0  fmul.o(.text)
    .text                                    0x08000258   Section        0  fdiv.o(.text)
    .text                                    0x080002d4   Section        0  ffltui.o(.text)
    .text                                    0x080002de   Section        0  f2d.o(.text)
    .text                                    0x08000304   Section        0  uidiv.o(.text)
    .text                                    0x08000330   Section        0  uldiv.o(.text)
    .text                                    0x08000392   Section        0  iusefp.o(.text)
    .text                                    0x08000392   Section        0  fepilogue.o(.text)
    .text                                    0x08000400   Section        0  dadd.o(.text)
    .text                                    0x0800054e   Section        0  dmul.o(.text)
    .text                                    0x08000632   Section        0  ddiv.o(.text)
    .text                                    0x08000710   Section        0  dfixul.o(.text)
    .text                                    0x08000740   Section       48  cdrcmple.o(.text)
    .text                                    0x08000770   Section       36  init.o(.text)
    .text                                    0x08000794   Section        0  llshl.o(.text)
    .text                                    0x080007b2   Section        0  llsshr.o(.text)
    .text                                    0x080007d6   Section        0  depilogue.o(.text)
    .text                                    0x08000890   Section        0  __dczerorl2.o(.text)
    [Anonymous Symbol]                       0x080008e8   Section        0  beep.o(.text.BEEP_Yell_Times)
    [Anonymous Symbol]                       0x08000928   Section        0  stm32f1xx_it.o(.text.BusFault_Handler)
    [Anonymous Symbol]                       0x0800092a   Section        0  sht30_i2c_drv.o(.text.CheckCrc8)
    [Anonymous Symbol]                       0x0800095a   Section        0  stm32f1xx_it.o(.text.DebugMon_Handler)
    [Anonymous Symbol]                       0x0800095c   Section        0  stm32f1xx_it.o(.text.EXTI15_10_IRQHandler)
    [Anonymous Symbol]                       0x08000964   Section        0  stm32f1xx_it.o(.text.EXTI4_IRQHandler)
    [Anonymous Symbol]                       0x0800096a   Section        0  main.o(.text.Error_Handler)
    [Anonymous Symbol]                       0x0800096c   Section        0  esp.o(.text.Esp_StatusConfirm)
    __arm_cp.0_0                             0x080009c8   Number         4  esp.o(.text.Esp_StatusConfirm)
    __arm_cp.0_3                             0x080009dc   Number         4  esp.o(.text.Esp_StatusConfirm)
    [Anonymous Symbol]                       0x080009ec   Section        0  stm32f1xx_hal_crc.o(.text.HAL_CRC_Init)
    [Anonymous Symbol]                       0x08000a0c   Section        0  crc.o(.text.HAL_CRC_MspInit)
    __arm_cp.1_0                             0x08000a30   Number         4  crc.o(.text.HAL_CRC_MspInit)
    __arm_cp.1_1                             0x08000a34   Number         4  crc.o(.text.HAL_CRC_MspInit)
    [Anonymous Symbol]                       0x08000a38   Section        0  stm32f1xx_hal.o(.text.HAL_Delay)
    __arm_cp.10_0                            0x08000a58   Number         4  stm32f1xx_hal.o(.text.HAL_Delay)
    [Anonymous Symbol]                       0x08000a5c   Section        0  gpio.o(.text.HAL_GPIO_EXTI_Callback)
    __arm_cp.1_0                             0x08000aa4   Number         4  gpio.o(.text.HAL_GPIO_EXTI_Callback)
    __arm_cp.1_2                             0x08000aa8   Number         4  gpio.o(.text.HAL_GPIO_EXTI_Callback)
    [Anonymous Symbol]                       0x08000aac   Section        0  stm32f1xx_hal_gpio.o(.text.HAL_GPIO_EXTI_IRQHandler)
    __arm_cp.6_0                             0x08000abc   Number         4  stm32f1xx_hal_gpio.o(.text.HAL_GPIO_EXTI_IRQHandler)
    [Anonymous Symbol]                       0x08000ac0   Section        0  stm32f1xx_hal_gpio.o(.text.HAL_GPIO_Init)
    __arm_cp.0_0                             0x08000c2c   Number         4  stm32f1xx_hal_gpio.o(.text.HAL_GPIO_Init)
    __arm_cp.0_1                             0x08000c30   Number         4  stm32f1xx_hal_gpio.o(.text.HAL_GPIO_Init)
    __arm_cp.0_2                             0x08000c34   Number         4  stm32f1xx_hal_gpio.o(.text.HAL_GPIO_Init)
    __arm_cp.0_3                             0x08000c38   Number         4  stm32f1xx_hal_gpio.o(.text.HAL_GPIO_Init)
    __arm_cp.0_4                             0x08000c3c   Number         4  stm32f1xx_hal_gpio.o(.text.HAL_GPIO_Init)
    __arm_cp.0_5                             0x08000c40   Number         4  stm32f1xx_hal_gpio.o(.text.HAL_GPIO_Init)
    __arm_cp.0_6                             0x08000c44   Number         4  stm32f1xx_hal_gpio.o(.text.HAL_GPIO_Init)
    __arm_cp.0_7                             0x08000c48   Number         4  stm32f1xx_hal_gpio.o(.text.HAL_GPIO_Init)
    __arm_cp.0_8                             0x08000c4c   Number         4  stm32f1xx_hal_gpio.o(.text.HAL_GPIO_Init)
    __arm_cp.0_9                             0x08000c50   Number         4  stm32f1xx_hal_gpio.o(.text.HAL_GPIO_Init)
    __arm_cp.0_10                            0x08000c54   Number         4  stm32f1xx_hal_gpio.o(.text.HAL_GPIO_Init)
    __arm_cp.0_11                            0x08000c58   Number         4  stm32f1xx_hal_gpio.o(.text.HAL_GPIO_Init)
    __arm_cp.0_12                            0x08000c5c   Number         4  stm32f1xx_hal_gpio.o(.text.HAL_GPIO_Init)
    [Anonymous Symbol]                       0x08000c60   Section        0  stm32f1xx_hal_gpio.o(.text.HAL_GPIO_ReadPin)
    [Anonymous Symbol]                       0x08000c6a   Section        0  stm32f1xx_hal_gpio.o(.text.HAL_GPIO_WritePin)
    [Anonymous Symbol]                       0x08000c74   Section        0  stm32f1xx_hal.o(.text.HAL_GetTick)
    __arm_cp.6_0                             0x08000c7c   Number         4  stm32f1xx_hal.o(.text.HAL_GetTick)
    [Anonymous Symbol]                       0x08000c80   Section        0  stm32f1xx_hal_i2c.o(.text.HAL_I2C_Init)
    __arm_cp.0_0                             0x08000dd4   Number         4  stm32f1xx_hal_i2c.o(.text.HAL_I2C_Init)
    __arm_cp.0_1                             0x08000dd8   Number         4  stm32f1xx_hal_i2c.o(.text.HAL_I2C_Init)
    __arm_cp.0_2                             0x08000ddc   Number         4  stm32f1xx_hal_i2c.o(.text.HAL_I2C_Init)
    __arm_cp.0_3                             0x08000de0   Number         4  stm32f1xx_hal_i2c.o(.text.HAL_I2C_Init)
    __arm_cp.0_4                             0x08000de4   Number         4  stm32f1xx_hal_i2c.o(.text.HAL_I2C_Init)
    [Anonymous Symbol]                       0x08000de8   Section        0  stm32f1xx_hal_i2c.o(.text.HAL_I2C_Master_Receive)
    __arm_cp.8_0                             0x0800110c   Number         4  stm32f1xx_hal_i2c.o(.text.HAL_I2C_Master_Receive)
    [Anonymous Symbol]                       0x08001110   Section        0  stm32f1xx_hal_i2c.o(.text.HAL_I2C_Master_Transmit)
    __arm_cp.4_0                             0x0800129c   Number         4  stm32f1xx_hal_i2c.o(.text.HAL_I2C_Master_Transmit)
    [Anonymous Symbol]                       0x080012a0   Section        0  i2c.o(.text.HAL_I2C_MspInit)
    __arm_cp.2_0                             0x08001334   Number         4  i2c.o(.text.HAL_I2C_MspInit)
    __arm_cp.2_1                             0x08001338   Number         4  i2c.o(.text.HAL_I2C_MspInit)
    __arm_cp.2_3                             0x0800133c   Number         4  i2c.o(.text.HAL_I2C_MspInit)
    [Anonymous Symbol]                       0x08001340   Section        0  stm32f1xx_hal.o(.text.HAL_IncTick)
    __arm_cp.5_1                             0x08001350   Number         4  stm32f1xx_hal.o(.text.HAL_IncTick)
    [Anonymous Symbol]                       0x08001354   Section        0  stm32f1xx_hal.o(.text.HAL_Init)
    [Anonymous Symbol]                       0x08001374   Section        0  stm32f1xx_hal.o(.text.HAL_InitTick)
    __arm_cp.1_0                             0x080013ac   Number         4  stm32f1xx_hal.o(.text.HAL_InitTick)
    [Anonymous Symbol]                       0x080013b0   Section        0  stm32f1xx_hal_msp.o(.text.HAL_MspInit)
    __arm_cp.0_0                             0x080013ec   Number         4  stm32f1xx_hal_msp.o(.text.HAL_MspInit)
    __arm_cp.0_1                             0x080013f0   Number         4  stm32f1xx_hal_msp.o(.text.HAL_MspInit)
    [Anonymous Symbol]                       0x080013f4   Section        0  stm32f1xx_hal_cortex.o(.text.HAL_NVIC_EnableIRQ)
    __arm_cp.3_0                             0x0800140c   Number         4  stm32f1xx_hal_cortex.o(.text.HAL_NVIC_EnableIRQ)
    [Anonymous Symbol]                       0x08001410   Section        0  stm32f1xx_hal_cortex.o(.text.HAL_NVIC_SetPriority)
    [Anonymous Symbol]                       0x08001448   Section        0  stm32f1xx_hal_cortex.o(.text.HAL_NVIC_SetPriorityGrouping)
    __arm_cp.0_0                             0x08001460   Number         4  stm32f1xx_hal_cortex.o(.text.HAL_NVIC_SetPriorityGrouping)
    __arm_cp.0_1                             0x08001464   Number         4  stm32f1xx_hal_cortex.o(.text.HAL_NVIC_SetPriorityGrouping)
    [Anonymous Symbol]                       0x08001468   Section        0  stm32f1xx_hal_rcc.o(.text.HAL_RCC_ClockConfig)
    __arm_cp.2_0                             0x08001594   Number         4  stm32f1xx_hal_rcc.o(.text.HAL_RCC_ClockConfig)
    __arm_cp.2_2                             0x08001598   Number         4  stm32f1xx_hal_rcc.o(.text.HAL_RCC_ClockConfig)
    __arm_cp.2_4                             0x0800159c   Number         4  stm32f1xx_hal_rcc.o(.text.HAL_RCC_ClockConfig)
    [Anonymous Symbol]                       0x080015a0   Section        0  stm32f1xx_hal_rcc.o(.text.HAL_RCC_GetPCLK1Freq)
    [Anonymous Symbol]                       0x080015b4   Section        0  stm32f1xx_hal_rcc.o(.text.HAL_RCC_GetPCLK2Freq)
    __arm_cp.9_0                             0x080015c8   Number         4  stm32f1xx_hal_rcc.o(.text.HAL_RCC_GetPCLK2Freq)
    __arm_cp.9_2                             0x080015cc   Number         4  stm32f1xx_hal_rcc.o(.text.HAL_RCC_GetPCLK2Freq)
    [Anonymous Symbol]                       0x080015d0   Section        0  stm32f1xx_hal_rcc.o(.text.HAL_RCC_GetSysClockFreq)
    __arm_cp.3_0                             0x08001604   Number         4  stm32f1xx_hal_rcc.o(.text.HAL_RCC_GetSysClockFreq)
    __arm_cp.3_1                             0x08001608   Number         4  stm32f1xx_hal_rcc.o(.text.HAL_RCC_GetSysClockFreq)
    __arm_cp.3_4                             0x08001620   Number         4  stm32f1xx_hal_rcc.o(.text.HAL_RCC_GetSysClockFreq)
    [Anonymous Symbol]                       0x08001624   Section        0  stm32f1xx_hal_rcc.o(.text.HAL_RCC_OscConfig)
    __arm_cp.1_0                             0x08001948   Number         4  stm32f1xx_hal_rcc.o(.text.HAL_RCC_OscConfig)
    __arm_cp.1_1                             0x0800194c   Number         4  stm32f1xx_hal_rcc.o(.text.HAL_RCC_OscConfig)
    __arm_cp.1_2                             0x08001950   Number         4  stm32f1xx_hal_rcc.o(.text.HAL_RCC_OscConfig)
    __arm_cp.1_3                             0x08001954   Number         4  stm32f1xx_hal_rcc.o(.text.HAL_RCC_OscConfig)
    [Anonymous Symbol]                       0x08001958   Section        0  stm32f1xx_hal_cortex.o(.text.HAL_SYSTICK_Config)
    __arm_cp.7_0                             0x08001978   Number         4  stm32f1xx_hal_cortex.o(.text.HAL_SYSTICK_Config)
    __arm_cp.7_1                             0x0800197c   Number         4  stm32f1xx_hal_cortex.o(.text.HAL_SYSTICK_Config)
    [Anonymous Symbol]                       0x08001980   Section        0  stm32f1xx_hal_tim_ex.o(.text.HAL_TIMEx_BreakCallback)
    [Anonymous Symbol]                       0x08001982   Section        0  stm32f1xx_hal_tim_ex.o(.text.HAL_TIMEx_CommutCallback)
    [Anonymous Symbol]                       0x08001984   Section        0  stm32f1xx_hal_tim_ex.o(.text.HAL_TIMEx_MasterConfigSynchronization)
    [Anonymous Symbol]                       0x080019be   Section        0  stm32f1xx_hal_tim.o(.text.HAL_TIM_Base_Init)
    [Anonymous Symbol]                       0x080019f4   Section        0  tim.o(.text.HAL_TIM_Base_MspInit)
    __arm_cp.1_0                             0x08001a28   Number         4  tim.o(.text.HAL_TIM_Base_MspInit)
    [Anonymous Symbol]                       0x08001a2c   Section        0  stm32f1xx_hal_tim.o(.text.HAL_TIM_Base_Start_IT)
    [Anonymous Symbol]                       0x08001a4c   Section        0  stm32f1xx_hal_tim.o(.text.HAL_TIM_ConfigClockSource)
    [Anonymous Symbol]                       0x08001b40   Section        0  stm32f1xx_hal_tim.o(.text.HAL_TIM_IC_CaptureCallback)
    [Anonymous Symbol]                       0x08001b42   Section        0  stm32f1xx_hal_tim.o(.text.HAL_TIM_IRQHandler)
    [Anonymous Symbol]                       0x08001cae   Section        0  stm32f1xx_hal_tim.o(.text.HAL_TIM_OC_DelayElapsedCallback)
    [Anonymous Symbol]                       0x08001cb0   Section        0  stm32f1xx_hal_tim.o(.text.HAL_TIM_PWM_PulseFinishedCallback)
    [Anonymous Symbol]                       0x08001cb4   Section        0  tim.o(.text.HAL_TIM_PeriodElapsedCallback)
    __arm_cp.3_0                             0x08001ce8   Number         4  tim.o(.text.HAL_TIM_PeriodElapsedCallback)
    __arm_cp.3_1                             0x08001cec   Number         4  tim.o(.text.HAL_TIM_PeriodElapsedCallback)
    __arm_cp.3_2                             0x08001cf0   Number         4  tim.o(.text.HAL_TIM_PeriodElapsedCallback)
    [Anonymous Symbol]                       0x08001cf4   Section        0  stm32f1xx_hal_tim.o(.text.HAL_TIM_TriggerCallback)
    [Anonymous Symbol]                       0x08001cf6   Section        0  stm32f1xx_hal_uart.o(.text.HAL_UART_Init)
    [Anonymous Symbol]                       0x08001d54   Section        0  usart.o(.text.HAL_UART_MspInit)
    __arm_cp.1_1                             0x08001dc4   Number         4  usart.o(.text.HAL_UART_MspInit)
    [Anonymous Symbol]                       0x08001dc8   Section        0  stm32f1xx_hal_uart.o(.text.HAL_UART_Transmit)
    [Anonymous Symbol]                       0x08001e74   Section        0  stm32f1xx_it.o(.text.HardFault_Handler)
    [Anonymous Symbol]                       0x08001e78   Section        0  humidifiercontrol.o(.text.Humidifier_Off)
    [Anonymous Symbol]                       0x08001e84   Section        0  humidifiercontrol.o(.text.Humidifier_On)
    __arm_cp.0_0                             0x08001e90   Number         4  humidifiercontrol.o(.text.Humidifier_On)
    [Anonymous Symbol]                       0x08001e94   Section        0  humidifiercontrol.o(.text.Humidifier_Play)
    __arm_cp.2_0                             0x08001f28   Number         4  humidifiercontrol.o(.text.Humidifier_Play)
    I2C_IsAcknowledgeFailed                  0x08001f2d   Thumb Code    48  stm32f1xx_hal_i2c.o(.text.I2C_IsAcknowledgeFailed)
    [Anonymous Symbol]                       0x08001f2c   Section        0  stm32f1xx_hal_i2c.o(.text.I2C_IsAcknowledgeFailed)
    I2C_WaitOnBTFFlagUntilTimeout            0x08001f5d   Thumb Code    76  stm32f1xx_hal_i2c.o(.text.I2C_WaitOnBTFFlagUntilTimeout)
    [Anonymous Symbol]                       0x08001f5c   Section        0  stm32f1xx_hal_i2c.o(.text.I2C_WaitOnBTFFlagUntilTimeout)
    I2C_WaitOnFlagUntilTimeout               0x08001fa9   Thumb Code   118  stm32f1xx_hal_i2c.o(.text.I2C_WaitOnFlagUntilTimeout)
    [Anonymous Symbol]                       0x08001fa8   Section        0  stm32f1xx_hal_i2c.o(.text.I2C_WaitOnFlagUntilTimeout)
    I2C_WaitOnMasterAddressFlagUntilTimeout  0x0800201f   Thumb Code   150  stm32f1xx_hal_i2c.o(.text.I2C_WaitOnMasterAddressFlagUntilTimeout)
    [Anonymous Symbol]                       0x0800201e   Section        0  stm32f1xx_hal_i2c.o(.text.I2C_WaitOnMasterAddressFlagUntilTimeout)
    I2C_WaitOnRXNEFlagUntilTimeout           0x080020b5   Thumb Code    94  stm32f1xx_hal_i2c.o(.text.I2C_WaitOnRXNEFlagUntilTimeout)
    [Anonymous Symbol]                       0x080020b4   Section        0  stm32f1xx_hal_i2c.o(.text.I2C_WaitOnRXNEFlagUntilTimeout)
    I2C_WaitOnTXEFlagUntilTimeout            0x08002113   Thumb Code    76  stm32f1xx_hal_i2c.o(.text.I2C_WaitOnTXEFlagUntilTimeout)
    [Anonymous Symbol]                       0x08002112   Section        0  stm32f1xx_hal_i2c.o(.text.I2C_WaitOnTXEFlagUntilTimeout)
    [Anonymous Symbol]                       0x08002160   Section        0  crc.o(.text.MX_CRC_Init)
    __arm_cp.0_0                             0x08002178   Number         4  crc.o(.text.MX_CRC_Init)
    __arm_cp.0_1                             0x0800217c   Number         4  crc.o(.text.MX_CRC_Init)
    [Anonymous Symbol]                       0x08002180   Section        0  gpio.o(.text.MX_GPIO_Init)
    __arm_cp.0_0                             0x08002278   Number         4  gpio.o(.text.MX_GPIO_Init)
    __arm_cp.0_1                             0x0800227c   Number         4  gpio.o(.text.MX_GPIO_Init)
    __arm_cp.0_2                             0x08002280   Number         4  gpio.o(.text.MX_GPIO_Init)
    __arm_cp.0_3                             0x08002284   Number         4  gpio.o(.text.MX_GPIO_Init)
    [Anonymous Symbol]                       0x08002288   Section        0  i2c.o(.text.MX_I2C1_Init)
    __arm_cp.0_0                             0x080022b8   Number         4  i2c.o(.text.MX_I2C1_Init)
    __arm_cp.0_2                             0x080022bc   Number         4  i2c.o(.text.MX_I2C1_Init)
    [Anonymous Symbol]                       0x080022c0   Section        0  i2c.o(.text.MX_I2C2_Init)
    __arm_cp.1_0                             0x080022f0   Number         4  i2c.o(.text.MX_I2C2_Init)
    __arm_cp.1_1                             0x080022f4   Number         4  i2c.o(.text.MX_I2C2_Init)
    __arm_cp.1_2                             0x080022f8   Number         4  i2c.o(.text.MX_I2C2_Init)
    [Anonymous Symbol]                       0x080022fc   Section        0  tim.o(.text.MX_TIM2_Init)
    __arm_cp.0_0                             0x08002364   Number         4  tim.o(.text.MX_TIM2_Init)
    [Anonymous Symbol]                       0x08002368   Section        0  usart.o(.text.MX_USART1_UART_Init)
    __arm_cp.0_0                             0x08002398   Number         4  usart.o(.text.MX_USART1_UART_Init)
    __arm_cp.0_1                             0x0800239c   Number         4  usart.o(.text.MX_USART1_UART_Init)
    [Anonymous Symbol]                       0x080023a0   Section        0  stm32f1xx_it.o(.text.MemManage_Handler)
    [Anonymous Symbol]                       0x080023a2   Section        0  stm32f1xx_it.o(.text.NMI_Handler)
    [Anonymous Symbol]                       0x080023a4   Section        0  oled.o(.text.OLED_Clear)
    [Anonymous Symbol]                       0x080023d8   Section        0  usermain.o(.text.OLED_Display)
    __arm_cp.3_1                             0x08002488   Number         4  usermain.o(.text.OLED_Display)
    __arm_cp.3_3                             0x08002494   Number         4  usermain.o(.text.OLED_Display)
    __arm_cp.3_5                             0x080024a0   Number         4  usermain.o(.text.OLED_Display)
    __arm_cp.3_6                             0x080024a4   Number         4  usermain.o(.text.OLED_Display)
    __arm_cp.3_8                             0x080024b0   Number         4  usermain.o(.text.OLED_Display)
    [Anonymous Symbol]                       0x080024cc   Section        0  oled.o(.text.OLED_DrawBMP)
    [Anonymous Symbol]                       0x0800250c   Section        0  oled.o(.text.OLED_Init)
    [Anonymous Symbol]                       0x08002598   Section        0  oled.o(.text.OLED_Set_Pos)
    __arm_cp.0_0                             0x080025bc   Number         4  oled.o(.text.OLED_Set_Pos)
    [Anonymous Symbol]                       0x080025c0   Section        0  oled.o(.text.OLED_ShowChar)
    __arm_cp.7_0                             0x08002644   Number         4  oled.o(.text.OLED_ShowChar)
    __arm_cp.7_1                             0x08002648   Number         4  oled.o(.text.OLED_ShowChar)
    [Anonymous Symbol]                       0x0800264c   Section        0  oled.o(.text.OLED_ShowNum)
    [Anonymous Symbol]                       0x080026de   Section        0  oled.o(.text.OLED_ShowString)
    OLED_Write_Cmd                           0x08002711   Thumb Code    36  oled.o(.text.OLED_Write_Cmd)
    [Anonymous Symbol]                       0x08002710   Section        0  oled.o(.text.OLED_Write_Cmd)
    OLED_Write_Dat                           0x08002735   Thumb Code    40  oled.o(.text.OLED_Write_Dat)
    [Anonymous Symbol]                       0x08002734   Section        0  oled.o(.text.OLED_Write_Dat)
    __arm_cp.5_0                             0x08002758   Number         4  oled.o(.text.OLED_Write_Dat)
    [Anonymous Symbol]                       0x0800275c   Section        0  stm32f1xx_it.o(.text.PendSV_Handler)
    [Anonymous Symbol]                       0x08002760   Section        0  sht30_i2c_drv.o(.text.SHT30_Dat_To_Float)
    __arm_cp.5_0                             0x080027c4   Number         4  sht30_i2c_drv.o(.text.SHT30_Dat_To_Float)
    __arm_cp.5_1                             0x080027c8   Number         4  sht30_i2c_drv.o(.text.SHT30_Dat_To_Float)
    __arm_cp.5_2                             0x080027cc   Number         4  sht30_i2c_drv.o(.text.SHT30_Dat_To_Float)
    __arm_cp.5_3                             0x080027d0   Number         4  sht30_i2c_drv.o(.text.SHT30_Dat_To_Float)
    [Anonymous Symbol]                       0x080027d4   Section        0  sht30_i2c_drv.o(.text.SHT30_Init)
    [Anonymous Symbol]                       0x080027dc   Section        0  sht30_i2c_drv.o(.text.SHT30_Read_Dat)
    [Anonymous Symbol]                       0x080027fc   Section        0  sht30_i2c_drv.o(.text.SHT30_Reset)
    SHT30_Send_Cmd                           0x08002811   Thumb Code    36  sht30_i2c_drv.o(.text.SHT30_Send_Cmd)
    [Anonymous Symbol]                       0x08002810   Section        0  sht30_i2c_drv.o(.text.SHT30_Send_Cmd)
    __arm_cp.1_0                             0x08002830   Number         4  sht30_i2c_drv.o(.text.SHT30_Send_Cmd)
    [Anonymous Symbol]                       0x08002834   Section        0  sht30_i2c_drv.o(.text.SHT30_Update)
    __arm_cp.6_0                             0x080028b8   Number         4  sht30_i2c_drv.o(.text.SHT30_Update)
    __arm_cp.6_4                             0x0800290c   Number         4  sht30_i2c_drv.o(.text.SHT30_Update)
    [Anonymous Symbol]                       0x08002910   Section        0  stm32f1xx_it.o(.text.SVC_Handler)
    [Anonymous Symbol]                       0x08002912   Section        0  stm32f1xx_it.o(.text.SysTick_Handler)
    [Anonymous Symbol]                       0x08002916   Section        0  main.o(.text.SystemClock_Config)
    [Anonymous Symbol]                       0x08002960   Section        0  system_stm32f1xx.o(.text.SystemInit)
    __arm_cp.0_0                             0x0800299c   Number         4  system_stm32f1xx.o(.text.SystemInit)
    __arm_cp.0_1                             0x080029a0   Number         4  system_stm32f1xx.o(.text.SystemInit)
    __arm_cp.0_2                             0x080029a4   Number         4  system_stm32f1xx.o(.text.SystemInit)
    __arm_cp.0_3                             0x080029a8   Number         4  system_stm32f1xx.o(.text.SystemInit)
    [Anonymous Symbol]                       0x080029ac   Section        0  stm32f1xx_it.o(.text.TIM2_IRQHandler)
    [Anonymous Symbol]                       0x080029b4   Section        0  stm32f1xx_hal_tim.o(.text.TIM_Base_SetConfig)
    __arm_cp.2_0                             0x08002a18   Number         4  stm32f1xx_hal_tim.o(.text.TIM_Base_SetConfig)
    __arm_cp.2_1                             0x08002a1c   Number         4  stm32f1xx_hal_tim.o(.text.TIM_Base_SetConfig)
    __arm_cp.2_2                             0x08002a20   Number         4  stm32f1xx_hal_tim.o(.text.TIM_Base_SetConfig)
    TIM_TI1_ConfigInputStage                 0x08002a25   Thumb Code    34  stm32f1xx_hal_tim.o(.text.TIM_TI1_ConfigInputStage)
    [Anonymous Symbol]                       0x08002a24   Section        0  stm32f1xx_hal_tim.o(.text.TIM_TI1_ConfigInputStage)
    TIM_TI2_ConfigInputStage                 0x08002a47   Thumb Code    34  stm32f1xx_hal_tim.o(.text.TIM_TI2_ConfigInputStage)
    [Anonymous Symbol]                       0x08002a46   Section        0  stm32f1xx_hal_tim.o(.text.TIM_TI2_ConfigInputStage)
    UART_SetConfig                           0x08002a69   Thumb Code   128  stm32f1xx_hal_uart.o(.text.UART_SetConfig)
    [Anonymous Symbol]                       0x08002a68   Section        0  stm32f1xx_hal_uart.o(.text.UART_SetConfig)
    __arm_cp.2_0                             0x08002ae4   Number         4  stm32f1xx_hal_uart.o(.text.UART_SetConfig)
    UART_WaitOnFlagUntilTimeout              0x08002ae9   Thumb Code    88  stm32f1xx_hal_uart.o(.text.UART_WaitOnFlagUntilTimeout)
    [Anonymous Symbol]                       0x08002ae8   Section        0  stm32f1xx_hal_uart.o(.text.UART_WaitOnFlagUntilTimeout)
    [Anonymous Symbol]                       0x08002b40   Section        0  stm32f1xx_it.o(.text.UsageFault_Handler)
    [Anonymous Symbol]                       0x08002b44   Section        0  usermain.o(.text.UserInit)
    __arm_cp.1_2                             0x08002bb4   Number         4  usermain.o(.text.UserInit)
    [Anonymous Symbol]                       0x08002bb8   Section        0  usermain.o(.text.User_Update)
    __arm_cp.2_0                             0x08002bd4   Number         4  usermain.o(.text.User_Update)
    [Anonymous Symbol]                       0x08002bd8   Section        0  usermain.o(.text.Usermain)
    __arm_cp.0_0                             0x08002c2c   Number         4  usermain.o(.text.Usermain)
    __arm_cp.0_2                             0x08002c40   Number         4  usermain.o(.text.Usermain)
    __NVIC_SetPriority                       0x08002c6d   Thumb Code    36  stm32f1xx_hal_cortex.o(.text.__NVIC_SetPriority)
    [Anonymous Symbol]                       0x08002c6c   Section        0  stm32f1xx_hal_cortex.o(.text.__NVIC_SetPriority)
    __arm_cp.2_0                             0x08002c88   Number         4  stm32f1xx_hal_cortex.o(.text.__NVIC_SetPriority)
    __arm_cp.2_1                             0x08002c8c   Number         4  stm32f1xx_hal_cortex.o(.text.__NVIC_SetPriority)
    [Anonymous Symbol]                       0x08002c90   Section        0  usermain.o(.text.fputc)
    __arm_cp.4_0                             0x08002cac   Number         4  usermain.o(.text.fputc)
    [Anonymous Symbol]                       0x08002cb0   Section        0  main.o(.text.main)
    __arm_cp.0_0                             0x08002cdc   Number         4  main.o(.text.main)
    i.__0printf                              0x08002ce0   Section        0  printfa.o(i.__0printf)
    i.__0sprintf                             0x08002d00   Section        0  printfa.o(i.__0sprintf)
    i.__scatterload_copy                     0x08002d28   Section       14  handlers.o(i.__scatterload_copy)
    i.__scatterload_null                     0x08002d36   Section        2  handlers.o(i.__scatterload_null)
    i.__scatterload_zeroinit                 0x08002d38   Section       14  handlers.o(i.__scatterload_zeroinit)
    _fp_digits                               0x08002d49   Thumb Code   366  printfa.o(i._fp_digits)
    i._fp_digits                             0x08002d48   Section        0  printfa.o(i._fp_digits)
    _printf_core                             0x08002ecd   Thumb Code  1744  printfa.o(i._printf_core)
    i._printf_core                           0x08002ecc   Section        0  printfa.o(i._printf_core)
    _printf_post_padding                     0x080035a9   Thumb Code    36  printfa.o(i._printf_post_padding)
    i._printf_post_padding                   0x080035a8   Section        0  printfa.o(i._printf_post_padding)
    _printf_pre_padding                      0x080035cd   Thumb Code    46  printfa.o(i._printf_pre_padding)
    i._printf_pre_padding                    0x080035cc   Section        0  printfa.o(i._printf_pre_padding)
    _sputc                                   0x080035fb   Thumb Code    10  printfa.o(i._sputc)
    i._sputc                                 0x080035fa   Section        0  printfa.o(i._sputc)
    i.puts                                   0x08003604   Section        0  puts.o(i.puts)
    .L.str.11                                0x08003e58   Data           2  usermain.o(.rodata.str1.1)
    [Anonymous Symbol]                       0x08003e58   Section        0  usermain.o(.rodata.str1.1)
    .L.str.13                                0x08003e5a   Data           2  usermain.o(.rodata.str1.1)
    .L.str.12                                0x08003e5c   Data           2  usermain.o(.rodata.str1.1)
    .L.str.9                                 0x08003e5e   Data           2  usermain.o(.rodata.str1.1)
    .L.str.3                                 0x08003e60   Data           5  sht30_i2c_drv.o(.rodata.str1.1)
    [Anonymous Symbol]                       0x08003e60   Section        0  sht30_i2c_drv.o(.rodata.str1.1)
    .data                                    0x20000000   Section        4  stdout.o(.data)
    [Anonymous Symbol]                       0x20000004   Section        0  stm32f1xx_hal.o(.data..L_MergedGlobals)
    [Anonymous Symbol]                       0x20000418   Section        0  tim.o(.bss..L_MergedGlobals)
    [Anonymous Symbol]                       0x2000045c   Section        0  sht30_i2c_drv.o(.bss..L_MergedGlobals)
    STACK                                    0x200005c0   Section     1024  startup_stm32f103xb.o(STACK)

    Global Symbols

    Symbol Name                              Value     Ov Type        Size  Object(Section)

    BuildAttributes$$THM_ISAv4$P$D$K$B$S$PE$A:L22UL41UL21$X:L11$S22US41US21$IEEE1$IW$~IW$USESV6$~STKCKD$USESV7$~SHL$OTIME$ROPI$EBA8$MICROLIB$REQ8$PRES8$EABIv2 0x00000000   Number         0  anon$$obj.o ABSOLUTE
    _printf_a                                0x00000000   Number         0  printfstubs.o ABSOLUTE
    _printf_c                                0x00000000   Number         0  printfstubs.o ABSOLUTE
    _printf_charcount                        0x00000000   Number         0  printfstubs.o ABSOLUTE
    _printf_d                                0x00000000   Number         0  printfstubs.o ABSOLUTE
    _printf_e                                0x00000000   Number         0  printfstubs.o ABSOLUTE
    _printf_f                                0x00000000   Number         0  printfstubs.o ABSOLUTE
    _printf_flags                            0x00000000   Number         0  printfstubs.o ABSOLUTE
    _printf_fp_dec                           0x00000000   Number         0  printfstubs.o ABSOLUTE
    _printf_fp_hex                           0x00000000   Number         0  printfstubs.o ABSOLUTE
    _printf_g                                0x00000000   Number         0  printfstubs.o ABSOLUTE
    _printf_i                                0x00000000   Number         0  printfstubs.o ABSOLUTE
    _printf_int_dec                          0x00000000   Number         0  printfstubs.o ABSOLUTE
    _printf_l                                0x00000000   Number         0  printfstubs.o ABSOLUTE
    _printf_lc                               0x00000000   Number         0  printfstubs.o ABSOLUTE
    _printf_ll                               0x00000000   Number         0  printfstubs.o ABSOLUTE
    _printf_lld                              0x00000000   Number         0  printfstubs.o ABSOLUTE
    _printf_lli                              0x00000000   Number         0  printfstubs.o ABSOLUTE
    _printf_llo                              0x00000000   Number         0  printfstubs.o ABSOLUTE
    _printf_llu                              0x00000000   Number         0  printfstubs.o ABSOLUTE
    _printf_llx                              0x00000000   Number         0  printfstubs.o ABSOLUTE
    _printf_longlong_dec                     0x00000000   Number         0  printfstubs.o ABSOLUTE
    _printf_longlong_hex                     0x00000000   Number         0  printfstubs.o ABSOLUTE
    _printf_longlong_oct                     0x00000000   Number         0  printfstubs.o ABSOLUTE
    _printf_ls                               0x00000000   Number         0  printfstubs.o ABSOLUTE
    _printf_mbtowc                           0x00000000   Number         0  printfstubs.o ABSOLUTE
    _printf_n                                0x00000000   Number         0  printfstubs.o ABSOLUTE
    _printf_o                                0x00000000   Number         0  printfstubs.o ABSOLUTE
    _printf_p                                0x00000000   Number         0  printfstubs.o ABSOLUTE
    _printf_percent                          0x00000000   Number         0  printfstubs.o ABSOLUTE
    _printf_pre_padding                      0x00000000   Number         0  printfstubs.o ABSOLUTE
    _printf_return_value                     0x00000000   Number         0  printfstubs.o ABSOLUTE
    _printf_s                                0x00000000   Number         0  printfstubs.o ABSOLUTE
    _printf_sizespec                         0x00000000   Number         0  printfstubs.o ABSOLUTE
    _printf_str                              0x00000000   Number         0  printfstubs.o ABSOLUTE
    _printf_truncate_signed                  0x00000000   Number         0  printfstubs.o ABSOLUTE
    _printf_truncate_unsigned                0x00000000   Number         0  printfstubs.o ABSOLUTE
    _printf_u                                0x00000000   Number         0  printfstubs.o ABSOLUTE
    _printf_wc                               0x00000000   Number         0  printfstubs.o ABSOLUTE
    _printf_wctomb                           0x00000000   Number         0  printfstubs.o ABSOLUTE
    _printf_widthprec                        0x00000000   Number         0  printfstubs.o ABSOLUTE
    _printf_x                                0x00000000   Number         0  printfstubs.o ABSOLUTE
    __cpp_initialize__aeabi_                  - Undefined Weak Reference
    __cxa_finalize                            - Undefined Weak Reference
    _clock_init                               - Undefined Weak Reference
    _microlib_exit                            - Undefined Weak Reference
    __Vectors_Size                           0x000000ec   Number         0  startup_stm32f103xb.o ABSOLUTE
    __Vectors                                0x08000000   Data           4  startup_stm32f103xb.o(RESET)
    __Vectors_End                            0x080000ec   Data           0  startup_stm32f103xb.o(RESET)
    __main                                   0x080000ed   Thumb Code     0  entry.o(.ARM.Collect$$$$00000000)
    _main_stk                                0x080000ed   Thumb Code     0  entry2.o(.ARM.Collect$$$$00000001)
    _main_scatterload                        0x080000f1   Thumb Code     0  entry5.o(.ARM.Collect$$$$00000004)
    __main_after_scatterload                 0x080000f5   Thumb Code     0  entry5.o(.ARM.Collect$$$$00000004)
    _main_clock                              0x080000f5   Thumb Code     0  entry7b.o(.ARM.Collect$$$$00000008)
    _main_cpp_init                           0x080000f5   Thumb Code     0  entry8b.o(.ARM.Collect$$$$0000000A)
    _main_init                               0x080000f5   Thumb Code     0  entry9a.o(.ARM.Collect$$$$0000000B)
    __rt_final_cpp                           0x080000fd   Thumb Code     0  entry10a.o(.ARM.Collect$$$$0000000D)
    __rt_final_exit                          0x080000fd   Thumb Code     0  entry11a.o(.ARM.Collect$$$$0000000F)
    Reset_Handler                            0x08000101   Thumb Code     8  startup_stm32f103xb.o(.text)
    ADC1_2_IRQHandler                        0x0800011b   Thumb Code     0  startup_stm32f103xb.o(.text)
    CAN1_RX1_IRQHandler                      0x0800011b   Thumb Code     0  startup_stm32f103xb.o(.text)
    CAN1_SCE_IRQHandler                      0x0800011b   Thumb Code     0  startup_stm32f103xb.o(.text)
    DMA1_Channel1_IRQHandler                 0x0800011b   Thumb Code     0  startup_stm32f103xb.o(.text)
    DMA1_Channel2_IRQHandler                 0x0800011b   Thumb Code     0  startup_stm32f103xb.o(.text)
    DMA1_Channel3_IRQHandler                 0x0800011b   Thumb Code     0  startup_stm32f103xb.o(.text)
    DMA1_Channel4_IRQHandler                 0x0800011b   Thumb Code     0  startup_stm32f103xb.o(.text)
    DMA1_Channel5_IRQHandler                 0x0800011b   Thumb Code     0  startup_stm32f103xb.o(.text)
    DMA1_Channel6_IRQHandler                 0x0800011b   Thumb Code     0  startup_stm32f103xb.o(.text)
    DMA1_Channel7_IRQHandler                 0x0800011b   Thumb Code     0  startup_stm32f103xb.o(.text)
    EXTI0_IRQHandler                         0x0800011b   Thumb Code     0  startup_stm32f103xb.o(.text)
    EXTI1_IRQHandler                         0x0800011b   Thumb Code     0  startup_stm32f103xb.o(.text)
    EXTI2_IRQHandler                         0x0800011b   Thumb Code     0  startup_stm32f103xb.o(.text)
    EXTI3_IRQHandler                         0x0800011b   Thumb Code     0  startup_stm32f103xb.o(.text)
    EXTI9_5_IRQHandler                       0x0800011b   Thumb Code     0  startup_stm32f103xb.o(.text)
    FLASH_IRQHandler                         0x0800011b   Thumb Code     0  startup_stm32f103xb.o(.text)
    I2C1_ER_IRQHandler                       0x0800011b   Thumb Code     0  startup_stm32f103xb.o(.text)
    I2C1_EV_IRQHandler                       0x0800011b   Thumb Code     0  startup_stm32f103xb.o(.text)
    I2C2_ER_IRQHandler                       0x0800011b   Thumb Code     0  startup_stm32f103xb.o(.text)
    I2C2_EV_IRQHandler                       0x0800011b   Thumb Code     0  startup_stm32f103xb.o(.text)
    PVD_IRQHandler                           0x0800011b   Thumb Code     0  startup_stm32f103xb.o(.text)
    RCC_IRQHandler                           0x0800011b   Thumb Code     0  startup_stm32f103xb.o(.text)
    RTC_Alarm_IRQHandler                     0x0800011b   Thumb Code     0  startup_stm32f103xb.o(.text)
    RTC_IRQHandler                           0x0800011b   Thumb Code     0  startup_stm32f103xb.o(.text)
    SPI1_IRQHandler                          0x0800011b   Thumb Code     0  startup_stm32f103xb.o(.text)
    SPI2_IRQHandler                          0x0800011b   Thumb Code     0  startup_stm32f103xb.o(.text)
    TAMPER_IRQHandler                        0x0800011b   Thumb Code     0  startup_stm32f103xb.o(.text)
    TIM1_BRK_IRQHandler                      0x0800011b   Thumb Code     0  startup_stm32f103xb.o(.text)
    TIM1_CC_IRQHandler                       0x0800011b   Thumb Code     0  startup_stm32f103xb.o(.text)
    TIM1_TRG_COM_IRQHandler                  0x0800011b   Thumb Code     0  startup_stm32f103xb.o(.text)
    TIM1_UP_IRQHandler                       0x0800011b   Thumb Code     0  startup_stm32f103xb.o(.text)
    TIM3_IRQHandler                          0x0800011b   Thumb Code     0  startup_stm32f103xb.o(.text)
    TIM4_IRQHandler                          0x0800011b   Thumb Code     0  startup_stm32f103xb.o(.text)
    USART1_IRQHandler                        0x0800011b   Thumb Code     0  startup_stm32f103xb.o(.text)
    USART2_IRQHandler                        0x0800011b   Thumb Code     0  startup_stm32f103xb.o(.text)
    USART3_IRQHandler                        0x0800011b   Thumb Code     0  startup_stm32f103xb.o(.text)
    USBWakeUp_IRQHandler                     0x0800011b   Thumb Code     0  startup_stm32f103xb.o(.text)
    USB_HP_CAN1_TX_IRQHandler                0x0800011b   Thumb Code     0  startup_stm32f103xb.o(.text)
    USB_LP_CAN1_RX0_IRQHandler               0x0800011b   Thumb Code     0  startup_stm32f103xb.o(.text)
    WWDG_IRQHandler                          0x0800011b   Thumb Code     0  startup_stm32f103xb.o(.text)
    __aeabi_llsr                             0x08000125   Thumb Code    32  llushr.o(.text)
    _ll_ushift_r                             0x08000125   Thumb Code     0  llushr.o(.text)
    __aeabi_fadd                             0x08000145   Thumb Code   164  fadd.o(.text)
    __aeabi_fsub                             0x080001e9   Thumb Code     6  fadd.o(.text)
    __aeabi_frsub                            0x080001ef   Thumb Code     6  fadd.o(.text)
    __aeabi_fmul                             0x080001f5   Thumb Code   100  fmul.o(.text)
    __aeabi_fdiv                             0x08000259   Thumb Code   124  fdiv.o(.text)
    __aeabi_ui2f                             0x080002d5   Thumb Code    10  ffltui.o(.text)
    __aeabi_f2d                              0x080002df   Thumb Code    38  f2d.o(.text)
    __aeabi_uidiv                            0x08000305   Thumb Code     0  uidiv.o(.text)
    __aeabi_uidivmod                         0x08000305   Thumb Code    44  uidiv.o(.text)
    __aeabi_uldivmod                         0x08000331   Thumb Code    98  uldiv.o(.text)
    __I$use$fp                               0x08000393   Thumb Code     0  iusefp.o(.text)
    _float_round                             0x08000393   Thumb Code    18  fepilogue.o(.text)
    _float_epilogue                          0x080003a5   Thumb Code    92  fepilogue.o(.text)
    __aeabi_dadd                             0x08000401   Thumb Code   322  dadd.o(.text)
    __aeabi_dsub                             0x08000543   Thumb Code     6  dadd.o(.text)
    __aeabi_drsub                            0x08000549   Thumb Code     6  dadd.o(.text)
    __aeabi_dmul                             0x0800054f   Thumb Code   228  dmul.o(.text)
    __aeabi_ddiv                             0x08000633   Thumb Code   222  ddiv.o(.text)
    __aeabi_d2ulz                            0x08000711   Thumb Code    48  dfixul.o(.text)
    __aeabi_cdrcmple                         0x08000741   Thumb Code    48  cdrcmple.o(.text)
    __scatterload                            0x08000771   Thumb Code    28  init.o(.text)
    __scatterload_rt2                        0x08000771   Thumb Code     0  init.o(.text)
    __aeabi_llsl                             0x08000795   Thumb Code    30  llshl.o(.text)
    _ll_shift_l                              0x08000795   Thumb Code     0  llshl.o(.text)
    __aeabi_lasr                             0x080007b3   Thumb Code    36  llsshr.o(.text)
    _ll_sshift_r                             0x080007b3   Thumb Code     0  llsshr.o(.text)
    _double_round                            0x080007d7   Thumb Code    30  depilogue.o(.text)
    _double_epilogue                         0x080007f5   Thumb Code   156  depilogue.o(.text)
    __decompress                             0x08000891   Thumb Code     0  __dczerorl2.o(.text)
    __decompress1                            0x08000891   Thumb Code    86  __dczerorl2.o(.text)
    BEEP_Yell_Times                          0x080008e9   Thumb Code    64  beep.o(.text.BEEP_Yell_Times)
    BusFault_Handler                         0x08000929   Thumb Code     2  stm32f1xx_it.o(.text.BusFault_Handler)
    CheckCrc8                                0x0800092b   Thumb Code    48  sht30_i2c_drv.o(.text.CheckCrc8)
    DebugMon_Handler                         0x0800095b   Thumb Code     2  stm32f1xx_it.o(.text.DebugMon_Handler)
    EXTI15_10_IRQHandler                     0x0800095d   Thumb Code     8  stm32f1xx_it.o(.text.EXTI15_10_IRQHandler)
    EXTI4_IRQHandler                         0x08000965   Thumb Code     6  stm32f1xx_it.o(.text.EXTI4_IRQHandler)
    Error_Handler                            0x0800096b   Thumb Code     2  main.o(.text.Error_Handler)
    Esp_StatusConfirm                        0x0800096d   Thumb Code   128  esp.o(.text.Esp_StatusConfirm)
    HAL_CRC_Init                             0x080009ed   Thumb Code    32  stm32f1xx_hal_crc.o(.text.HAL_CRC_Init)
    HAL_CRC_MspInit                          0x08000a0d   Thumb Code    44  crc.o(.text.HAL_CRC_MspInit)
    HAL_Delay                                0x08000a39   Thumb Code    36  stm32f1xx_hal.o(.text.HAL_Delay)
    HAL_GPIO_EXTI_Callback                   0x08000a5d   Thumb Code    80  gpio.o(.text.HAL_GPIO_EXTI_Callback)
    HAL_GPIO_EXTI_IRQHandler                 0x08000aad   Thumb Code    20  stm32f1xx_hal_gpio.o(.text.HAL_GPIO_EXTI_IRQHandler)
    HAL_GPIO_Init                            0x08000ac1   Thumb Code   416  stm32f1xx_hal_gpio.o(.text.HAL_GPIO_Init)
    HAL_GPIO_ReadPin                         0x08000c61   Thumb Code    10  stm32f1xx_hal_gpio.o(.text.HAL_GPIO_ReadPin)
    HAL_GPIO_WritePin                        0x08000c6b   Thumb Code    10  stm32f1xx_hal_gpio.o(.text.HAL_GPIO_WritePin)
    HAL_GetTick                              0x08000c75   Thumb Code    12  stm32f1xx_hal.o(.text.HAL_GetTick)
    HAL_I2C_Init                             0x08000c81   Thumb Code   360  stm32f1xx_hal_i2c.o(.text.HAL_I2C_Init)
    HAL_I2C_Master_Receive                   0x08000de9   Thumb Code   808  stm32f1xx_hal_i2c.o(.text.HAL_I2C_Master_Receive)
    HAL_I2C_Master_Transmit                  0x08001111   Thumb Code   400  stm32f1xx_hal_i2c.o(.text.HAL_I2C_Master_Transmit)
    HAL_I2C_MspInit                          0x080012a1   Thumb Code   160  i2c.o(.text.HAL_I2C_MspInit)
    HAL_IncTick                              0x08001341   Thumb Code    20  stm32f1xx_hal.o(.text.HAL_IncTick)
    HAL_Init                                 0x08001355   Thumb Code    32  stm32f1xx_hal.o(.text.HAL_Init)
    HAL_InitTick                             0x08001375   Thumb Code    60  stm32f1xx_hal.o(.text.HAL_InitTick)
    HAL_MspInit                              0x080013b1   Thumb Code    68  stm32f1xx_hal_msp.o(.text.HAL_MspInit)
    HAL_NVIC_EnableIRQ                       0x080013f5   Thumb Code    28  stm32f1xx_hal_cortex.o(.text.HAL_NVIC_EnableIRQ)
    HAL_NVIC_SetPriority                     0x08001411   Thumb Code    56  stm32f1xx_hal_cortex.o(.text.HAL_NVIC_SetPriority)
    HAL_NVIC_SetPriorityGrouping             0x08001449   Thumb Code    32  stm32f1xx_hal_cortex.o(.text.HAL_NVIC_SetPriorityGrouping)
    HAL_RCC_ClockConfig                      0x08001469   Thumb Code   312  stm32f1xx_hal_rcc.o(.text.HAL_RCC_ClockConfig)
    HAL_RCC_GetPCLK1Freq                     0x080015a1   Thumb Code    20  stm32f1xx_hal_rcc.o(.text.HAL_RCC_GetPCLK1Freq)
    HAL_RCC_GetPCLK2Freq                     0x080015b5   Thumb Code    28  stm32f1xx_hal_rcc.o(.text.HAL_RCC_GetPCLK2Freq)
    HAL_RCC_GetSysClockFreq                  0x080015d1   Thumb Code    84  stm32f1xx_hal_rcc.o(.text.HAL_RCC_GetSysClockFreq)
    HAL_RCC_OscConfig                        0x08001625   Thumb Code   820  stm32f1xx_hal_rcc.o(.text.HAL_RCC_OscConfig)
    HAL_SYSTICK_Config                       0x08001959   Thumb Code    40  stm32f1xx_hal_cortex.o(.text.HAL_SYSTICK_Config)
    HAL_TIMEx_BreakCallback                  0x08001981   Thumb Code     2  stm32f1xx_hal_tim_ex.o(.text.HAL_TIMEx_BreakCallback)
    HAL_TIMEx_CommutCallback                 0x08001983   Thumb Code     2  stm32f1xx_hal_tim_ex.o(.text.HAL_TIMEx_CommutCallback)
    HAL_TIMEx_MasterConfigSynchronization    0x08001985   Thumb Code    58  stm32f1xx_hal_tim_ex.o(.text.HAL_TIMEx_MasterConfigSynchronization)
    HAL_TIM_Base_Init                        0x080019bf   Thumb Code    52  stm32f1xx_hal_tim.o(.text.HAL_TIM_Base_Init)
    HAL_TIM_Base_MspInit                     0x080019f5   Thumb Code    56  tim.o(.text.HAL_TIM_Base_MspInit)
    HAL_TIM_Base_Start_IT                    0x08001a2d   Thumb Code    32  stm32f1xx_hal_tim.o(.text.HAL_TIM_Base_Start_IT)
    HAL_TIM_ConfigClockSource                0x08001a4d   Thumb Code   244  stm32f1xx_hal_tim.o(.text.HAL_TIM_ConfigClockSource)
    HAL_TIM_IC_CaptureCallback               0x08001b41   Thumb Code     2  stm32f1xx_hal_tim.o(.text.HAL_TIM_IC_CaptureCallback)
    HAL_TIM_IRQHandler                       0x08001b43   Thumb Code   364  stm32f1xx_hal_tim.o(.text.HAL_TIM_IRQHandler)
    HAL_TIM_OC_DelayElapsedCallback          0x08001caf   Thumb Code     2  stm32f1xx_hal_tim.o(.text.HAL_TIM_OC_DelayElapsedCallback)
    HAL_TIM_PWM_PulseFinishedCallback        0x08001cb1   Thumb Code     2  stm32f1xx_hal_tim.o(.text.HAL_TIM_PWM_PulseFinishedCallback)
    HAL_TIM_PeriodElapsedCallback            0x08001cb5   Thumb Code    64  tim.o(.text.HAL_TIM_PeriodElapsedCallback)
    HAL_TIM_TriggerCallback                  0x08001cf5   Thumb Code     2  stm32f1xx_hal_tim.o(.text.HAL_TIM_TriggerCallback)
    HAL_UART_Init                            0x08001cf7   Thumb Code    92  stm32f1xx_hal_uart.o(.text.HAL_UART_Init)
    HAL_UART_MspInit                         0x08001d55   Thumb Code   116  usart.o(.text.HAL_UART_MspInit)
    HAL_UART_Transmit                        0x08001dc9   Thumb Code   172  stm32f1xx_hal_uart.o(.text.HAL_UART_Transmit)
    HardFault_Handler                        0x08001e75   Thumb Code     2  stm32f1xx_it.o(.text.HardFault_Handler)
    Humidifier_Off                           0x08001e79   Thumb Code    12  humidifiercontrol.o(.text.Humidifier_Off)
    Humidifier_On                            0x08001e85   Thumb Code    16  humidifiercontrol.o(.text.Humidifier_On)
    Humidifier_Play                          0x08001e95   Thumb Code   152  humidifiercontrol.o(.text.Humidifier_Play)
    MX_CRC_Init                              0x08002161   Thumb Code    32  crc.o(.text.MX_CRC_Init)
    MX_GPIO_Init                             0x08002181   Thumb Code   264  gpio.o(.text.MX_GPIO_Init)
    MX_I2C1_Init                             0x08002289   Thumb Code    56  i2c.o(.text.MX_I2C1_Init)
    MX_I2C2_Init                             0x080022c1   Thumb Code    60  i2c.o(.text.MX_I2C2_Init)
    MX_TIM2_Init                             0x080022fd   Thumb Code   108  tim.o(.text.MX_TIM2_Init)
    MX_USART1_UART_Init                      0x08002369   Thumb Code    56  usart.o(.text.MX_USART1_UART_Init)
    MemManage_Handler                        0x080023a1   Thumb Code     2  stm32f1xx_it.o(.text.MemManage_Handler)
    NMI_Handler                              0x080023a3   Thumb Code     2  stm32f1xx_it.o(.text.NMI_Handler)
    OLED_Clear                               0x080023a5   Thumb Code    52  oled.o(.text.OLED_Clear)
    OLED_Display                             0x080023d9   Thumb Code   244  usermain.o(.text.OLED_Display)
    OLED_DrawBMP                             0x080024cd   Thumb Code    62  oled.o(.text.OLED_DrawBMP)
    OLED_Init                                0x0800250d   Thumb Code   140  oled.o(.text.OLED_Init)
    OLED_Set_Pos                             0x08002599   Thumb Code    40  oled.o(.text.OLED_Set_Pos)
    OLED_ShowChar                            0x080025c1   Thumb Code   140  oled.o(.text.OLED_ShowChar)
    OLED_ShowNum                             0x0800264d   Thumb Code   146  oled.o(.text.OLED_ShowNum)
    OLED_ShowString                          0x080026df   Thumb Code    50  oled.o(.text.OLED_ShowString)
    PendSV_Handler                           0x0800275d   Thumb Code     2  stm32f1xx_it.o(.text.PendSV_Handler)
    SHT30_Dat_To_Float                       0x08002761   Thumb Code   116  sht30_i2c_drv.o(.text.SHT30_Dat_To_Float)
    SHT30_Init                               0x080027d5   Thumb Code     8  sht30_i2c_drv.o(.text.SHT30_Init)
    SHT30_Read_Dat                           0x080027dd   Thumb Code    32  sht30_i2c_drv.o(.text.SHT30_Read_Dat)
    SHT30_Reset                              0x080027fd   Thumb Code    20  sht30_i2c_drv.o(.text.SHT30_Reset)
    SHT30_Update                             0x08002835   Thumb Code   220  sht30_i2c_drv.o(.text.SHT30_Update)
    SVC_Handler                              0x08002911   Thumb Code     2  stm32f1xx_it.o(.text.SVC_Handler)
    SysTick_Handler                          0x08002913   Thumb Code     4  stm32f1xx_it.o(.text.SysTick_Handler)
    SystemClock_Config                       0x08002917   Thumb Code    74  main.o(.text.SystemClock_Config)
    SystemInit                               0x08002961   Thumb Code    76  system_stm32f1xx.o(.text.SystemInit)
    TIM2_IRQHandler                          0x080029ad   Thumb Code     8  stm32f1xx_it.o(.text.TIM2_IRQHandler)
    TIM_Base_SetConfig                       0x080029b5   Thumb Code   112  stm32f1xx_hal_tim.o(.text.TIM_Base_SetConfig)
    UsageFault_Handler                       0x08002b41   Thumb Code     2  stm32f1xx_it.o(.text.UsageFault_Handler)
    UserInit                                 0x08002b45   Thumb Code   116  usermain.o(.text.UserInit)
    User_Update                              0x08002bb9   Thumb Code    32  usermain.o(.text.User_Update)
    Usermain                                 0x08002bd9   Thumb Code   148  usermain.o(.text.Usermain)
    fputc                                    0x08002c91   Thumb Code    32  usermain.o(.text.fputc)
    main                                     0x08002cb1   Thumb Code    48  main.o(.text.main)
    __0printf                                0x08002ce1   Thumb Code    22  printfa.o(i.__0printf)
    __1printf                                0x08002ce1   Thumb Code     0  printfa.o(i.__0printf)
    __2printf                                0x08002ce1   Thumb Code     0  printfa.o(i.__0printf)
    __c89printf                              0x08002ce1   Thumb Code     0  printfa.o(i.__0printf)
    printf                                   0x08002ce1   Thumb Code     0  printfa.o(i.__0printf)
    __0sprintf                               0x08002d01   Thumb Code    34  printfa.o(i.__0sprintf)
    __1sprintf                               0x08002d01   Thumb Code     0  printfa.o(i.__0sprintf)
    __2sprintf                               0x08002d01   Thumb Code     0  printfa.o(i.__0sprintf)
    __c89sprintf                             0x08002d01   Thumb Code     0  printfa.o(i.__0sprintf)
    sprintf                                  0x08002d01   Thumb Code     0  printfa.o(i.__0sprintf)
    __scatterload_copy                       0x08002d29   Thumb Code    14  handlers.o(i.__scatterload_copy)
    __scatterload_null                       0x08002d37   Thumb Code     2  handlers.o(i.__scatterload_null)
    __scatterload_zeroinit                   0x08002d39   Thumb Code    14  handlers.o(i.__scatterload_zeroinit)
    puts                                     0x08003605   Thumb Code    30  puts.o(i.puts)
    AHBPrescTable                            0x08003628   Data          16  system_stm32f1xx.o(.rodata.AHBPrescTable)
    APBPrescTable                            0x08003638   Data           8  system_stm32f1xx.o(.rodata.APBPrescTable)
    F6x8                                     0x08003640   Data         552  oled.o(.rodata.F6x8)
    F8X16                                    0x08003868   Data        1520  oled.o(.rodata.F8X16)
    Region$$Table$$Base                      0x08003e68   Number         0  anon$$obj.o(Region$$Table)
    Region$$Table$$Limit                     0x08003e88   Number         0  anon$$obj.o(Region$$Table)
    __stdout                                 0x20000000   Data           4  stdout.o(.data)
    uwTickFreq                               0x20000004   Data           1  stm32f1xx_hal.o(.data..L_MergedGlobals)
    uwTickPrio                               0x20000008   Data           4  stm32f1xx_hal.o(.data..L_MergedGlobals)
    AntiBur_Flag                             0x2000000c   Data           1  humidifiercontrol.o(.data.AntiBur_Flag)
    BMP1                                     0x2000000d   Data        1024  oled.o(.data.BMP1)
    SHT30Update_Flag                         0x2000040d   Data           1  sht30_i2c_drv.o(.data.SHT30Update_Flag)
    SystemCoreClock                          0x20000410   Data           4  system_stm32f1xx.o(.data.SystemCoreClock)
    Timer_Cnt                                0x20000418   Data           2  tim.o(.bss..L_MergedGlobals)
    htim2                                    0x2000041c   Data          64  tim.o(.bss..L_MergedGlobals)
    temperature                              0x2000045c   Data           4  sht30_i2c_drv.o(.bss..L_MergedGlobals)
    humidity                                 0x20000460   Data           4  sht30_i2c_drv.o(.bss..L_MergedGlobals)
    recv_dat                                 0x20000464   Data           6  sht30_i2c_drv.o(.bss..L_MergedGlobals)
    TEMP                                     0x2000046a   Data          45  sht30_i2c_drv.o(.bss..L_MergedGlobals)
    HUMI                                     0x20000497   Data          45  sht30_i2c_drv.o(.bss..L_MergedGlobals)
    Esp_Sta                                  0x200004c4   Data           1  esp.o(.bss.Esp_Sta)
    Hum_Mod                                  0x200004c5   Data           1  humidifiercontrol.o(.bss.Hum_Mod)
    hcrc                                     0x200004c8   Data           8  crc.o(.bss.hcrc)
    hi2c1                                    0x200004d0   Data          84  i2c.o(.bss.hi2c1)
    hi2c2                                    0x20000524   Data          84  i2c.o(.bss.hi2c2)
    huart1                                   0x20000578   Data          64  usart.o(.bss.huart1)
    uwTick                                   0x200005b8   Data           4  stm32f1xx_hal.o(.bss.uwTick)
    __initial_sp                             0x200009c0   Data           0  startup_stm32f103xb.o(STACK)



==============================================================================

Memory Map of the image

  Image Entry point : 0x080000ed

  Load Region LR_IROM1 (Base: 0x08000000, Size: 0x000042a0, Max: 0x00010000, ABSOLUTE, COMPRESSED[0x00003f88])

    Execution Region ER_IROM1 (Exec base: 0x08000000, Load base: 0x08000000, Size: 0x00003e88, Max: 0x00010000, ABSOLUTE)

    Exec Addr    Load Addr    Size         Type   Attr      Idx    E Section Name        Object

    0x08000000   0x08000000   0x000000ec   Data   RO            3    RESET               startup_stm32f103xb.o
    0x080000ec   0x080000ec   0x00000000   Code   RO         1213  * .ARM.Collect$$$$00000000  mc_w.l(entry.o)
    0x080000ec   0x080000ec   0x00000004   Code   RO         1493    .ARM.Collect$$$$00000001  mc_w.l(entry2.o)
    0x080000f0   0x080000f0   0x00000004   Code   RO         1496    .ARM.Collect$$$$00000004  mc_w.l(entry5.o)
    0x080000f4   0x080000f4   0x00000000   Code   RO         1498    .ARM.Collect$$$$00000008  mc_w.l(entry7b.o)
    0x080000f4   0x080000f4   0x00000000   Code   RO         1500    .ARM.Collect$$$$0000000A  mc_w.l(entry8b.o)
    0x080000f4   0x080000f4   0x00000008   Code   RO         1501    .ARM.Collect$$$$0000000B  mc_w.l(entry9a.o)
    0x080000fc   0x080000fc   0x00000000   Code   RO         1503    .ARM.Collect$$$$0000000D  mc_w.l(entry10a.o)
    0x080000fc   0x080000fc   0x00000000   Code   RO         1505    .ARM.Collect$$$$0000000F  mc_w.l(entry11a.o)
    0x080000fc   0x080000fc   0x00000004   Code   RO         1494    .ARM.Collect$$$$00002712  mc_w.l(entry2.o)
    0x08000100   0x08000100   0x00000024   Code   RO            4    .text               startup_stm32f103xb.o
    0x08000124   0x08000124   0x00000020   Code   RO         1220    .text               mc_w.l(llushr.o)
    0x08000144   0x08000144   0x000000b0   Code   RO         1483    .text               mf_w.l(fadd.o)
    0x080001f4   0x080001f4   0x00000064   Code   RO         1485    .text               mf_w.l(fmul.o)
    0x08000258   0x08000258   0x0000007c   Code   RO         1487    .text               mf_w.l(fdiv.o)
    0x080002d4   0x080002d4   0x0000000a   Code   RO         1489    .text               mf_w.l(ffltui.o)
    0x080002de   0x080002de   0x00000026   Code   RO         1491    .text               mf_w.l(f2d.o)
    0x08000304   0x08000304   0x0000002c   Code   RO         1508    .text               mc_w.l(uidiv.o)
    0x08000330   0x08000330   0x00000062   Code   RO         1510    .text               mc_w.l(uldiv.o)
    0x08000392   0x08000392   0x00000000   Code   RO         1512    .text               mc_w.l(iusefp.o)
    0x08000392   0x08000392   0x0000006e   Code   RO         1513    .text               mf_w.l(fepilogue.o)
    0x08000400   0x08000400   0x0000014e   Code   RO         1515    .text               mf_w.l(dadd.o)
    0x0800054e   0x0800054e   0x000000e4   Code   RO         1517    .text               mf_w.l(dmul.o)
    0x08000632   0x08000632   0x000000de   Code   RO         1519    .text               mf_w.l(ddiv.o)
    0x08000710   0x08000710   0x00000030   Code   RO         1521    .text               mf_w.l(dfixul.o)
    0x08000740   0x08000740   0x00000030   Code   RO         1523    .text               mf_w.l(cdrcmple.o)
    0x08000770   0x08000770   0x00000024   Code   RO         1525    .text               mc_w.l(init.o)
    0x08000794   0x08000794   0x0000001e   Code   RO         1527    .text               mc_w.l(llshl.o)
    0x080007b2   0x080007b2   0x00000024   Code   RO         1529    .text               mc_w.l(llsshr.o)
    0x080007d6   0x080007d6   0x000000ba   Code   RO         1531    .text               mf_w.l(depilogue.o)
    0x08000890   0x08000890   0x00000056   Code   RO         1541    .text               mc_w.l(__dczerorl2.o)
    0x080008e6   0x080008e6   0x00000002   PAD
    0x080008e8   0x080008e8   0x00000040   Code   RO         1195    .text.BEEP_Yell_Times  beep.o
    0x08000928   0x08000928   0x00000002   Code   RO          108    .text.BusFault_Handler  stm32f1xx_it.o
    0x0800092a   0x0800092a   0x00000030   Code   RO         1136    .text.CheckCrc8     sht30_i2c_drv.o
    0x0800095a   0x0800095a   0x00000002   Code   RO          114    .text.DebugMon_Handler  stm32f1xx_it.o
    0x0800095c   0x0800095c   0x00000008   Code   RO          124    .text.EXTI15_10_IRQHandler  stm32f1xx_it.o
    0x08000964   0x08000964   0x00000006   Code   RO          120    .text.EXTI4_IRQHandler  stm32f1xx_it.o
    0x0800096a   0x0800096a   0x00000002   Code   RO           15    .text.Error_Handler  main.o
    0x0800096c   0x0800096c   0x00000080   Code   RO         1205    .text.Esp_StatusConfirm  esp.o
    0x080009ec   0x080009ec   0x00000020   Code   RO          156    .text.HAL_CRC_Init  stm32f1xx_hal_crc.o
    0x08000a0c   0x08000a0c   0x0000002c   Code   RO           39    .text.HAL_CRC_MspInit  crc.o
    0x08000a38   0x08000a38   0x00000024   Code   RO          198    .text.HAL_Delay     stm32f1xx_hal.o
    0x08000a5c   0x08000a5c   0x00000050   Code   RO           27    .text.HAL_GPIO_EXTI_Callback  gpio.o
    0x08000aac   0x08000aac   0x00000014   Code   RO          300    .text.HAL_GPIO_EXTI_IRQHandler  stm32f1xx_hal_gpio.o
    0x08000ac0   0x08000ac0   0x000001a0   Code   RO          288    .text.HAL_GPIO_Init  stm32f1xx_hal_gpio.o
    0x08000c60   0x08000c60   0x0000000a   Code   RO          292    .text.HAL_GPIO_ReadPin  stm32f1xx_hal_gpio.o
    0x08000c6a   0x08000c6a   0x0000000a   Code   RO          294    .text.HAL_GPIO_WritePin  stm32f1xx_hal_gpio.o
    0x08000c74   0x08000c74   0x0000000c   Code   RO          190    .text.HAL_GetTick   stm32f1xx_hal.o
    0x08000c80   0x08000c80   0x00000168   Code   RO          519    .text.HAL_I2C_Init  stm32f1xx_hal_i2c.o
    0x08000de8   0x08000de8   0x00000328   Code   RO          535    .text.HAL_I2C_Master_Receive  stm32f1xx_hal_i2c.o
    0x08001110   0x08001110   0x00000190   Code   RO          527    .text.HAL_I2C_Master_Transmit  stm32f1xx_hal_i2c.o
    0x080012a0   0x080012a0   0x000000a0   Code   RO           56    .text.HAL_I2C_MspInit  i2c.o
    0x08001340   0x08001340   0x00000014   Code   RO          188    .text.HAL_IncTick   stm32f1xx_hal.o
    0x08001354   0x08001354   0x00000020   Code   RO          178    .text.HAL_Init      stm32f1xx_hal.o
    0x08001374   0x08001374   0x0000003c   Code   RO          180    .text.HAL_InitTick  stm32f1xx_hal.o
    0x080013b0   0x080013b0   0x00000044   Code   RO          133    .text.HAL_MspInit   stm32f1xx_hal_msp.o
    0x080013f4   0x080013f4   0x0000001c   Code   RO          352    .text.HAL_NVIC_EnableIRQ  stm32f1xx_hal_cortex.o
    0x08001410   0x08001410   0x00000038   Code   RO          348    .text.HAL_NVIC_SetPriority  stm32f1xx_hal_cortex.o
    0x08001448   0x08001448   0x00000020   Code   RO          346    .text.HAL_NVIC_SetPriorityGrouping  stm32f1xx_hal_cortex.o
    0x08001468   0x08001468   0x00000138   Code   RO          242    .text.HAL_RCC_ClockConfig  stm32f1xx_hal_rcc.o
    0x080015a0   0x080015a0   0x00000014   Code   RO          254    .text.HAL_RCC_GetPCLK1Freq  stm32f1xx_hal_rcc.o
    0x080015b4   0x080015b4   0x0000001c   Code   RO          256    .text.HAL_RCC_GetPCLK2Freq  stm32f1xx_hal_rcc.o
    0x080015d0   0x080015d0   0x00000054   Code   RO          244    .text.HAL_RCC_GetSysClockFreq  stm32f1xx_hal_rcc.o
    0x08001624   0x08001624   0x00000334   Code   RO          240    .text.HAL_RCC_OscConfig  stm32f1xx_hal_rcc.o
    0x08001958   0x08001958   0x00000028   Code   RO          360    .text.HAL_SYSTICK_Config  stm32f1xx_hal_cortex.o
    0x08001980   0x08001980   0x00000002   Code   RO          953    .text.HAL_TIMEx_BreakCallback  stm32f1xx_hal_tim_ex.o
    0x08001982   0x08001982   0x00000002   Code   RO          949    .text.HAL_TIMEx_CommutCallback  stm32f1xx_hal_tim_ex.o
    0x08001984   0x08001984   0x0000003a   Code   RO          943    .text.HAL_TIMEx_MasterConfigSynchronization  stm32f1xx_hal_tim_ex.o
    0x080019be   0x080019be   0x00000034   Code   RO          649    .text.HAL_TIM_Base_Init  stm32f1xx_hal_tim.o
    0x080019f2   0x080019f2   0x00000002   PAD
    0x080019f4   0x080019f4   0x00000038   Code   RO           72    .text.HAL_TIM_Base_MspInit  tim.o
    0x08001a2c   0x08001a2c   0x00000020   Code   RO          663    .text.HAL_TIM_Base_Start_IT  stm32f1xx_hal_tim.o
    0x08001a4c   0x08001a4c   0x000000f4   Code   RO          833    .text.HAL_TIM_ConfigClockSource  stm32f1xx_hal_tim.o
    0x08001b40   0x08001b40   0x00000002   Code   RO          785    .text.HAL_TIM_IC_CaptureCallback  stm32f1xx_hal_tim.o
    0x08001b42   0x08001b42   0x0000016c   Code   RO          783    .text.HAL_TIM_IRQHandler  stm32f1xx_hal_tim.o
    0x08001cae   0x08001cae   0x00000002   Code   RO          787    .text.HAL_TIM_OC_DelayElapsedCallback  stm32f1xx_hal_tim.o
    0x08001cb0   0x08001cb0   0x00000002   Code   RO          789    .text.HAL_TIM_PWM_PulseFinishedCallback  stm32f1xx_hal_tim.o
    0x08001cb2   0x08001cb2   0x00000002   PAD
    0x08001cb4   0x08001cb4   0x00000040   Code   RO           76    .text.HAL_TIM_PeriodElapsedCallback  tim.o
    0x08001cf4   0x08001cf4   0x00000002   Code   RO          793    .text.HAL_TIM_TriggerCallback  stm32f1xx_hal_tim.o
    0x08001cf6   0x08001cf6   0x0000005c   Code   RO          965    .text.HAL_UART_Init  stm32f1xx_hal_uart.o
    0x08001d52   0x08001d52   0x00000002   PAD
    0x08001d54   0x08001d54   0x00000074   Code   RO           89    .text.HAL_UART_MspInit  usart.o
    0x08001dc8   0x08001dc8   0x000000ac   Code   RO          981    .text.HAL_UART_Transmit  stm32f1xx_hal_uart.o
    0x08001e74   0x08001e74   0x00000002   Code   RO          104    .text.HardFault_Handler  stm32f1xx_it.o
    0x08001e76   0x08001e76   0x00000002   PAD
    0x08001e78   0x08001e78   0x0000000c   Code   RO         1115    .text.Humidifier_Off  humidifiercontrol.o
    0x08001e84   0x08001e84   0x00000010   Code   RO         1113    .text.Humidifier_On  humidifiercontrol.o
    0x08001e94   0x08001e94   0x00000098   Code   RO         1117    .text.Humidifier_Play  humidifiercontrol.o
    0x08001f2c   0x08001f2c   0x00000030   Code   RO          639    .text.I2C_IsAcknowledgeFailed  stm32f1xx_hal_i2c.o
    0x08001f5c   0x08001f5c   0x0000004c   Code   RO          533    .text.I2C_WaitOnBTFFlagUntilTimeout  stm32f1xx_hal_i2c.o
    0x08001fa8   0x08001fa8   0x00000076   Code   RO          529    .text.I2C_WaitOnFlagUntilTimeout  stm32f1xx_hal_i2c.o
    0x0800201e   0x0800201e   0x00000096   Code   RO          637    .text.I2C_WaitOnMasterAddressFlagUntilTimeout  stm32f1xx_hal_i2c.o
    0x080020b4   0x080020b4   0x0000005e   Code   RO          537    .text.I2C_WaitOnRXNEFlagUntilTimeout  stm32f1xx_hal_i2c.o
    0x08002112   0x08002112   0x0000004c   Code   RO          531    .text.I2C_WaitOnTXEFlagUntilTimeout  stm32f1xx_hal_i2c.o
    0x0800215e   0x0800215e   0x00000002   PAD
    0x08002160   0x08002160   0x00000020   Code   RO           37    .text.MX_CRC_Init   crc.o
    0x08002180   0x08002180   0x00000108   Code   RO           25    .text.MX_GPIO_Init  gpio.o
    0x08002288   0x08002288   0x00000038   Code   RO           52    .text.MX_I2C1_Init  i2c.o
    0x080022c0   0x080022c0   0x0000003c   Code   RO           54    .text.MX_I2C2_Init  i2c.o
    0x080022fc   0x080022fc   0x0000006c   Code   RO           70    .text.MX_TIM2_Init  tim.o
    0x08002368   0x08002368   0x00000038   Code   RO           87    .text.MX_USART1_UART_Init  usart.o
    0x080023a0   0x080023a0   0x00000002   Code   RO          106    .text.MemManage_Handler  stm32f1xx_it.o
    0x080023a2   0x080023a2   0x00000002   Code   RO          102    .text.NMI_Handler   stm32f1xx_it.o
    0x080023a4   0x080023a4   0x00000034   Code   RO         1161    .text.OLED_Clear    oled.o
    0x080023d8   0x080023d8   0x000000f4   Code   RO         1098    .text.OLED_Display  usermain.o
    0x080024cc   0x080024cc   0x0000003e   Code   RO         1175    .text.OLED_DrawBMP  oled.o
    0x0800250a   0x0800250a   0x00000002   PAD
    0x0800250c   0x0800250c   0x0000008c   Code   RO         1177    .text.OLED_Init     oled.o
    0x08002598   0x08002598   0x00000028   Code   RO         1153    .text.OLED_Set_Pos  oled.o
    0x080025c0   0x080025c0   0x0000008c   Code   RO         1167    .text.OLED_ShowChar  oled.o
    0x0800264c   0x0800264c   0x00000092   Code   RO         1169    .text.OLED_ShowNum  oled.o
    0x080026de   0x080026de   0x00000032   Code   RO         1171    .text.OLED_ShowString  oled.o
    0x08002710   0x08002710   0x00000024   Code   RO         1155    .text.OLED_Write_Cmd  oled.o
    0x08002734   0x08002734   0x00000028   Code   RO         1163    .text.OLED_Write_Dat  oled.o
    0x0800275c   0x0800275c   0x00000002   Code   RO          116    .text.PendSV_Handler  stm32f1xx_it.o
    0x0800275e   0x0800275e   0x00000002   PAD
    0x08002760   0x08002760   0x00000074   Code   RO         1138    .text.SHT30_Dat_To_Float  sht30_i2c_drv.o
    0x080027d4   0x080027d4   0x00000008   Code   RO         1132    .text.SHT30_Init    sht30_i2c_drv.o
    0x080027dc   0x080027dc   0x00000020   Code   RO         1134    .text.SHT30_Read_Dat  sht30_i2c_drv.o
    0x080027fc   0x080027fc   0x00000014   Code   RO         1128    .text.SHT30_Reset   sht30_i2c_drv.o
    0x08002810   0x08002810   0x00000024   Code   RO         1130    .text.SHT30_Send_Cmd  sht30_i2c_drv.o
    0x08002834   0x08002834   0x000000dc   Code   RO         1140    .text.SHT30_Update  sht30_i2c_drv.o
    0x08002910   0x08002910   0x00000002   Code   RO          112    .text.SVC_Handler   stm32f1xx_it.o
    0x08002912   0x08002912   0x00000004   Code   RO          118    .text.SysTick_Handler  stm32f1xx_it.o
    0x08002916   0x08002916   0x0000004a   Code   RO           13    .text.SystemClock_Config  main.o
    0x08002960   0x08002960   0x0000004c   Code   RO         1077    .text.SystemInit    system_stm32f1xx.o
    0x080029ac   0x080029ac   0x00000008   Code   RO          122    .text.TIM2_IRQHandler  stm32f1xx_it.o
    0x080029b4   0x080029b4   0x00000070   Code   RO          653    .text.TIM_Base_SetConfig  stm32f1xx_hal_tim.o
    0x08002a24   0x08002a24   0x00000022   Code   RO          835    .text.TIM_TI1_ConfigInputStage  stm32f1xx_hal_tim.o
    0x08002a46   0x08002a46   0x00000022   Code   RO          837    .text.TIM_TI2_ConfigInputStage  stm32f1xx_hal_tim.o
    0x08002a68   0x08002a68   0x00000080   Code   RO          969    .text.UART_SetConfig  stm32f1xx_hal_uart.o
    0x08002ae8   0x08002ae8   0x00000058   Code   RO          983    .text.UART_WaitOnFlagUntilTimeout  stm32f1xx_hal_uart.o
    0x08002b40   0x08002b40   0x00000002   Code   RO          110    .text.UsageFault_Handler  stm32f1xx_it.o
    0x08002b42   0x08002b42   0x00000002   PAD
    0x08002b44   0x08002b44   0x00000074   Code   RO         1094    .text.UserInit      usermain.o
    0x08002bb8   0x08002bb8   0x00000020   Code   RO         1096    .text.User_Update   usermain.o
    0x08002bd8   0x08002bd8   0x00000094   Code   RO         1092    .text.Usermain      usermain.o
    0x08002c6c   0x08002c6c   0x00000024   Code   RO          350    .text.__NVIC_SetPriority  stm32f1xx_hal_cortex.o
    0x08002c90   0x08002c90   0x00000020   Code   RO         1100    .text.fputc         usermain.o
    0x08002cb0   0x08002cb0   0x00000030   Code   RO           11    .text.main          main.o
    0x08002ce0   0x08002ce0   0x00000020   Code   RO         1455    i.__0printf         mc_w.l(printfa.o)
    0x08002d00   0x08002d00   0x00000028   Code   RO         1457    i.__0sprintf        mc_w.l(printfa.o)
    0x08002d28   0x08002d28   0x0000000e   Code   RO         1535    i.__scatterload_copy  mc_w.l(handlers.o)
    0x08002d36   0x08002d36   0x00000002   Code   RO         1536    i.__scatterload_null  mc_w.l(handlers.o)
    0x08002d38   0x08002d38   0x0000000e   Code   RO         1537    i.__scatterload_zeroinit  mc_w.l(handlers.o)
    0x08002d46   0x08002d46   0x00000002   PAD
    0x08002d48   0x08002d48   0x00000184   Code   RO         1462    i._fp_digits        mc_w.l(printfa.o)
    0x08002ecc   0x08002ecc   0x000006dc   Code   RO         1463    i._printf_core      mc_w.l(printfa.o)
    0x080035a8   0x080035a8   0x00000024   Code   RO         1464    i._printf_post_padding  mc_w.l(printfa.o)
    0x080035cc   0x080035cc   0x0000002e   Code   RO         1465    i._printf_pre_padding  mc_w.l(printfa.o)
    0x080035fa   0x080035fa   0x0000000a   Code   RO         1467    i._sputc            mc_w.l(printfa.o)
    0x08003604   0x08003604   0x00000024   Code   RO         1216    i.puts              mc_w.l(puts.o)
    0x08003628   0x08003628   0x00000010   Data   RO         1082    .rodata.AHBPrescTable  system_stm32f1xx.o
    0x08003638   0x08003638   0x00000008   Data   RO         1083    .rodata.APBPrescTable  system_stm32f1xx.o
    0x08003640   0x08003640   0x00000228   Data   RO         1179    .rodata.F6x8        oled.o
    0x08003868   0x08003868   0x000005f0   Data   RO         1180    .rodata.F8X16       oled.o
    0x08003e58   0x08003e58   0x00000008   Data   RO         1104    .rodata.str1.1      usermain.o
    0x08003e60   0x08003e60   0x00000005   Data   RO         1143    .rodata.str1.1      sht30_i2c_drv.o
    0x08003e65   0x08003e65   0x00000003   PAD
    0x08003e68   0x08003e68   0x00000020   Data   RO         1534    Region$$Table       anon$$obj.o


    Execution Region RW_IRAM1 (Exec base: 0x20000000, Load base: 0x08003e88, Size: 0x000009c0, Max: 0x00005000, ABSOLUTE, COMPRESSED[0x00000100])

    Exec Addr    Load Addr    Size         Type   Attr      Idx    E Section Name        Object

    0x20000000   COMPRESSED   0x00000004   Data   RW         1507    .data               mc_w.l(stdout.o)
    0x20000004   COMPRESSED   0x00000008   Data   RW          229    .data..L_MergedGlobals  stm32f1xx_hal.o
    0x2000000c   COMPRESSED   0x00000001   Data   RW         1120    .data.AntiBur_Flag  humidifiercontrol.o
    0x2000000d   COMPRESSED   0x00000400   Data   RW         1182    .data.BMP1          oled.o
    0x2000040d   COMPRESSED   0x00000001   Data   RW         1142    .data.SHT30Update_Flag  sht30_i2c_drv.o
    0x2000040e   COMPRESSED   0x00000002   PAD
    0x20000410   COMPRESSED   0x00000004   Data   RW         1081    .data.SystemCoreClock  system_stm32f1xx.o
    0x20000414   COMPRESSED   0x00000004   PAD
    0x20000418        -       0x00000044   Zero   RW           78    .bss..L_MergedGlobals  tim.o
    0x2000045c        -       0x00000068   Zero   RW         1144    .bss..L_MergedGlobals  sht30_i2c_drv.o
    0x200004c4        -       0x00000001   Zero   RW         1207    .bss.Esp_Sta        esp.o
    0x200004c5        -       0x00000001   Zero   RW         1119    .bss.Hum_Mod        humidifiercontrol.o
    0x200004c6   COMPRESSED   0x00000002   PAD
    0x200004c8        -       0x00000008   Zero   RW           43    .bss.hcrc           crc.o
    0x200004d0        -       0x00000054   Zero   RW           60    .bss.hi2c1          i2c.o
    0x20000524        -       0x00000054   Zero   RW           61    .bss.hi2c2          i2c.o
    0x20000578        -       0x00000040   Zero   RW           93    .bss.huart1         usart.o
    0x200005b8        -       0x00000004   Zero   RW          228    .bss.uwTick         stm32f1xx_hal.o
    0x200005bc   COMPRESSED   0x00000004   PAD
    0x200005c0        -       0x00000400   Zero   RW            1    STACK               startup_stm32f103xb.o


==============================================================================

Image component sizes


      Code (inc. data)   RO Data    RW Data    ZI Data      Debug   Object Name

        64          0          0          0          0       1479   beep.o
        76         16          0          0          8       2064   crc.o
       128         36          0          0          1       1026   esp.o
       344         24          0          0          0       3065   gpio.o
       180          8          0          1          1       1325   humidifiercontrol.o
       276         32          0          0        168       4557   i2c.o
       124          4          0          0          0       1619   main.o
       706         16       2072       1024          0       5338   oled.o
       480        108          5          1        104       3259   sht30_i2c_drv.o
        36          8        236          0       1024        788   startup_stm32f103xb.o
       160         16          0          8          4       5806   stm32f1xx_hal.o
       192         28          0          0          0       8316   stm32f1xx_hal_cortex.o
        32          0          0          0          0       3036   stm32f1xx_hal_crc.o
       456         60          0          0          0       4507   stm32f1xx_hal_gpio.o
      2130         28          0          0          0      36775   stm32f1xx_hal_i2c.o
        68          8          0          0          0       1200   stm32f1xx_hal_msp.o
      1264         68          0          0          0       7201   stm32f1xx_hal_rcc.o
       880         12          0          0          0      37598   stm32f1xx_hal_tim.o
        62          0          0          0          0      14210   stm32f1xx_hal_tim_ex.o
       480          4          0          0          0      16701   stm32f1xx_hal_uart.o
        42          0          0          0          0       1407   stm32f1xx_it.o
        76         16         24          4          0       2118   system_stm32f1xx.o
       228         20          0          0         68       5450   tim.o
       172         12          0          0         64       3990   usart.o
       572        200          8          0          0       1791   usermain.o

    ----------------------------------------------------------------------
      9244        724       2380       1040       1452     174626   Object Totals
         0          0         32          0          0          0   (incl. Generated)
        16          0          3          2         10          0   (incl. Padding)

    ----------------------------------------------------------------------

      Code (inc. data)   RO Data    RW Data    ZI Data      Debug   Library Member Name

        86          0          0          0          0          0   __dczerorl2.o
         0          0          0          0          0          0   entry.o
         0          0          0          0          0          0   entry10a.o
         0          0          0          0          0          0   entry11a.o
         8          4          0          0          0          0   entry2.o
         4          0          0          0          0          0   entry5.o
         0          0          0          0          0          0   entry7b.o
         0          0          0          0          0          0   entry8b.o
         8          4          0          0          0          0   entry9a.o
        30          0          0          0          0          0   handlers.o
        36          8          0          0          0         68   init.o
         0          0          0          0          0          0   iusefp.o
        30          0          0          0          0         68   llshl.o
        36          0          0          0          0         68   llsshr.o
        32          0          0          0          0         68   llushr.o
      2308         96          0          0          0        604   printfa.o
        36          6          0          0          0         80   puts.o
         0          0          0          4          0          0   stdout.o
        44          0          0          0          0         80   uidiv.o
        98          0          0          0          0         92   uldiv.o
        48          0          0          0          0         68   cdrcmple.o
       334          0          0          0          0        148   dadd.o
       222          0          0          0          0        100   ddiv.o
       186          0          0          0          0        176   depilogue.o
        48          0          0          0          0         68   dfixul.o
       228          0          0          0          0         96   dmul.o
        38          0          0          0          0         68   f2d.o
       176          0          0          0          0        140   fadd.o
       124          0          0          0          0         88   fdiv.o
       110          0          0          0          0        168   fepilogue.o
        10          0          0          0          0         68   ffltui.o
       100          0          0          0          0         76   fmul.o

    ----------------------------------------------------------------------
      4384        118          0          4          0       2392   Library Totals
         4          0          0          0          0          0   (incl. Padding)

    ----------------------------------------------------------------------

      Code (inc. data)   RO Data    RW Data    ZI Data      Debug   Library Name

      2756        118          0          4          0       1128   mc_w.l
      1624          0          0          0          0       1264   mf_w.l

    ----------------------------------------------------------------------
      4384        118          0          4          0       2392   Library Totals

    ----------------------------------------------------------------------

==============================================================================


      Code (inc. data)   RO Data    RW Data    ZI Data      Debug   

     13628        842       2380       1044       1452     175686   Grand Totals
     13628        842       2380        256       1452     175686   ELF Image Totals (compressed)
     13628        842       2380        256          0          0   ROM Totals

==============================================================================

    Total RO  Size (Code + RO Data)                16008 (  15.63kB)
    Total RW  Size (RW Data + ZI Data)              2496 (   2.44kB)
    Total ROM Size (Code + RO Data + RW Data)      16264 (  15.88kB)

==============================================================================

