Component: ARM Compiler 6.14 Tool: armlink [5db06800]

==============================================================================

Section Cross References

    startup_stm32f103xb.o(RESET) refers to startup_stm32f103xb.o(STACK) for __initial_sp
    startup_stm32f103xb.o(RESET) refers to startup_stm32f103xb.o(.text) for Reset_Handler
    startup_stm32f103xb.o(RESET) refers to stm32f1xx_it.o(.text.NMI_Handler) for NMI_Handler
    startup_stm32f103xb.o(RESET) refers to stm32f1xx_it.o(.text.HardFault_Handler) for HardFault_Handler
    startup_stm32f103xb.o(RESET) refers to stm32f1xx_it.o(.text.MemManage_Handler) for MemManage_Handler
    startup_stm32f103xb.o(RESET) refers to stm32f1xx_it.o(.text.BusFault_Handler) for BusFault_Handler
    startup_stm32f103xb.o(RESET) refers to stm32f1xx_it.o(.text.UsageFault_Handler) for UsageFault_Handler
    startup_stm32f103xb.o(RESET) refers to stm32f1xx_it.o(.text.SVC_Handler) for SVC_Handler
    startup_stm32f103xb.o(RESET) refers to stm32f1xx_it.o(.text.DebugMon_Handler) for DebugMon_Handler
    startup_stm32f103xb.o(RESET) refers to stm32f1xx_it.o(.text.PendSV_Handler) for PendSV_Handler
    startup_stm32f103xb.o(RESET) refers to stm32f1xx_it.o(.text.SysTick_Handler) for SysTick_Handler
    startup_stm32f103xb.o(RESET) refers to stm32f1xx_it.o(.text.EXTI15_10_IRQHandler) for EXTI15_10_IRQHandler
    startup_stm32f103xb.o(.text) refers to system_stm32f1xx.o(.text.SystemInit) for SystemInit
    startup_stm32f103xb.o(.text) refers to entry.o(.ARM.Collect$$$$00000000) for __main
    main.o(.text.main) refers to stm32f1xx_hal.o(.text.HAL_Init) for HAL_Init
    main.o(.text.main) refers to main.o(.text.SystemClock_Config) for SystemClock_Config
    main.o(.text.main) refers to gpio.o(.text.MX_GPIO_Init) for MX_GPIO_Init
    main.o(.text.main) refers to i2c.o(.text.MX_I2C1_Init) for MX_I2C1_Init
    main.o(.text.main) refers to crc.o(.text.MX_CRC_Init) for MX_CRC_Init
    main.o(.text.main) refers to i2c.o(.text.MX_I2C2_Init) for MX_I2C2_Init
    main.o(.text.main) refers to usart.o(.text.MX_USART1_UART_Init) for MX_USART1_UART_Init
    main.o(.text.main) refers to usermain.o(.text.Usermain) for Usermain
    main.o(.ARM.exidx.text.main) refers to main.o(.text.main) for [Anonymous Symbol]
    main.o(.text.SystemClock_Config) refers to stm32f1xx_hal_rcc.o(.text.HAL_RCC_OscConfig) for HAL_RCC_OscConfig
    main.o(.text.SystemClock_Config) refers to stm32f1xx_hal_rcc.o(.text.HAL_RCC_ClockConfig) for HAL_RCC_ClockConfig
    main.o(.ARM.exidx.text.SystemClock_Config) refers to main.o(.text.SystemClock_Config) for [Anonymous Symbol]
    main.o(.ARM.exidx.text.Error_Handler) refers to main.o(.text.Error_Handler) for [Anonymous Symbol]
    gpio.o(.text.MX_GPIO_Init) refers to stm32f1xx_hal_gpio.o(.text.HAL_GPIO_WritePin) for HAL_GPIO_WritePin
    gpio.o(.text.MX_GPIO_Init) refers to stm32f1xx_hal_cortex.o(.text.HAL_NVIC_SetPriority) for HAL_NVIC_SetPriority
    gpio.o(.text.MX_GPIO_Init) refers to stm32f1xx_hal_cortex.o(.text.HAL_NVIC_EnableIRQ) for HAL_NVIC_EnableIRQ
    gpio.o(.text.MX_GPIO_Init) refers to stm32f1xx_hal_gpio.o(.text.HAL_GPIO_Init) for HAL_GPIO_Init
    gpio.o(.ARM.exidx.text.MX_GPIO_Init) refers to gpio.o(.text.MX_GPIO_Init) for [Anonymous Symbol]
    gpio.o(.text.HAL_GPIO_EXTI_Callback) refers to humidifiercontrol.o(.bss.Hum_Mod) for Hum_Mod
    gpio.o(.ARM.exidx.text.HAL_GPIO_EXTI_Callback) refers to gpio.o(.text.HAL_GPIO_EXTI_Callback) for [Anonymous Symbol]
    crc.o(.text.MX_CRC_Init) refers to stm32f1xx_hal_crc.o(.text.HAL_CRC_Init) for HAL_CRC_Init
    crc.o(.text.MX_CRC_Init) refers to main.o(.text.Error_Handler) for Error_Handler
    crc.o(.text.MX_CRC_Init) refers to crc.o(.bss.hcrc) for hcrc
    crc.o(.ARM.exidx.text.MX_CRC_Init) refers to crc.o(.text.MX_CRC_Init) for [Anonymous Symbol]
    crc.o(.ARM.exidx.text.HAL_CRC_MspInit) refers to crc.o(.text.HAL_CRC_MspInit) for [Anonymous Symbol]
    crc.o(.ARM.exidx.text.HAL_CRC_MspDeInit) refers to crc.o(.text.HAL_CRC_MspDeInit) for [Anonymous Symbol]
    i2c.o(.text.MX_I2C1_Init) refers to stm32f1xx_hal_i2c.o(.text.HAL_I2C_Init) for HAL_I2C_Init
    i2c.o(.text.MX_I2C1_Init) refers to main.o(.text.Error_Handler) for Error_Handler
    i2c.o(.text.MX_I2C1_Init) refers to i2c.o(.bss.hi2c1) for hi2c1
    i2c.o(.ARM.exidx.text.MX_I2C1_Init) refers to i2c.o(.text.MX_I2C1_Init) for [Anonymous Symbol]
    i2c.o(.text.MX_I2C2_Init) refers to stm32f1xx_hal_i2c.o(.text.HAL_I2C_Init) for HAL_I2C_Init
    i2c.o(.text.MX_I2C2_Init) refers to main.o(.text.Error_Handler) for Error_Handler
    i2c.o(.text.MX_I2C2_Init) refers to i2c.o(.bss.hi2c2) for hi2c2
    i2c.o(.ARM.exidx.text.MX_I2C2_Init) refers to i2c.o(.text.MX_I2C2_Init) for [Anonymous Symbol]
    i2c.o(.text.HAL_I2C_MspInit) refers to stm32f1xx_hal_gpio.o(.text.HAL_GPIO_Init) for HAL_GPIO_Init
    i2c.o(.ARM.exidx.text.HAL_I2C_MspInit) refers to i2c.o(.text.HAL_I2C_MspInit) for [Anonymous Symbol]
[...]
    Removing stm32f1xx_hal_uart.o(.text.HAL_MultiProcessor_Init), (124 bytes).
    Removing stm32f1xx_hal_uart.o(.ARM.exidx.text.HAL_MultiProcessor_Init), (8 bytes).
    Removing stm32f1xx_hal_uart.o(.text.HAL_UART_DeInit), (50 bytes).
    Removing stm32f1xx_hal_uart.o(.ARM.exidx.text.HAL_UART_DeInit), (8 bytes).
    Removing stm32f1xx_hal_uart.o(.text.HAL_UART_MspDeInit), (2 bytes).
    Removing stm32f1xx_hal_uart.o(.ARM.exidx.text.HAL_UART_MspDeInit), (8 bytes).
    Removing stm32f1xx_hal_uart.o(.ARM.exidx.text.HAL_UART_Transmit), (8 bytes).
    Removing stm32f1xx_hal_uart.o(.ARM.exidx.text.UART_WaitOnFlagUntilTimeout), (8 bytes).
    Removing stm32f1xx_hal_uart.o(.text.HAL_UART_Receive), (170 bytes).
    Removing stm32f1xx_hal_uart.o(.ARM.exidx.text.HAL_UART_Receive), (8 bytes).
    Removing stm32f1xx_hal_uart.o(.text.HAL_UART_Transmit_IT), (62 bytes).
    Removing stm32f1xx_hal_uart.o(.ARM.exidx.text.HAL_UART_Transmit_IT), (8 bytes).
    Removing stm32f1xx_hal_uart.o(.text.HAL_UART_Receive_IT), (78 bytes).
    Removing stm32f1xx_hal_uart.o(.ARM.exidx.text.HAL_UART_Receive_IT), (8 bytes).
    Removing stm32f1xx_hal_uart.o(.text.HAL_UART_Transmit_DMA), (120 bytes).
    Removing stm32f1xx_hal_uart.o(.ARM.exidx.text.HAL_UART_Transmit_DMA), (8 bytes).
    Removing stm32f1xx_hal_uart.o(.text.UART_DMATransmitCplt), (38 bytes).
    Removing stm32f1xx_hal_uart.o(.ARM.exidx.text.UART_DMATransmitCplt), (8 bytes).
    Removing stm32f1xx_hal_uart.o(.text.UART_DMATxHalfCplt), (6 bytes).
    Removing stm32f1xx_hal_uart.o(.ARM.exidx.text.UART_DMATxHalfCplt), (8 bytes).
    Removing stm32f1xx_hal_uart.o(.text.UART_DMAError), (84 bytes).
    Removing stm32f1xx_hal_uart.o(.ARM.exidx.text.UART_DMAError), (8 bytes).
    Removing stm32f1xx_hal_uart.o(.text.HAL_UART_Receive_DMA), (144 bytes).
    Removing stm32f1xx_hal_uart.o(.ARM.exidx.text.HAL_UART_Receive_DMA), (8 bytes).
    Removing stm32f1xx_hal_uart.o(.text.UART_DMAReceiveCplt), (50 bytes).
    Removing stm32f1xx_hal_uart.o(.ARM.exidx.text.UART_DMAReceiveCplt), (8 bytes).
    Removing stm32f1xx_hal_uart.o(.text.UART_DMARxHalfCplt), (6 bytes).
    Removing stm32f1xx_hal_uart.o(.ARM.exidx.text.UART_DMARxHalfCplt), (8 bytes).
    Removing stm32f1xx_hal_uart.o(.text.HAL_UART_DMAPause), (94 bytes).
    Removing stm32f1xx_hal_uart.o(.ARM.exidx.text.HAL_UART_DMAPause), (8 bytes).
    Removing stm32f1xx_hal_uart.o(.text.HAL_UART_DMAResume), (98 bytes).
    Removing stm32f1xx_hal_uart.o(.ARM.exidx.text.HAL_UART_DMAResume), (8 bytes).
    Removing stm32f1xx_hal_uart.o(.text.HAL_UART_DMAStop), (96 bytes).
    Removing stm32f1xx_hal_uart.o(.ARM.exidx.text.HAL_UART_DMAStop), (8 bytes).
    Removing stm32f1xx_hal_uart.o(.text.UART_EndRxTransfer), (26 bytes).
    Removing stm32f1xx_hal_uart.o(.ARM.exidx.text.UART_EndRxTransfer), (8 bytes).
    Removing stm32f1xx_hal_uart.o(.text.HAL_UART_Abort), (128 bytes).
    Removing stm32f1xx_hal_uart.o(.ARM.exidx.text.HAL_UART_Abort), (8 bytes).
    Removing stm32f1xx_hal_uart.o(.text.HAL_UART_AbortTransmit), (72 bytes).
    Removing stm32f1xx_hal_uart.o(.ARM.exidx.text.HAL_UART_AbortTransmit), (8 bytes).
    Removing stm32f1xx_hal_uart.o(.text.HAL_UART_AbortReceive), (80 bytes).
    Removing stm32f1xx_hal_uart.o(.ARM.exidx.text.HAL_UART_AbortReceive), (8 bytes).
    Removing stm32f1xx_hal_uart.o(.text.HAL_UART_Abort_IT), (156 bytes).
    Removing stm32f1xx_hal_uart.o(.ARM.exidx.text.HAL_UART_Abort_IT), (8 bytes).
    Removing stm32f1xx_hal_uart.o(.text.UART_DMATxAbortCallback), (38 bytes).
    Removing stm32f1xx_hal_uart.o(.ARM.exidx.text.UART_DMATxAbortCallback), (8 bytes).
    Removing stm32f1xx_hal_uart.o(.text.UART_DMARxAbortCallback), (38 bytes).
    Removing stm32f1xx_hal_uart.o(.ARM.exidx.text.UART_DMARxAbortCallback), (8 bytes).
    Removing stm32f1xx_hal_uart.o(.text.HAL_UART_AbortCpltCallback), (2 bytes).
    Removing stm32f1xx_hal_uart.o(.ARM.exidx.text.HAL_UART_AbortCpltCallback), (8 bytes).
    Removing stm32f1xx_hal_uart.o(.text.HAL_UART_AbortTransmit_IT), (76 bytes).
    Removing stm32f1xx_hal_uart.o(.ARM.exidx.text.HAL_UART_AbortTransmit_IT), (8 bytes).
    Removing stm32f1xx_hal_uart.o(.text.UART_DMATxOnlyAbortCallback), (16 bytes).
    Removing stm32f1xx_hal_uart.o(.ARM.exidx.text.UART_DMATxOnlyAbortCallback), (8 bytes).
    Removing stm32f1xx_hal_uart.o(.text.HAL_UART_AbortTransmitCpltCallback), (2 bytes).
    Removing stm32f1xx_hal_uart.o(.ARM.exidx.text.HAL_UART_AbortTransmitCpltCallback), (8 bytes).
    Removing stm32f1xx_hal_uart.o(.text.HAL_UART_AbortReceive_IT), (84 bytes).
    Removing stm32f1xx_hal_uart.o(.ARM.exidx.text.HAL_UART_AbortReceive_IT), (8 bytes).
    Removing stm32f1xx_hal_uart.o(.text.UART_DMARxOnlyAbortCallback), (16 bytes).
    Removing stm32f1xx_hal_uart.o(.ARM.exidx.text.UART_DMARxOnlyAbortCallback), (8 bytes).
    Removing stm32f1xx_hal_uart.o(.text.HAL_UART_AbortReceiveCpltCallback), (2 bytes).
    Removing stm32f1xx_hal_uart.o(.ARM.exidx.text.HAL_UART_AbortReceiveCpltCallback), (8 bytes).
    Removing stm32f1xx_hal_uart.o(.text.HAL_UART_IRQHandler), (332 bytes).
    Removing stm32f1xx_hal_uart.o(.ARM.exidx.text.HAL_UART_IRQHandler), (8 bytes).
    Removing stm32f1xx_hal_uart.o(.text.UART_Receive_IT), (118 bytes).
    Removing stm32f1xx_hal_uart.o(.ARM.exidx.text.UART_Receive_IT), (8 bytes).
    Removing stm32f1xx_hal_uart.o(.text.UART_DMAAbortOnError), (12 bytes).
    Removing stm32f1xx_hal_uart.o(.ARM.exidx.text.UART_DMAAbortOnError), (8 bytes).
    Removing stm32f1xx_hal_uart.o(.text.HAL_UART_ErrorCallback), (2 bytes).
    Removing stm32f1xx_hal_uart.o(.ARM.exidx.text.HAL_UART_ErrorCallback), (8 bytes).
    Removing stm32f1xx_hal_uart.o(.text.HAL_UART_TxCpltCallback), (2 bytes).
    Removing stm32f1xx_hal_uart.o(.ARM.exidx.text.HAL_UART_TxCpltCallback), (8 bytes).
    Removing stm32f1xx_hal_uart.o(.text.HAL_UART_TxHalfCpltCallback), (2 bytes).
    Removing stm32f1xx_hal_uart.o(.ARM.exidx.text.HAL_UART_TxHalfCpltCallback), (8 bytes).
    Removing stm32f1xx_hal_uart.o(.text.HAL_UART_RxCpltCallback), (2 bytes).
    Removing stm32f1xx_hal_uart.o(.ARM.exidx.text.HAL_UART_RxCpltCallback), (8 bytes).
    Removing stm32f1xx_hal_uart.o(.text.HAL_UART_RxHalfCpltCallback), (2 bytes).
    Removing stm32f1xx_hal_uart.o(.ARM.exidx.text.HAL_UART_RxHalfCpltCallback), (8 bytes).
    Removing stm32f1xx_hal_uart.o(.text.HAL_LIN_SendBreak), (44 bytes).
    Removing stm32f1xx_hal_uart.o(.ARM.exidx.text.HAL_LIN_SendBreak), (8 bytes).
    Removing stm32f1xx_hal_uart.o(.text.HAL_MultiProcessor_EnterMuteMode), (44 bytes).
    Removing stm32f1xx_hal_uart.o(.ARM.exidx.text.HAL_MultiProcessor_EnterMuteMode), (8 bytes).
    Removing stm32f1xx_hal_uart.o(.text.HAL_MultiProcessor_ExitMuteMode), (44 bytes).
    Removing stm32f1xx_hal_uart.o(.ARM.exidx.text.HAL_MultiProcessor_ExitMuteMode), (8 bytes).
    Removing stm32f1xx_hal_uart.o(.text.HAL_HalfDuplex_EnableTransmitter), (42 bytes).
    Removing stm32f1xx_hal_uart.o(.ARM.exidx.text.HAL_HalfDuplex_EnableTransmitter), (8 bytes).
    Removing stm32f1xx_hal_uart.o(.text.HAL_HalfDuplex_EnableReceiver), (46 bytes).
    Removing stm32f1xx_hal_uart.o(.ARM.exidx.text.HAL_HalfDuplex_EnableReceiver), (8 bytes).
    Removing stm32f1xx_hal_uart.o(.text.HAL_UART_GetState), (14 bytes).
    Removing stm32f1xx_hal_uart.o(.ARM.exidx.text.HAL_UART_GetState), (8 bytes).
    Removing stm32f1xx_hal_uart.o(.text.HAL_UART_GetError), (4 bytes).
    Removing stm32f1xx_hal_uart.o(.ARM.exidx.text.HAL_UART_GetError), (8 bytes).
    Removing system_stm32f1xx.o(.text), (0 bytes).
    Removing system_stm32f1xx.o(.ARM.exidx.text.SystemInit), (8 bytes).
    Removing system_stm32f1xx.o(.text.SystemCoreClockUpdate), (80 bytes).
    Removing system_stm32f1xx.o(.ARM.exidx.text.SystemCoreClockUpdate), (8 bytes).
    Removing usermain.o(.text), (0 bytes).
    Removing usermain.o(.ARM.exidx.text.Usermain), (8 bytes).
    Removing usermain.o(.ARM.exidx.text.UserInit), (8 bytes).
    Removing usermain.o(.ARM.exidx.text.OLED_Display), (8 bytes).
    Removing usermain.o(.ARM.exidx.text.fputc), (8 bytes).
    Removing usermain.o(.text.__io_putchar), (24 bytes).
    Removing usermain.o(.ARM.exidx.text.__io_putchar), (8 bytes).
    Removing esp8266.o(.text), (0 bytes).
    Removing esp8266.o(.ARM.exidx.text.Esp8266_StatusConfirm), (8 bytes).
    Removing humidifiercontrol.o(.text), (0 bytes).
    Removing humidifiercontrol.o(.ARM.exidx.text.Humidifier_On), (8 bytes).
    Removing humidifiercontrol.o(.ARM.exidx.text.Humidifier_Off), (8 bytes).
    Removing humidifiercontrol.o(.ARM.exidx.text.Humidifier_Play), (8 bytes).
    Removing sht30_i2c_drv.o(.text), (0 bytes).
    Removing sht30_i2c_drv.o(.ARM.exidx.text.SHT30_Reset), (8 bytes).
    Removing sht30_i2c_drv.o(.ARM.exidx.text.SHT30_Send_Cmd), (8 bytes).
    Removing sht30_i2c_drv.o(.ARM.exidx.text.SHT30_Init), (8 bytes).
    Removing sht30_i2c_drv.o(.ARM.exidx.text.SHT30_Read_Dat), (8 bytes).
    Removing sht30_i2c_drv.o(.ARM.exidx.text.CheckCrc8), (8 bytes).
    Removing sht30_i2c_drv.o(.ARM.exidx.text.SHT30_Dat_To_Float), (8 bytes).
    Removing sht30_i2c_drv.o(.ARM.exidx.text.SHT30_Update), (8 bytes).
    Removing oled.o(.text), (0 bytes).
    Removing oled.o(.ARM.exidx.text.OLED_Set_Pos), (8 bytes).
    Removing oled.o(.ARM.exidx.text.OLED_Write_Cmd), (8 bytes).
    Removing oled.o(.text.OLED_Display_On), (28 bytes).
    Removing oled.o(.ARM.exidx.text.OLED_Display_On), (8 bytes).
    Removing oled.o(.text.OLED_Display_Off), (28 bytes).
    Removing oled.o(.ARM.exidx.text.OLED_Display_Off), (8 bytes).
    Removing oled.o(.ARM.exidx.text.OLED_Clear), (8 bytes).
    Removing oled.o(.ARM.exidx.text.OLED_Write_Dat), (8 bytes).
    Removing oled.o(.text.OLED_On), (56 bytes).
    Removing oled.o(.ARM.exidx.text.OLED_On), (8 bytes).
    Removing oled.o(.ARM.exidx.text.OLED_ShowChar), (8 bytes).
    Removing oled.o(.ARM.exidx.text.OLED_ShowNum), (8 bytes).
    Removing oled.o(.ARM.exidx.text.OLED_ShowString), (8 bytes).
    Removing oled.o(.text.OLED_ShowCHinese), (72 bytes).
    Removing oled.o(.ARM.exidx.text.OLED_ShowCHinese), (8 bytes).
    Removing oled.o(.ARM.exidx.text.OLED_DrawBMP), (8 bytes).
    Removing oled.o(.ARM.exidx.text.OLED_Init), (8 bytes).
    Removing oled.o(.data.Hzk), (192 bytes).
    Removing beep.o(.text), (0 bytes).
    Removing beep.o(.text.BEEP_Yell), (16 bytes).
    Removing beep.o(.ARM.exidx.text.BEEP_Yell), (8 bytes).
    Removing beep.o(.text.BEEP_Stop), (16 bytes).
    Removing beep.o(.ARM.exidx.text.BEEP_Stop), (8 bytes).
    Removing beep.o(.ARM.exidx.text.BEEP_Yell_Times), (8 bytes).

576 unused section(s) (total 23944 bytes) removed from the image.

==============================================================================

Image Symbol Table

    Local Symbols

    Symbol Name                              Value     Ov Type        Size  Object(Section)

    ../clib/../cmprslib/zerorunl2.c          0x00000000   Number         0  __dczerorl2.o ABSOLUTE
    ../clib/microlib/division.c              0x00000000   Number         0  uidiv.o ABSOLUTE
    ../clib/microlib/division.c              0x00000000   Number         0  uldiv.o ABSOLUTE
    ../clib/microlib/init/entry.s            0x00000000   Number         0  entry.o ABSOLUTE
    ../clib/microlib/init/entry.s            0x00000000   Number         0  entry2.o ABSOLUTE
    ../clib/microlib/init/entry.s            0x00000000   Number         0  entry5.o ABSOLUTE
    ../clib/microlib/init/entry.s            0x00000000   Number         0  entry7a.o ABSOLUTE
    ../clib/microlib/init/entry.s            0x00000000   Number         0  entry7b.o ABSOLUTE
    ../clib/microlib/init/entry.s            0x00000000   Number         0  entry8a.o ABSOLUTE
    ../clib/microlib/init/entry.s            0x00000000   Number         0  entry8b.o ABSOLUTE
    ../clib/microlib/init/entry.s            0x00000000   Number         0  entry9a.o ABSOLUTE
    ../clib/microlib/init/entry.s            0x00000000   Number         0  entry9b.o ABSOLUTE
    ../clib/microlib/init/entry.s            0x00000000   Number         0  entry10a.o ABSOLUTE
    ../clib/microlib/init/entry.s            0x00000000   Number         0  entry10b.o ABSOLUTE
    ../clib/microlib/init/entry.s            0x00000000   Number         0  entry11a.o ABSOLUTE
    ../clib/microlib/init/entry.s            0x00000000   Number         0  entry11b.o ABSOLUTE
    ../clib/microlib/longlong.c              0x00000000   Number         0  llushr.o ABSOLUTE
    ../clib/microlib/longlong.c              0x00000000   Number         0  llshl.o ABSOLUTE
    ../clib/microlib/longlong.c              0x00000000   Number         0  llsshr.o ABSOLUTE
    ../clib/microlib/printf/printf.c         0x00000000   Number         0  printfb.o ABSOLUTE
    ../clib/microlib/printf/printf.c         0x00000000   Number         0  printf0.o ABSOLUTE
    ../clib/microlib/printf/printf.c         0x00000000   Number         0  printf1.o ABSOLUTE
    ../clib/microlib/printf/printf.c         0x00000000   Number         0  printf2.o ABSOLUTE
    ../clib/microlib/printf/printf.c         0x00000000   Number         0  printf3.o ABSOLUTE
    ../clib/microlib/printf/printf.c         0x00000000   Number         0  printf4.o ABSOLUTE
    ../clib/microlib/printf/printf.c         0x00000000   Number         0  printf5.o ABSOLUTE
    ../clib/microlib/printf/printf.c         0x00000000   Number         0  printf6.o ABSOLUTE
    ../clib/microlib/printf/printf.c         0x00000000   Number         0  printf7.o ABSOLUTE
    ../clib/microlib/printf/printf.c         0x00000000   Number         0  printf8.o ABSOLUTE
    ../clib/microlib/printf/printf.c         0x00000000   Number         0  printfa.o ABSOLUTE
    ../clib/microlib/printf/stubs.s          0x00000000   Number         0  printfstubs.o ABSOLUTE
    ../clib/microlib/stdio/puts.c            0x00000000   Number         0  puts.o ABSOLUTE
    ../clib/microlib/stdio/puts.c            0x00000000   Number         0  puts_e.o ABSOLUTE
    ../clib/microlib/stdio/streams.c         0x00000000   Number         0  stdout.o ABSOLUTE
    ../clib/microlib/stubs.s                 0x00000000   Number         0  iusefp.o ABSOLUTE
    ../fplib/microlib/f2d.c                  0x00000000   Number         0  f2d.o ABSOLUTE
    ../fplib/microlib/fpadd.c                0x00000000   Number         0  fadd.o ABSOLUTE
    ../fplib/microlib/fpadd.c                0x00000000   Number         0  dadd.o ABSOLUTE
    ../fplib/microlib/fpdiv.c                0x00000000   Number         0  fdiv.o ABSOLUTE
    ../fplib/microlib/fpdiv.c                0x00000000   Number         0  ddiv.o ABSOLUTE
    ../fplib/microlib/fpepilogue.c           0x00000000   Number         0  fepilogue.o ABSOLUTE
    ../fplib/microlib/fpepilogue.c           0x00000000   Number         0  depilogue.o ABSOLUTE
    ../fplib/microlib/fpfix.c                0x00000000   Number         0  dfixul.o ABSOLUTE
    ../fplib/microlib/fpflt.c                0x00000000   Number         0  ffltui.o ABSOLUTE
    ../fplib/microlib/fpmul.c                0x00000000   Number         0  fmul.o ABSOLUTE
    ../fplib/microlib/fpmul.c                0x00000000   Number         0  dmul.o ABSOLUTE
    HumidifierControl.c                      0x00000000   Number         0  humidifiercontrol.o ABSOLUTE
    Usermain.c                               0x00000000   Number         0  usermain.o ABSOLUTE
    beep.c                                   0x00000000   Number         0  beep.o ABSOLUTE
    cdrcmple.s                               0x00000000   Number         0  cdrcmple.o ABSOLUTE
    crc.c                                    0x00000000   Number         0  crc.o ABSOLUTE
    dc.s                                     0x00000000   Number         0  dc.o ABSOLUTE
    esp8266.c                                0x00000000   Number         0  esp8266.o ABSOLUTE
    gpio.c                                   0x00000000   Number         0  gpio.o ABSOLUTE
    handlers.s                               0x00000000   Number         0  handlers.o ABSOLUTE
    i2c.c                                    0x00000000   Number         0  i2c.o ABSOLUTE
    init.s                                   0x00000000   Number         0  init.o ABSOLUTE
    main.c                                   0x00000000   Number         0  main.o ABSOLUTE
    oled.c                                   0x00000000   Number         0  oled.o ABSOLUTE
    sht30_i2c_drv.c                          0x00000000   Number         0  sht30_i2c_drv.o ABSOLUTE
    startup_stm32f103xb.s                    0x00000000   Number         0  startup_stm32f103xb.o ABSOLUTE
    stm32f1xx_hal.c                          0x00000000   Number         0  stm32f1xx_hal.o ABSOLUTE
    stm32f1xx_hal_cortex.c                   0x00000000   Number         0  stm32f1xx_hal_cortex.o ABSOLUTE
    stm32f1xx_hal_crc.c                      0x00000000   Number         0  stm32f1xx_hal_crc.o ABSOLUTE
    stm32f1xx_hal_dma.c                      0x00000000   Number         0  stm32f1xx_hal_dma.o ABSOLUTE
    stm32f1xx_hal_exti.c                     0x00000000   Number         0  stm32f1xx_hal_exti.o ABSOLUTE
    stm32f1xx_hal_flash.c                    0x00000000   Number         0  stm32f1xx_hal_flash.o ABSOLUTE
    stm32f1xx_hal_flash_ex.c                 0x00000000   Number         0  stm32f1xx_hal_flash_ex.o ABSOLUTE
    stm32f1xx_hal_gpio.c                     0x00000000   Number         0  stm32f1xx_hal_gpio.o ABSOLUTE
    stm32f1xx_hal_gpio_ex.c                  0x00000000   Number         0  stm32f1xx_hal_gpio_ex.o ABSOLUTE
    stm32f1xx_hal_i2c.c                      0x00000000   Number         0  stm32f1xx_hal_i2c.o ABSOLUTE
    stm32f1xx_hal_msp.c                      0x00000000   Number         0  stm32f1xx_hal_msp.o ABSOLUTE
    stm32f1xx_hal_pwr.c                      0x00000000   Number         0  stm32f1xx_hal_pwr.o ABSOLUTE
    stm32f1xx_hal_rcc.c                      0x00000000   Number         0  stm32f1xx_hal_rcc.o ABSOLUTE
    stm32f1xx_hal_rcc_ex.c                   0x00000000   Number         0  stm32f1xx_hal_rcc_ex.o ABSOLUTE
    stm32f1xx_hal_tim.c                      0x00000000   Number         0  stm32f1xx_hal_tim.o ABSOLUTE
    stm32f1xx_hal_tim_ex.c                   0x00000000   Number         0  stm32f1xx_hal_tim_ex.o ABSOLUTE
    stm32f1xx_hal_uart.c                     0x00000000   Number         0  stm32f1xx_hal_uart.o ABSOLUTE
    stm32f1xx_it.c                           0x00000000   Number         0  stm32f1xx_it.o ABSOLUTE
    system_stm32f1xx.c                       0x00000000   Number         0  system_stm32f1xx.o ABSOLUTE
    usart.c                                  0x00000000   Number         0  usart.o ABSOLUTE
    RESET                                    0x08000000   Section      236  startup_stm32f103xb.o(RESET)
    .ARM.Collect$$$$00000000                 0x080000ec   Section        0  entry.o(.ARM.Collect$$$$00000000)
    .ARM.Collect$$$$00000001                 0x080000ec   Section        4  entry2.o(.ARM.Collect$$$$00000001)
    .ARM.Collect$$$$00000004                 0x080000f0   Section        4  entry5.o(.ARM.Collect$$$$00000004)
    .ARM.Collect$$$$00000008                 0x080000f4   Section        0  entry7b.o(.ARM.Collect$$$$00000008)
    .ARM.Collect$$$$0000000A                 0x080000f4   Section        0  entry8b.o(.ARM.Collect$$$$0000000A)
    .ARM.Collect$$$$0000000B                 0x080000f4   Section        8  entry9a.o(.ARM.Collect$$$$0000000B)
    __lit__00000000                          0x080000fc   Data           4  entry2.o(.ARM.Collect$$$$00002712)
    .ARM.Collect$$$$0000000D                 0x080000fc   Section        0  entry10a.o(.ARM.Collect$$$$0000000D)
    .ARM.Collect$$$$0000000F                 0x080000fc   Section        0  entry11a.o(.ARM.Collect$$$$0000000F)
    .ARM.Collect$$$$00002712                 0x080000fc   Section        4  entry2.o(.ARM.Collect$$$$00002712)
    .text                                    0x08000100   Section       36  startup_stm32f103xb.o(.text)
    .text                                    0x08000124   Section        0  llushr.o(.text)
    .text                                    0x08000144   Section        0  fadd.o(.text)
    .text                                    0x080001f4   Section        0  fmul.o(.text)
    .text                                    0x08000258   Section        0  fdiv.o(.text)
    .text                                    0x080002d4   Section        0  ffltui.o(.text)
    .text                                    0x080002de   Section        0  f2d.o(.text)
    .text                                    0x08000304   Section        0  uidiv.o(.text)
    .text                                    0x08000330   Section        0  uldiv.o(.text)
    .text                                    0x08000392   Section        0  iusefp.o(.text)
    .text                                    0x08000392   Section        0  fepilogue.o(.text)
    .text                                    0x08000400   Section        0  dadd.o(.text)
    .text                                    0x0800054e   Section        0  dmul.o(.text)
    .text                                    0x08000632   Section        0  ddiv.o(.text)
    .text                                    0x08000710   Section        0  dfixul.o(.text)
    .text                                    0x08000740   Section       48  cdrcmple.o(.text)
    .text                                    0x08000770   Section       36  init.o(.text)
    .text                                    0x08000794   Section        0  llshl.o(.text)
    .text                                    0x080007b2   Section        0  llsshr.o(.text)
    .text                                    0x080007d6   Section        0  depilogue.o(.text)
    .text                                    0x08000890   Section        0  __dczerorl2.o(.text)
    [Anonymous Symbol]                       0x080008e8   Section        0  beep.o(.text.BEEP_Yell_Times)
    [Anonymous Symbol]                       0x08000928   Section        0  stm32f1xx_it.o(.text.BusFault_Handler)
    [Anonymous Symbol]                       0x0800092a   Section        0  sht30_i2c_drv.o(.text.CheckCrc8)
    [Anonymous Symbol]                       0x0800095a   Section        0  stm32f1xx_it.o(.text.DebugMon_Handler)
    [Anonymous Symbol]                       0x0800095c   Section        0  stm32f1xx_it.o(.text.EXTI15_10_IRQHandler)
    [Anonymous Symbol]                       0x08000964   Section        0  main.o(.text.Error_Handler)
    [Anonymous Symbol]                       0x08000968   Section        0  esp8266.o(.text.Esp8266_StatusConfirm)
    __arm_cp.0_0                             0x080009b8   Number         4  esp8266.o(.text.Esp8266_StatusConfirm)
    __arm_cp.0_5                             0x080009d4   Number         4  esp8266.o(.text.Esp8266_StatusConfirm)
    [Anonymous Symbol]                       0x080009d8   Section        0  stm32f1xx_hal_crc.o(.text.HAL_CRC_Init)
    [Anonymous Symbol]                       0x080009f8   Section        0  crc.o(.text.HAL_CRC_MspInit)
    __arm_cp.1_0                             0x08000a1c   Number         4  crc.o(.text.HAL_CRC_MspInit)
    __arm_cp.1_1                             0x08000a20   Number         4  crc.o(.text.HAL_CRC_MspInit)
    [Anonymous Symbol]                       0x08000a24   Section        0  stm32f1xx_hal.o(.text.HAL_Delay)
    __arm_cp.10_0                            0x08000a44   Number         4  stm32f1xx_hal.o(.text.HAL_Delay)
    [Anonymous Symbol]                       0x08000a48   Section        0  gpio.o(.text.HAL_GPIO_EXTI_Callback)
    __arm_cp.1_0                             0x08000a60   Number         4  gpio.o(.text.HAL_GPIO_EXTI_Callback)
    [Anonymous Symbol]                       0x08000a64   Section        0  stm32f1xx_hal_gpio.o(.text.HAL_GPIO_EXTI_IRQHandler)
    __arm_cp.6_0                             0x08000a74   Number         4  stm32f1xx_hal_gpio.o(.text.HAL_GPIO_EXTI_IRQHandler)
    [Anonymous Symbol]                       0x08000a78   Section        0  stm32f1xx_hal_gpio.o(.text.HAL_GPIO_Init)
    __arm_cp.0_0                             0x08000be4   Number         4  stm32f1xx_hal_gpio.o(.text.HAL_GPIO_Init)
    __arm_cp.0_1                             0x08000be8   Number         4  stm32f1xx_hal_gpio.o(.text.HAL_GPIO_Init)
    __arm_cp.0_2                             0x08000bec   Number         4  stm32f1xx_hal_gpio.o(.text.HAL_GPIO_Init)
    __arm_cp.0_3                             0x08000bf0   Number         4  stm32f1xx_hal_gpio.o(.text.HAL_GPIO_Init)
    __arm_cp.0_4                             0x08000bf4   Number         4  stm32f1xx_hal_gpio.o(.text.HAL_GPIO_Init)
    __arm_cp.0_5                             0x08000bf8   Number         4  stm32f1xx_hal_gpio.o(.text.HAL_GPIO_Init)
    __arm_cp.0_6                             0x08000bfc   Number         4  stm32f1xx_hal_gpio.o(.text.HAL_GPIO_Init)
    __arm_cp.0_7                             0x08000c00   Number         4  stm32f1xx_hal_gpio.o(.text.HAL_GPIO_Init)
    __arm_cp.0_8                             0x08000c04   Number         4  stm32f1xx_hal_gpio.o(.text.HAL_GPIO_Init)
    __arm_cp.0_9                             0x08000c08   Number         4  stm32f1xx_hal_gpio.o(.text.HAL_GPIO_Init)
    __arm_cp.0_10                            0x08000c0c   Number         4  stm32f1xx_hal_gpio.o(.text.HAL_GPIO_Init)
    __arm_cp.0_11                            0x08000c10   Number         4  stm32f1xx_hal_gpio.o(.text.HAL_GPIO_Init)
    __arm_cp.0_12                            0x08000c14   Number         4  stm32f1xx_hal_gpio.o(.text.HAL_GPIO_Init)
    [Anonymous Symbol]                       0x08000c18   Section        0  stm32f1xx_hal_gpio.o(.text.HAL_GPIO_ReadPin)
    [Anonymous Symbol]                       0x08000c22   Section        0  stm32f1xx_hal_gpio.o(.text.HAL_GPIO_WritePin)
    [Anonymous Symbol]                       0x08000c2c   Section        0  stm32f1xx_hal.o(.text.HAL_GetTick)
    __arm_cp.6_0                             0x08000c34   Number         4  stm32f1xx_hal.o(.text.HAL_GetTick)
    [Anonymous Symbol]                       0x08000c38   Section        0  stm32f1xx_hal_i2c.o(.text.HAL_I2C_Init)
    __arm_cp.0_0                             0x08000d8c   Number         4  stm32f1xx_hal_i2c.o(.text.HAL_I2C_Init)
    __arm_cp.0_1                             0x08000d90   Number         4  stm32f1xx_hal_i2c.o(.text.HAL_I2C_Init)
    __arm_cp.0_2                             0x08000d94   Number         4  stm32f1xx_hal_i2c.o(.text.HAL_I2C_Init)
    __arm_cp.0_3                             0x08000d98   Number         4  stm32f1xx_hal_i2c.o(.text.HAL_I2C_Init)
    __arm_cp.0_4                             0x08000d9c   Number         4  stm32f1xx_hal_i2c.o(.text.HAL_I2C_Init)
    [Anonymous Symbol]                       0x08000da0   Section        0  stm32f1xx_hal_i2c.o(.text.HAL_I2C_Master_Receive)
    __arm_cp.8_0                             0x080010c4   Number         4  stm32f1xx_hal_i2c.o(.text.HAL_I2C_Master_Receive)
    [Anonymous Symbol]                       0x080010c8   Section        0  stm32f1xx_hal_i2c.o(.text.HAL_I2C_Master_Transmit)
    __arm_cp.4_0                             0x08001254   Number         4  stm32f1xx_hal_i2c.o(.text.HAL_I2C_Master_Transmit)
    [Anonymous Symbol]                       0x08001258   Section        0  i2c.o(.text.HAL_I2C_MspInit)
    __arm_cp.2_0                             0x080012ec   Number         4  i2c.o(.text.HAL_I2C_MspInit)
    __arm_cp.2_1                             0x080012f0   Number         4  i2c.o(.text.HAL_I2C_MspInit)
    __arm_cp.2_3                             0x080012f4   Number         4  i2c.o(.text.HAL_I2C_MspInit)
    [Anonymous Symbol]                       0x080012f8   Section        0  stm32f1xx_hal.o(.text.HAL_IncTick)
    __arm_cp.5_1                             0x08001308   Number         4  stm32f1xx_hal.o(.text.HAL_IncTick)
    [Anonymous Symbol]                       0x0800130c   Section        0  stm32f1xx_hal.o(.text.HAL_Init)
    [Anonymous Symbol]                       0x0800132c   Section        0  stm32f1xx_hal.o(.text.HAL_InitTick)
    __arm_cp.1_0                             0x08001364   Number         4  stm32f1xx_hal.o(.text.HAL_InitTick)
    [Anonymous Symbol]                       0x08001368   Section        0  stm32f1xx_hal_msp.o(.text.HAL_MspInit)
    __arm_cp.0_0                             0x080013a4   Number         4  stm32f1xx_hal_msp.o(.text.HAL_MspInit)
    __arm_cp.0_1                             0x080013a8   Number         4  stm32f1xx_hal_msp.o(.text.HAL_MspInit)
    [Anonymous Symbol]                       0x080013ac   Section        0  stm32f1xx_hal_cortex.o(.text.HAL_NVIC_EnableIRQ)
    __arm_cp.3_0                             0x080013c4   Number         4  stm32f1xx_hal_cortex.o(.text.HAL_NVIC_EnableIRQ)
    [Anonymous Symbol]                       0x080013c8   Section        0  stm32f1xx_hal_cortex.o(.text.HAL_NVIC_SetPriority)
    [Anonymous Symbol]                       0x08001400   Section        0  stm32f1xx_hal_cortex.o(.text.HAL_NVIC_SetPriorityGrouping)
    __arm_cp.0_0                             0x08001418   Number         4  stm32f1xx_hal_cortex.o(.text.HAL_NVIC_SetPriorityGrouping)
    __arm_cp.0_1                             0x0800141c   Number         4  stm32f1xx_hal_cortex.o(.text.HAL_NVIC_SetPriorityGrouping)
    [Anonymous Symbol]                       0x08001420   Section        0  stm32f1xx_hal_rcc.o(.text.HAL_RCC_ClockConfig)
    __arm_cp.2_0                             0x0800154c   Number         4  stm32f1xx_hal_rcc.o(.text.HAL_RCC_ClockConfig)
    __arm_cp.2_2                             0x08001550   Number         4  stm32f1xx_hal_rcc.o(.text.HAL_RCC_ClockConfig)
    __arm_cp.2_4                             0x08001554   Number         4  stm32f1xx_hal_rcc.o(.text.HAL_RCC_ClockConfig)
    [Anonymous Symbol]                       0x08001558   Section        0  stm32f1xx_hal_rcc.o(.text.HAL_RCC_GetPCLK1Freq)
    [Anonymous Symbol]                       0x0800156c   Section        0  stm32f1xx_hal_rcc.o(.text.HAL_RCC_GetPCLK2Freq)
    __arm_cp.9_0                             0x08001580   Number         4  stm32f1xx_hal_rcc.o(.text.HAL_RCC_GetPCLK2Freq)
    __arm_cp.9_2                             0x08001584   Number         4  stm32f1xx_hal_rcc.o(.text.HAL_RCC_GetPCLK2Freq)
    [Anonymous Symbol]                       0x08001588   Section        0  stm32f1xx_hal_rcc.o(.text.HAL_RCC_GetSysClockFreq)
    __arm_cp.3_0                             0x080015bc   Number         4  stm32f1xx_hal_rcc.o(.text.HAL_RCC_GetSysClockFreq)
    __arm_cp.3_1                             0x080015c0   Number         4  stm32f1xx_hal_rcc.o(.text.HAL_RCC_GetSysClockFreq)
    __arm_cp.3_4                             0x080015d8   Number         4  stm32f1xx_hal_rcc.o(.text.HAL_RCC_GetSysClockFreq)
    [Anonymous Symbol]                       0x080015dc   Section        0  stm32f1xx_hal_rcc.o(.text.HAL_RCC_OscConfig)
    __arm_cp.1_0                             0x08001900   Number         4  stm32f1xx_hal_rcc.o(.text.HAL_RCC_OscConfig)
    __arm_cp.1_1                             0x08001904   Number         4  stm32f1xx_hal_rcc.o(.text.HAL_RCC_OscConfig)
    __arm_cp.1_2                             0x08001908   Number         4  stm32f1xx_hal_rcc.o(.text.HAL_RCC_OscConfig)
    __arm_cp.1_3                             0x0800190c   Number         4  stm32f1xx_hal_rcc.o(.text.HAL_RCC_OscConfig)
    [Anonymous Symbol]                       0x08001910   Section        0  stm32f1xx_hal_cortex.o(.text.HAL_SYSTICK_Config)
    __arm_cp.7_0                             0x08001930   Number         4  stm32f1xx_hal_cortex.o(.text.HAL_SYSTICK_Config)
    __arm_cp.7_1                             0x08001934   Number         4  stm32f1xx_hal_cortex.o(.text.HAL_SYSTICK_Config)
    [Anonymous Symbol]                       0x08001938   Section        0  stm32f1xx_hal_uart.o(.text.HAL_UART_Init)
    [Anonymous Symbol]                       0x08001994   Section        0  usart.o(.text.HAL_UART_MspInit)
    __arm_cp.1_0                             0x08001a04   Number         4  usart.o(.text.HAL_UART_MspInit)
    __arm_cp.1_1                             0x08001a08   Number         4  usart.o(.text.HAL_UART_MspInit)
    [Anonymous Symbol]                       0x08001a0c   Section        0  stm32f1xx_hal_uart.o(.text.HAL_UART_Transmit)
    [Anonymous Symbol]                       0x08001ab8   Section        0  stm32f1xx_it.o(.text.HardFault_Handler)
    [Anonymous Symbol]                       0x08001abc   Section        0  humidifiercontrol.o(.text.Humidifier_Off)
    [Anonymous Symbol]                       0x08001ac8   Section        0  humidifiercontrol.o(.text.Humidifier_On)
    [Anonymous Symbol]                       0x08001ad4   Section        0  humidifiercontrol.o(.text.Humidifier_Play)
    __arm_cp.2_0                             0x08001ae8   Number         4  humidifiercontrol.o(.text.Humidifier_Play)
    I2C_IsAcknowledgeFailed                  0x08001aed   Thumb Code    48  stm32f1xx_hal_i2c.o(.text.I2C_IsAcknowledgeFailed)
    [Anonymous Symbol]                       0x08001aec   Section        0  stm32f1xx_hal_i2c.o(.text.I2C_IsAcknowledgeFailed)
    I2C_WaitOnBTFFlagUntilTimeout            0x08001b1d   Thumb Code    76  stm32f1xx_hal_i2c.o(.text.I2C_WaitOnBTFFlagUntilTimeout)
    [Anonymous Symbol]                       0x08001b1c   Section        0  stm32f1xx_hal_i2c.o(.text.I2C_WaitOnBTFFlagUntilTimeout)
    I2C_WaitOnFlagUntilTimeout               0x08001b69   Thumb Code   118  stm32f1xx_hal_i2c.o(.text.I2C_WaitOnFlagUntilTimeout)
    [Anonymous Symbol]                       0x08001b68   Section        0  stm32f1xx_hal_i2c.o(.text.I2C_WaitOnFlagUntilTimeout)
    I2C_WaitOnMasterAddressFlagUntilTimeout  0x08001bdf   Thumb Code   150  stm32f1xx_hal_i2c.o(.text.I2C_WaitOnMasterAddressFlagUntilTimeout)
    [Anonymous Symbol]                       0x08001bde   Section        0  stm32f1xx_hal_i2c.o(.text.I2C_WaitOnMasterAddressFlagUntilTimeout)
    I2C_WaitOnRXNEFlagUntilTimeout           0x08001c75   Thumb Code    94  stm32f1xx_hal_i2c.o(.text.I2C_WaitOnRXNEFlagUntilTimeout)
    [Anonymous Symbol]                       0x08001c74   Section        0  stm32f1xx_hal_i2c.o(.text.I2C_WaitOnRXNEFlagUntilTimeout)
    I2C_WaitOnTXEFlagUntilTimeout            0x08001cd3   Thumb Code    76  stm32f1xx_hal_i2c.o(.text.I2C_WaitOnTXEFlagUntilTimeout)
    [Anonymous Symbol]                       0x08001cd2   Section        0  stm32f1xx_hal_i2c.o(.text.I2C_WaitOnTXEFlagUntilTimeout)
    [Anonymous Symbol]                       0x08001d20   Section        0  crc.o(.text.MX_CRC_Init)
    __arm_cp.0_0                             0x08001d38   Number         4  crc.o(.text.MX_CRC_Init)
    __arm_cp.0_1                             0x08001d3c   Number         4  crc.o(.text.MX_CRC_Init)
    [Anonymous Symbol]                       0x08001d40   Section        0  gpio.o(.text.MX_GPIO_Init)
    __arm_cp.0_0                             0x08001df8   Number         4  gpio.o(.text.MX_GPIO_Init)
    __arm_cp.0_1                             0x08001dfc   Number         4  gpio.o(.text.MX_GPIO_Init)
    __arm_cp.0_2                             0x08001e00   Number         4  gpio.o(.text.MX_GPIO_Init)
    __arm_cp.0_3                             0x08001e04   Number         4  gpio.o(.text.MX_GPIO_Init)
    [Anonymous Symbol]                       0x08001e08   Section        0  i2c.o(.text.MX_I2C1_Init)
    __arm_cp.0_0                             0x08001e38   Number         4  i2c.o(.text.MX_I2C1_Init)
    __arm_cp.0_2                             0x08001e3c   Number         4  i2c.o(.text.MX_I2C1_Init)
    [Anonymous Symbol]                       0x08001e40   Section        0  i2c.o(.text.MX_I2C2_Init)
    __arm_cp.1_0                             0x08001e70   Number         4  i2c.o(.text.MX_I2C2_Init)
    __arm_cp.1_1                             0x08001e74   Number         4  i2c.o(.text.MX_I2C2_Init)
    __arm_cp.1_2                             0x08001e78   Number         4  i2c.o(.text.MX_I2C2_Init)
    [Anonymous Symbol]                       0x08001e7c   Section        0  usart.o(.text.MX_USART1_UART_Init)
    __arm_cp.0_0                             0x08001eac   Number         4  usart.o(.text.MX_USART1_UART_Init)
    __arm_cp.0_1                             0x08001eb0   Number         4  usart.o(.text.MX_USART1_UART_Init)
    [Anonymous Symbol]                       0x08001eb4   Section        0  stm32f1xx_it.o(.text.MemManage_Handler)
    [Anonymous Symbol]                       0x08001eb6   Section        0  stm32f1xx_it.o(.text.NMI_Handler)
    [Anonymous Symbol]                       0x08001eb8   Section        0  oled.o(.text.OLED_Clear)
    [Anonymous Symbol]                       0x08001eec   Section        0  usermain.o(.text.OLED_Display)
    __arm_cp.2_1                             0x08001f9c   Number         4  usermain.o(.text.OLED_Display)
    __arm_cp.2_3                             0x08001fa8   Number         4  usermain.o(.text.OLED_Display)
    __arm_cp.2_5                             0x08001fb4   Number         4  usermain.o(.text.OLED_Display)
    __arm_cp.2_6                             0x08001fb8   Number         4  usermain.o(.text.OLED_Display)
    __arm_cp.2_8                             0x08001fc4   Number         4  usermain.o(.text.OLED_Display)
    [Anonymous Symbol]                       0x08001fe0   Section        0  oled.o(.text.OLED_DrawBMP)
    [Anonymous Symbol]                       0x08002020   Section        0  oled.o(.text.OLED_Init)
    [Anonymous Symbol]                       0x080020ac   Section        0  oled.o(.text.OLED_Set_Pos)
    __arm_cp.0_0                             0x080020d0   Number         4  oled.o(.text.OLED_Set_Pos)
    [Anonymous Symbol]                       0x080020d4   Section        0  oled.o(.text.OLED_ShowChar)
    __arm_cp.7_0                             0x08002158   Number         4  oled.o(.text.OLED_ShowChar)
    __arm_cp.7_1                             0x0800215c   Number         4  oled.o(.text.OLED_ShowChar)
    [Anonymous Symbol]                       0x08002160   Section        0  oled.o(.text.OLED_ShowNum)
    [Anonymous Symbol]                       0x080021f2   Section        0  oled.o(.text.OLED_ShowString)
    OLED_Write_Cmd                           0x08002225   Thumb Code    36  oled.o(.text.OLED_Write_Cmd)
    [Anonymous Symbol]                       0x08002224   Section        0  oled.o(.text.OLED_Write_Cmd)
    OLED_Write_Dat                           0x08002249   Thumb Code    40  oled.o(.text.OLED_Write_Dat)
    [Anonymous Symbol]                       0x08002248   Section        0  oled.o(.text.OLED_Write_Dat)
    __arm_cp.5_0                             0x0800226c   Number         4  oled.o(.text.OLED_Write_Dat)
    [Anonymous Symbol]                       0x08002270   Section        0  stm32f1xx_it.o(.text.PendSV_Handler)
    [Anonymous Symbol]                       0x08002274   Section        0  sht30_i2c_drv.o(.text.SHT30_Dat_To_Float)
    __arm_cp.5_0                             0x080022d8   Number         4  sht30_i2c_drv.o(.text.SHT30_Dat_To_Float)
    __arm_cp.5_1                             0x080022dc   Number         4  sht30_i2c_drv.o(.text.SHT30_Dat_To_Float)
    __arm_cp.5_2                             0x080022e0   Number         4  sht30_i2c_drv.o(.text.SHT30_Dat_To_Float)
    __arm_cp.5_3                             0x080022e4   Number         4  sht30_i2c_drv.o(.text.SHT30_Dat_To_Float)
    [Anonymous Symbol]                       0x080022e8   Section        0  sht30_i2c_drv.o(.text.SHT30_Init)
    [Anonymous Symbol]                       0x080022f0   Section        0  sht30_i2c_drv.o(.text.SHT30_Read_Dat)
    [Anonymous Symbol]                       0x08002310   Section        0  sht30_i2c_drv.o(.text.SHT30_Reset)
    SHT30_Send_Cmd                           0x08002325   Thumb Code    36  sht30_i2c_drv.o(.text.SHT30_Send_Cmd)
    [Anonymous Symbol]                       0x08002324   Section        0  sht30_i2c_drv.o(.text.SHT30_Send_Cmd)
    __arm_cp.1_0                             0x08002344   Number         4  sht30_i2c_drv.o(.text.SHT30_Send_Cmd)
    [Anonymous Symbol]                       0x08002348   Section        0  sht30_i2c_drv.o(.text.SHT30_Update)
    __arm_cp.6_0                             0x080023c8   Number         4  sht30_i2c_drv.o(.text.SHT30_Update)
    __arm_cp.6_4                             0x0800241c   Number         4  sht30_i2c_drv.o(.text.SHT30_Update)
    [Anonymous Symbol]                       0x08002420   Section        0  stm32f1xx_it.o(.text.SVC_Handler)
    [Anonymous Symbol]                       0x08002422   Section        0  stm32f1xx_it.o(.text.SysTick_Handler)
    [Anonymous Symbol]                       0x08002426   Section        0  main.o(.text.SystemClock_Config)
    [Anonymous Symbol]                       0x08002470   Section        0  system_stm32f1xx.o(.text.SystemInit)
    __arm_cp.0_0                             0x080024ac   Number         4  system_stm32f1xx.o(.text.SystemInit)
    __arm_cp.0_1                             0x080024b0   Number         4  system_stm32f1xx.o(.text.SystemInit)
    __arm_cp.0_2                             0x080024b4   Number         4  system_stm32f1xx.o(.text.SystemInit)
    __arm_cp.0_3                             0x080024b8   Number         4  system_stm32f1xx.o(.text.SystemInit)
    UART_SetConfig                           0x080024bd   Thumb Code   128  stm32f1xx_hal_uart.o(.text.UART_SetConfig)
    [Anonymous Symbol]                       0x080024bc   Section        0  stm32f1xx_hal_uart.o(.text.UART_SetConfig)
    __arm_cp.2_0                             0x08002538   Number         4  stm32f1xx_hal_uart.o(.text.UART_SetConfig)
    UART_WaitOnFlagUntilTimeout              0x0800253d   Thumb Code    88  stm32f1xx_hal_uart.o(.text.UART_WaitOnFlagUntilTimeout)
    [Anonymous Symbol]                       0x0800253c   Section        0  stm32f1xx_hal_uart.o(.text.UART_WaitOnFlagUntilTimeout)
    [Anonymous Symbol]                       0x08002594   Section        0  stm32f1xx_it.o(.text.UsageFault_Handler)
    [Anonymous Symbol]                       0x08002598   Section        0  usermain.o(.text.UserInit)
    __arm_cp.1_0                             0x080025e8   Number         4  usermain.o(.text.UserInit)
    [Anonymous Symbol]                       0x08002610   Section        0  usermain.o(.text.Usermain)
    __NVIC_SetPriority                       0x08002629   Thumb Code    36  stm32f1xx_hal_cortex.o(.text.__NVIC_SetPriority)
    [Anonymous Symbol]                       0x08002628   Section        0  stm32f1xx_hal_cortex.o(.text.__NVIC_SetPriority)
    __arm_cp.2_0                             0x08002644   Number         4  stm32f1xx_hal_cortex.o(.text.__NVIC_SetPriority)
    __arm_cp.2_1                             0x08002648   Number         4  stm32f1xx_hal_cortex.o(.text.__NVIC_SetPriority)
    [Anonymous Symbol]                       0x0800264c   Section        0  usermain.o(.text.fputc)
    __arm_cp.3_0                             0x08002668   Number         4  usermain.o(.text.fputc)
    [Anonymous Symbol]                       0x0800266c   Section        0  main.o(.text.main)
    i.__0printf                              0x08002690   Section        0  printfa.o(i.__0printf)
    i.__0sprintf                             0x080026b0   Section        0  printfa.o(i.__0sprintf)
    i.__scatterload_copy                     0x080026d8   Section       14  handlers.o(i.__scatterload_copy)
    i.__scatterload_null                     0x080026e6   Section        2  handlers.o(i.__scatterload_null)
    i.__scatterload_zeroinit                 0x080026e8   Section       14  handlers.o(i.__scatterload_zeroinit)
    _fp_digits                               0x080026f9   Thumb Code   366  printfa.o(i._fp_digits)
    i._fp_digits                             0x080026f8   Section        0  printfa.o(i._fp_digits)
    _printf_core                             0x0800287d   Thumb Code  1744  printfa.o(i._printf_core)
    i._printf_core                           0x0800287c   Section        0  printfa.o(i._printf_core)
    _printf_post_padding                     0x08002f59   Thumb Code    36  printfa.o(i._printf_post_padding)
    i._printf_post_padding                   0x08002f58   Section        0  printfa.o(i._printf_post_padding)
    _printf_pre_padding                      0x08002f7d   Thumb Code    46  printfa.o(i._printf_pre_padding)
    i._printf_pre_padding                    0x08002f7c   Section        0  printfa.o(i._printf_pre_padding)
    _sputc                                   0x08002fab   Thumb Code    10  printfa.o(i._sputc)
    i._sputc                                 0x08002faa   Section        0  printfa.o(i._sputc)
    i.puts                                   0x08002fb4   Section        0  puts.o(i.puts)
    .L.str.7                                 0x08003808   Data           2  usermain.o(.rodata.str1.1)
    [Anonymous Symbol]                       0x08003808   Section        0  usermain.o(.rodata.str1.1)
    .L.str.9                                 0x0800380a   Data           2  usermain.o(.rodata.str1.1)
    .L.str.8                                 0x0800380c   Data           2  usermain.o(.rodata.str1.1)
    .L.str.5                                 0x0800380e   Data           2  usermain.o(.rodata.str1.1)
    .L.str.3                                 0x08003810   Data           5  sht30_i2c_drv.o(.rodata.str1.1)
    [Anonymous Symbol]                       0x08003810   Section        0  sht30_i2c_drv.o(.rodata.str1.1)
    .data                                    0x20000000   Section        4  stdout.o(.data)
    [Anonymous Symbol]                       0x20000004   Section        0  stm32f1xx_hal.o(.data..L_MergedGlobals)
    [Anonymous Symbol]                       0x20000418   Section        0  sht30_i2c_drv.o(.bss..L_MergedGlobals)
    STACK                                    0x20000578   Section     1024  startup_stm32f103xb.o(STACK)

    Global Symbols

    Symbol Name                              Value     Ov Type        Size  Object(Section)

    BuildAttributes$$THM_ISAv4$P$D$K$B$S$PE$A:L22UL41UL21$X:L11$S22US41US21$IEEE1$IW$~IW$USESV6$~STKCKD$USESV7$~SHL$OTIME$ROPI$EBA8$MICROLIB$REQ8$PRES8$EABIv2 0x00000000   Number         0  anon$$obj.o ABSOLUTE
    _printf_a                                0x00000000   Number         0  printfstubs.o ABSOLUTE
    _printf_c                                0x00000000   Number         0  printfstubs.o ABSOLUTE
    _printf_charcount                        0x00000000   Number         0  printfstubs.o ABSOLUTE
    _printf_d                                0x00000000   Number         0  printfstubs.o ABSOLUTE
    _printf_e                                0x00000000   Number         0  printfstubs.o ABSOLUTE
    _printf_f                                0x00000000   Number         0  printfstubs.o ABSOLUTE
    _printf_flags                            0x00000000   Number         0  printfstubs.o ABSOLUTE
    _printf_fp_dec                           0x00000000   Number         0  printfstubs.o ABSOLUTE
    _printf_fp_hex                           0x00000000   Number         0  printfstubs.o ABSOLUTE
    _printf_g                                0x00000000   Number         0  printfstubs.o ABSOLUTE
    _printf_i                                0x00000000   Number         0  printfstubs.o ABSOLUTE
    _printf_int_dec                          0x00000000   Number         0  printfstubs.o ABSOLUTE
    _printf_l                                0x00000000   Number         0  printfstubs.o ABSOLUTE
    _printf_lc                               0x00000000   Number         0  printfstubs.o ABSOLUTE
    _printf_ll                               0x00000000   Number         0  printfstubs.o ABSOLUTE
    _printf_lld                              0x00000000   Number         0  printfstubs.o ABSOLUTE
    _printf_lli                              0x00000000   Number         0  printfstubs.o ABSOLUTE
    _printf_llo                              0x00000000   Number         0  printfstubs.o ABSOLUTE
    _printf_llu                              0x00000000   Number         0  printfstubs.o ABSOLUTE
    _printf_llx                              0x00000000   Number         0  printfstubs.o ABSOLUTE
    _printf_longlong_dec                     0x00000000   Number         0  printfstubs.o ABSOLUTE
    _printf_longlong_hex                     0x00000000   Number         0  printfstubs.o ABSOLUTE
    _printf_longlong_oct                     0x00000000   Number         0  printfstubs.o ABSOLUTE
    _printf_ls                               0x00000000   Number         0  printfstubs.o ABSOLUTE
    _printf_mbtowc                           0x00000000   Number         0  printfstubs.o ABSOLUTE
    _printf_n                                0x00000000   Number         0  printfstubs.o ABSOLUTE
    _printf_o                                0x00000000   Number         0  printfstubs.o ABSOLUTE
    _printf_p                                0x00000000   Number         0  printfstubs.o ABSOLUTE
    _printf_percent                          0x00000000   Number         0  printfstubs.o ABSOLUTE
    _printf_pre_padding                      0x00000000   Number         0  printfstubs.o ABSOLUTE
    _printf_return_value                     0x00000000   Number         0  printfstubs.o ABSOLUTE
    _printf_s                                0x00000000   Number         0  printfstubs.o ABSOLUTE
    _printf_sizespec                         0x00000000   Number         0  printfstubs.o ABSOLUTE
    _printf_str                              0x00000000   Number         0  printfstubs.o ABSOLUTE
    _printf_truncate_signed                  0x00000000   Number         0  printfstubs.o ABSOLUTE
    _printf_truncate_unsigned                0x00000000   Number         0  printfstubs.o ABSOLUTE
    _printf_u                                0x00000000   Number         0  printfstubs.o ABSOLUTE
    _printf_wc                               0x00000000   Number         0  printfstubs.o ABSOLUTE
    _printf_wctomb                           0x00000000   Number         0  printfstubs.o ABSOLUTE
    _printf_widthprec                        0x00000000   Number         0  printfstubs.o ABSOLUTE
    _printf_x                                0x00000000   Number         0  printfstubs.o ABSOLUTE
    __cpp_initialize__aeabi_                  - Undefined Weak Reference
    __cxa_finalize                            - Undefined Weak Reference
    _clock_init                               - Undefined Weak Reference
    _microlib_exit                            - Undefined Weak Reference
    __Vectors_Size                           0x000000ec   Number         0  startup_stm32f103xb.o ABSOLUTE
    __Vectors                                0x08000000   Data           4  startup_stm32f103xb.o(RESET)
    __Vectors_End                            0x080000ec   Data           0  startup_stm32f103xb.o(RESET)
    __main                                   0x080000ed   Thumb Code     0  entry.o(.ARM.Collect$$$$00000000)
    _main_stk                                0x080000ed   Thumb Code     0  entry2.o(.ARM.Collect$$$$00000001)
    _main_scatterload                        0x080000f1   Thumb Code     0  entry5.o(.ARM.Collect$$$$00000004)
    __main_after_scatterload                 0x080000f5   Thumb Code     0  entry5.o(.ARM.Collect$$$$00000004)
    _main_clock                              0x080000f5   Thumb Code     0  entry7b.o(.ARM.Collect$$$$00000008)
    _main_cpp_init                           0x080000f5   Thumb Code     0  entry8b.o(.ARM.Collect$$$$0000000A)
    _main_init                               0x080000f5   Thumb Code     0  entry9a.o(.ARM.Collect$$$$0000000B)
    __rt_final_cpp                           0x080000fd   Thumb Code     0  entry10a.o(.ARM.Collect$$$$0000000D)
    __rt_final_exit                          0x080000fd   Thumb Code     0  entry11a.o(.ARM.Collect$$$$0000000F)
    Reset_Handler                            0x08000101   Thumb Code     8  startup_stm32f103xb.o(.text)
    ADC1_2_IRQHandler                        0x0800011b   Thumb Code     0  startup_stm32f103xb.o(.text)
    CAN1_RX1_IRQHandler                      0x0800011b   Thumb Code     0  startup_stm32f103xb.o(.text)
    CAN1_SCE_IRQHandler                      0x0800011b   Thumb Code     0  startup_stm32f103xb.o(.text)
    DMA1_Channel1_IRQHandler                 0x0800011b   Thumb Code     0  startup_stm32f103xb.o(.text)
    DMA1_Channel2_IRQHandler                 0x0800011b   Thumb Code     0  startup_stm32f103xb.o(.text)
    DMA1_Channel3_IRQHandler                 0x0800011b   Thumb Code     0  startup_stm32f103xb.o(.text)
    DMA1_Channel4_IRQHandler                 0x0800011b   Thumb Code     0  startup_stm32f103xb.o(.text)
    DMA1_Channel5_IRQHandler                 0x0800011b   Thumb Code     0  startup_stm32f103xb.o(.text)
    DMA1_Channel6_IRQHandler                 0x0800011b   Thumb Code     0  startup_stm32f103xb.o(.text)
    DMA1_Channel7_IRQHandler                 0x0800011b   Thumb Code     0  startup_stm32f103xb.o(.text)
    EXTI0_IRQHandler                         0x0800011b   Thumb Code     0  startup_stm32f103xb.o(.text)
    EXTI1_IRQHandler                         0x0800011b   Thumb Code     0  startup_stm32f103xb.o(.text)
    EXTI2_IRQHandler                         0x0800011b   Thumb Code     0  startup_stm32f103xb.o(.text)
    EXTI3_IRQHandler                         0x0800011b   Thumb Code     0  startup_stm32f103xb.o(.text)
    EXTI4_IRQHandler                         0x0800011b   Thumb Code     0  startup_stm32f103xb.o(.text)
    EXTI9_5_IRQHandler                       0x0800011b   Thumb Code     0  startup_stm32f103xb.o(.text)
    FLASH_IRQHandler                         0x0800011b   Thumb Code     0  startup_stm32f103xb.o(.text)
    I2C1_ER_IRQHandler                       0x0800011b   Thumb Code     0  startup_stm32f103xb.o(.text)
    I2C1_EV_IRQHandler                       0x0800011b   Thumb Code     0  startup_stm32f103xb.o(.text)
    I2C2_ER_IRQHandler                       0x0800011b   Thumb Code     0  startup_stm32f103xb.o(.text)
    I2C2_EV_IRQHandler                       0x0800011b   Thumb Code     0  startup_stm32f103xb.o(.text)
    PVD_IRQHandler                           0x0800011b   Thumb Code     0  startup_stm32f103xb.o(.text)
    RCC_IRQHandler                           0x0800011b   Thumb Code     0  startup_stm32f103xb.o(.text)
    RTC_Alarm_IRQHandler                     0x0800011b   Thumb Code     0  startup_stm32f103xb.o(.text)
    RTC_IRQHandler                           0x0800011b   Thumb Code     0  startup_stm32f103xb.o(.text)
    SPI1_IRQHandler                          0x0800011b   Thumb Code     0  startup_stm32f103xb.o(.text)
    SPI2_IRQHandler                          0x0800011b   Thumb Code     0  startup_stm32f103xb.o(.text)
    TAMPER_IRQHandler                        0x0800011b   Thumb Code     0  startup_stm32f103xb.o(.text)
    TIM1_BRK_IRQHandler                      0x0800011b   Thumb Code     0  startup_stm32f103xb.o(.text)
    TIM1_CC_IRQHandler                       0x0800011b   Thumb Code     0  startup_stm32f103xb.o(.text)
    TIM1_TRG_COM_IRQHandler                  0x0800011b   Thumb Code     0  startup_stm32f103xb.o(.text)
    TIM1_UP_IRQHandler                       0x0800011b   Thumb Code     0  startup_stm32f103xb.o(.text)
    TIM2_IRQHandler                          0x0800011b   Thumb Code     0  startup_stm32f103xb.o(.text)
    TIM3_IRQHandler                          0x0800011b   Thumb Code     0  startup_stm32f103xb.o(.text)
    TIM4_IRQHandler                          0x0800011b   Thumb Code     0  startup_stm32f103xb.o(.text)
    USART1_IRQHandler                        0x0800011b   Thumb Code     0  startup_stm32f103xb.o(.text)
    USART2_IRQHandler                        0x0800011b   Thumb Code     0  startup_stm32f103xb.o(.text)
    USART3_IRQHandler                        0x0800011b   Thumb Code     0  startup_stm32f103xb.o(.text)
    USBWakeUp_IRQHandler                     0x0800011b   Thumb Code     0  startup_stm32f103xb.o(.text)
    USB_HP_CAN1_TX_IRQHandler                0x0800011b   Thumb Code     0  startup_stm32f103xb.o(.text)
    USB_LP_CAN1_RX0_IRQHandler               0x0800011b   Thumb Code     0  startup_stm32f103xb.o(.text)
    WWDG_IRQHandler                          0x0800011b   Thumb Code     0  startup_stm32f103xb.o(.text)
    __aeabi_llsr                             0x08000125   Thumb Code    32  llushr.o(.text)
    _ll_ushift_r                             0x08000125   Thumb Code     0  llushr.o(.text)
    __aeabi_fadd                             0x08000145   Thumb Code   164  fadd.o(.text)
    __aeabi_fsub                             0x080001e9   Thumb Code     6  fadd.o(.text)
    __aeabi_frsub                            0x080001ef   Thumb Code     6  fadd.o(.text)
    __aeabi_fmul                             0x080001f5   Thumb Code   100  fmul.o(.text)
    __aeabi_fdiv                             0x08000259   Thumb Code   124  fdiv.o(.text)
    __aeabi_ui2f                             0x080002d5   Thumb Code    10  ffltui.o(.text)
    __aeabi_f2d                              0x080002df   Thumb Code    38  f2d.o(.text)
    __aeabi_uidiv                            0x08000305   Thumb Code     0  uidiv.o(.text)
    __aeabi_uidivmod                         0x08000305   Thumb Code    44  uidiv.o(.text)
    __aeabi_uldivmod                         0x08000331   Thumb Code    98  uldiv.o(.text)
    __I$use$fp                               0x08000393   Thumb Code     0  iusefp.o(.text)
    _float_round                             0x08000393   Thumb Code    18  fepilogue.o(.text)
    _float_epilogue                          0x080003a5   Thumb Code    92  fepilogue.o(.text)
    __aeabi_dadd                             0x08000401   Thumb Code   322  dadd.o(.text)
    __aeabi_dsub                             0x08000543   Thumb Code     6  dadd.o(.text)
    __aeabi_drsub                            0x08000549   Thumb Code     6  dadd.o(.text)
    __aeabi_dmul                             0x0800054f   Thumb Code   228  dmul.o(.text)
    __aeabi_ddiv                             0x08000633   Thumb Code   222  ddiv.o(.text)
    __aeabi_d2ulz                            0x08000711   Thumb Code    48  dfixul.o(.text)
    __aeabi_cdrcmple                         0x08000741   Thumb Code    48  cdrcmple.o(.text)
    __scatterload                            0x08000771   Thumb Code    28  init.o(.text)
    __scatterload_rt2                        0x08000771   Thumb Code     0  init.o(.text)
    __aeabi_llsl                             0x08000795   Thumb Code    30  llshl.o(.text)
    _ll_shift_l                              0x08000795   Thumb Code     0  llshl.o(.text)
    __aeabi_lasr                             0x080007b3   Thumb Code    36  llsshr.o(.text)
    _ll_sshift_r                             0x080007b3   Thumb Code     0  llsshr.o(.text)
    _double_round                            0x080007d7   Thumb Code    30  depilogue.o(.text)
    _double_epilogue                         0x080007f5   Thumb Code   156  depilogue.o(.text)
    __decompress                             0x08000891   Thumb Code     0  __dczerorl2.o(.text)
    __decompress1                            0x08000891   Thumb Code    86  __dczerorl2.o(.text)
    BEEP_Yell_Times                          0x080008e9   Thumb Code    64  beep.o(.text.BEEP_Yell_Times)
    BusFault_Handler                         0x08000929   Thumb Code     2  stm32f1xx_it.o(.text.BusFault_Handler)
    CheckCrc8                                0x0800092b   Thumb Code    48  sht30_i2c_drv.o(.text.CheckCrc8)
    DebugMon_Handler                         0x0800095b   Thumb Code     2  stm32f1xx_it.o(.text.DebugMon_Handler)
    EXTI15_10_IRQHandler                     0x0800095d   Thumb Code     8  stm32f1xx_it.o(.text.EXTI15_10_IRQHandler)
    Error_Handler                            0x08000965   Thumb Code     2  main.o(.text.Error_Handler)
    Esp8266_StatusConfirm                    0x08000969   Thumb Code   112  esp8266.o(.text.Esp8266_StatusConfirm)
    HAL_CRC_Init                             0x080009d9   Thumb Code    32  stm32f1xx_hal_crc.o(.text.HAL_CRC_Init)
    HAL_CRC_MspInit                          0x080009f9   Thumb Code    44  crc.o(.text.HAL_CRC_MspInit)
    HAL_Delay                                0x08000a25   Thumb Code    36  stm32f1xx_hal.o(.text.HAL_Delay)
    HAL_GPIO_EXTI_Callback                   0x08000a49   Thumb Code    28  gpio.o(.text.HAL_GPIO_EXTI_Callback)
    HAL_GPIO_EXTI_IRQHandler                 0x08000a65   Thumb Code    20  stm32f1xx_hal_gpio.o(.text.HAL_GPIO_EXTI_IRQHandler)
    HAL_GPIO_Init                            0x08000a79   Thumb Code   416  stm32f1xx_hal_gpio.o(.text.HAL_GPIO_Init)
    HAL_GPIO_ReadPin                         0x08000c19   Thumb Code    10  stm32f1xx_hal_gpio.o(.text.HAL_GPIO_ReadPin)
    HAL_GPIO_WritePin                        0x08000c23   Thumb Code    10  stm32f1xx_hal_gpio.o(.text.HAL_GPIO_WritePin)
    HAL_GetTick                              0x08000c2d   Thumb Code    12  stm32f1xx_hal.o(.text.HAL_GetTick)
    HAL_I2C_Init                             0x08000c39   Thumb Code   360  stm32f1xx_hal_i2c.o(.text.HAL_I2C_Init)
    HAL_I2C_Master_Receive                   0x08000da1   Thumb Code   808  stm32f1xx_hal_i2c.o(.text.HAL_I2C_Master_Receive)
    HAL_I2C_Master_Transmit                  0x080010c9   Thumb Code   400  stm32f1xx_hal_i2c.o(.text.HAL_I2C_Master_Transmit)
    HAL_I2C_MspInit                          0x08001259   Thumb Code   160  i2c.o(.text.HAL_I2C_MspInit)
    HAL_IncTick                              0x080012f9   Thumb Code    20  stm32f1xx_hal.o(.text.HAL_IncTick)
    HAL_Init                                 0x0800130d   Thumb Code    32  stm32f1xx_hal.o(.text.HAL_Init)
    HAL_InitTick                             0x0800132d   Thumb Code    60  stm32f1xx_hal.o(.text.HAL_InitTick)
    HAL_MspInit                              0x08001369   Thumb Code    68  stm32f1xx_hal_msp.o(.text.HAL_MspInit)
    HAL_NVIC_EnableIRQ                       0x080013ad   Thumb Code    28  stm32f1xx_hal_cortex.o(.text.HAL_NVIC_EnableIRQ)
    HAL_NVIC_SetPriority                     0x080013c9   Thumb Code    56  stm32f1xx_hal_cortex.o(.text.HAL_NVIC_SetPriority)
    HAL_NVIC_SetPriorityGrouping             0x08001401   Thumb Code    32  stm32f1xx_hal_cortex.o(.text.HAL_NVIC_SetPriorityGrouping)
    HAL_RCC_ClockConfig                      0x08001421   Thumb Code   312  stm32f1xx_hal_rcc.o(.text.HAL_RCC_ClockConfig)
    HAL_RCC_GetPCLK1Freq                     0x08001559   Thumb Code    20  stm32f1xx_hal_rcc.o(.text.HAL_RCC_GetPCLK1Freq)
    HAL_RCC_GetPCLK2Freq                     0x0800156d   Thumb Code    28  stm32f1xx_hal_rcc.o(.text.HAL_RCC_GetPCLK2Freq)
    HAL_RCC_GetSysClockFreq                  0x08001589   Thumb Code    84  stm32f1xx_hal_rcc.o(.text.HAL_RCC_GetSysClockFreq)
    HAL_RCC_OscConfig                        0x080015dd   Thumb Code   820  stm32f1xx_hal_rcc.o(.text.HAL_RCC_OscConfig)
    HAL_SYSTICK_Config                       0x08001911   Thumb Code    40  stm32f1xx_hal_cortex.o(.text.HAL_SYSTICK_Config)
    HAL_UART_Init                            0x08001939   Thumb Code    92  stm32f1xx_hal_uart.o(.text.HAL_UART_Init)
    HAL_UART_MspInit                         0x08001995   Thumb Code   120  usart.o(.text.HAL_UART_MspInit)
    HAL_UART_Transmit                        0x08001a0d   Thumb Code   172  stm32f1xx_hal_uart.o(.text.HAL_UART_Transmit)
    HardFault_Handler                        0x08001ab9   Thumb Code     2  stm32f1xx_it.o(.text.HardFault_Handler)
    Humidifier_Off                           0x08001abd   Thumb Code    12  humidifiercontrol.o(.text.Humidifier_Off)
    Humidifier_On                            0x08001ac9   Thumb Code    12  humidifiercontrol.o(.text.Humidifier_On)
    Humidifier_Play                          0x08001ad5   Thumb Code    24  humidifiercontrol.o(.text.Humidifier_Play)
    MX_CRC_Init                              0x08001d21   Thumb Code    32  crc.o(.text.MX_CRC_Init)
    MX_GPIO_Init                             0x08001d41   Thumb Code   200  gpio.o(.text.MX_GPIO_Init)
    MX_I2C1_Init                             0x08001e09   Thumb Code    56  i2c.o(.text.MX_I2C1_Init)
    MX_I2C2_Init                             0x08001e41   Thumb Code    60  i2c.o(.text.MX_I2C2_Init)
    MX_USART1_UART_Init                      0x08001e7d   Thumb Code    56  usart.o(.text.MX_USART1_UART_Init)
    MemManage_Handler                        0x08001eb5   Thumb Code     2  stm32f1xx_it.o(.text.MemManage_Handler)
    NMI_Handler                              0x08001eb7   Thumb Code     2  stm32f1xx_it.o(.text.NMI_Handler)
    OLED_Clear                               0x08001eb9   Thumb Code    52  oled.o(.text.OLED_Clear)
    OLED_Display                             0x08001eed   Thumb Code   244  usermain.o(.text.OLED_Display)
    OLED_DrawBMP                             0x08001fe1   Thumb Code    62  oled.o(.text.OLED_DrawBMP)
    OLED_Init                                0x08002021   Thumb Code   140  oled.o(.text.OLED_Init)
    OLED_Set_Pos                             0x080020ad   Thumb Code    40  oled.o(.text.OLED_Set_Pos)
    OLED_ShowChar                            0x080020d5   Thumb Code   140  oled.o(.text.OLED_ShowChar)
    OLED_ShowNum                             0x08002161   Thumb Code   146  oled.o(.text.OLED_ShowNum)
    OLED_ShowString                          0x080021f3   Thumb Code    50  oled.o(.text.OLED_ShowString)
    PendSV_Handler                           0x08002271   Thumb Code     2  stm32f1xx_it.o(.text.PendSV_Handler)
    SHT30_Dat_To_Float                       0x08002275   Thumb Code   116  sht30_i2c_drv.o(.text.SHT30_Dat_To_Float)
    SHT30_Init                               0x080022e9   Thumb Code     8  sht30_i2c_drv.o(.text.SHT30_Init)
    SHT30_Read_Dat                           0x080022f1   Thumb Code    32  sht30_i2c_drv.o(.text.SHT30_Read_Dat)
    SHT30_Reset                              0x08002311   Thumb Code    20  sht30_i2c_drv.o(.text.SHT30_Reset)
    SHT30_Update                             0x08002349   Thumb Code   216  sht30_i2c_drv.o(.text.SHT30_Update)
    SVC_Handler                              0x08002421   Thumb Code     2  stm32f1xx_it.o(.text.SVC_Handler)
    SysTick_Handler                          0x08002423   Thumb Code     4  stm32f1xx_it.o(.text.SysTick_Handler)
    SystemClock_Config                       0x08002427   Thumb Code    74  main.o(.text.SystemClock_Config)
    SystemInit                               0x08002471   Thumb Code    76  system_stm32f1xx.o(.text.SystemInit)
    UsageFault_Handler                       0x08002595   Thumb Code     2  stm32f1xx_it.o(.text.UsageFault_Handler)
    UserInit                                 0x08002599   Thumb Code   120  usermain.o(.text.UserInit)
    Usermain                                 0x08002611   Thumb Code    22  usermain.o(.text.Usermain)
    fputc                                    0x0800264d   Thumb Code    32  usermain.o(.text.fputc)
    main                                     0x0800266d   Thumb Code    34  main.o(.text.main)
    __0printf                                0x08002691   Thumb Code    22  printfa.o(i.__0printf)
    __1printf                                0x08002691   Thumb Code     0  printfa.o(i.__0printf)
    __2printf                                0x08002691   Thumb Code     0  printfa.o(i.__0printf)
    __c89printf                              0x08002691   Thumb Code     0  printfa.o(i.__0printf)
    printf                                   0x08002691   Thumb Code     0  printfa.o(i.__0printf)
    __0sprintf                               0x080026b1   Thumb Code    34  printfa.o(i.__0sprintf)
    __1sprintf                               0x080026b1   Thumb Code     0  printfa.o(i.__0sprintf)
    __2sprintf                               0x080026b1   Thumb Code     0  printfa.o(i.__0sprintf)
    __c89sprintf                             0x080026b1   Thumb Code     0  printfa.o(i.__0sprintf)
    sprintf                                  0x080026b1   Thumb Code     0  printfa.o(i.__0sprintf)
    __scatterload_copy                       0x080026d9   Thumb Code    14  handlers.o(i.__scatterload_copy)
    __scatterload_null                       0x080026e7   Thumb Code     2  handlers.o(i.__scatterload_null)
    __scatterload_zeroinit                   0x080026e9   Thumb Code    14  handlers.o(i.__scatterload_zeroinit)
    puts                                     0x08002fb5   Thumb Code    30  puts.o(i.puts)
    AHBPrescTable                            0x08002fd8   Data          16  system_stm32f1xx.o(.rodata.AHBPrescTable)
    APBPrescTable                            0x08002fe8   Data           8  system_stm32f1xx.o(.rodata.APBPrescTable)
    F6x8                                     0x08002ff0   Data         552  oled.o(.rodata.F6x8)
    F8X16                                    0x08003218   Data        1520  oled.o(.rodata.F8X16)
    Region$$Table$$Base                      0x08003818   Number         0  anon$$obj.o(Region$$Table)
    Region$$Table$$Limit                     0x08003838   Number         0  anon$$obj.o(Region$$Table)
    __stdout                                 0x20000000   Data           4  stdout.o(.data)
    uwTickFreq                               0x20000004   Data           1  stm32f1xx_hal.o(.data..L_MergedGlobals)
    uwTickPrio                               0x20000008   Data           4  stm32f1xx_hal.o(.data..L_MergedGlobals)
    BMP1                                     0x2000000c   Data        1024  oled.o(.data.BMP1)
    Hum_Sta                                  0x2000040c   Data           1  humidifiercontrol.o(.data.Hum_Sta)
    SystemCoreClock                          0x20000410   Data           4  system_stm32f1xx.o(.data.SystemCoreClock)
    temperature                              0x20000418   Data           4  sht30_i2c_drv.o(.bss..L_MergedGlobals)
    humidity                                 0x2000041c   Data           4  sht30_i2c_drv.o(.bss..L_MergedGlobals)
    recv_dat                                 0x20000420   Data           6  sht30_i2c_drv.o(.bss..L_MergedGlobals)
    TEMP                                     0x20000426   Data          45  sht30_i2c_drv.o(.bss..L_MergedGlobals)
    HUMI                                     0x20000453   Data          45  sht30_i2c_drv.o(.bss..L_MergedGlobals)
    Hum_Mod                                  0x20000480   Data           1  humidifiercontrol.o(.bss.Hum_Mod)
    hcrc                                     0x20000484   Data           8  crc.o(.bss.hcrc)
    hi2c1                                    0x2000048c   Data          84  i2c.o(.bss.hi2c1)
    hi2c2                                    0x200004e0   Data          84  i2c.o(.bss.hi2c2)
    huart1                                   0x20000534   Data          64  usart.o(.bss.huart1)
    uwTick                                   0x20000574   Data           4  stm32f1xx_hal.o(.bss.uwTick)
    __initial_sp                             0x20000978   Data           0  startup_stm32f103xb.o(STACK)



==============================================================================

Memory Map of the image

  Image Entry point : 0x080000ed

  Load Region LR_IROM1 (Base: 0x08000000, Size: 0x00003c50, Max: 0x00010000, ABSOLUTE, COMPRESSED[0x00003930])

    Execution Region ER_IROM1 (Exec base: 0x08000000, Load base: 0x08000000, Size: 0x00003838, Max: 0x00010000, ABSOLUTE)

    Exec Addr    Load Addr    Size         Type   Attr      Idx    E Section Name        Object

    0x08000000   0x08000000   0x000000ec   Data   RO            3    RESET               startup_stm32f103xb.o
    0x080000ec   0x080000ec   0x00000000   Code   RO          874  * .ARM.Collect$$$$00000000  mc_w.l(entry.o)
    0x080000ec   0x080000ec   0x00000004   Code   RO         1154    .ARM.Collect$$$$00000001  mc_w.l(entry2.o)
    0x080000f0   0x080000f0   0x00000004   Code   RO         1157    .ARM.Collect$$$$00000004  mc_w.l(entry5.o)
    0x080000f4   0x080000f4   0x00000000   Code   RO         1159    .ARM.Collect$$$$00000008  mc_w.l(entry7b.o)
    0x080000f4   0x080000f4   0x00000000   Code   RO         1161    .ARM.Collect$$$$0000000A  mc_w.l(entry8b.o)
    0x080000f4   0x080000f4   0x00000008   Code   RO         1162    .ARM.Collect$$$$0000000B  mc_w.l(entry9a.o)
    0x080000fc   0x080000fc   0x00000000   Code   RO         1164    .ARM.Collect$$$$0000000D  mc_w.l(entry10a.o)
    0x080000fc   0x080000fc   0x00000000   Code   RO         1166    .ARM.Collect$$$$0000000F  mc_w.l(entry11a.o)
    0x080000fc   0x080000fc   0x00000004   Code   RO         1155    .ARM.Collect$$$$00002712  mc_w.l(entry2.o)
    0x08000100   0x08000100   0x00000024   Code   RO            4    .text               startup_stm32f103xb.o
    0x08000124   0x08000124   0x00000020   Code   RO          881    .text               mc_w.l(llushr.o)
    0x08000144   0x08000144   0x000000b0   Code   RO         1144    .text               mf_w.l(fadd.o)
    0x080001f4   0x080001f4   0x00000064   Code   RO         1146    .text               mf_w.l(fmul.o)
    0x08000258   0x08000258   0x0000007c   Code   RO         1148    .text               mf_w.l(fdiv.o)
    0x080002d4   0x080002d4   0x0000000a   Code   RO         1150    .text               mf_w.l(ffltui.o)
    0x080002de   0x080002de   0x00000026   Code   RO         1152    .text               mf_w.l(f2d.o)
    0x08000304   0x08000304   0x0000002c   Code   RO         1169    .text               mc_w.l(uidiv.o)
    0x08000330   0x08000330   0x00000062   Code   RO         1171    .text               mc_w.l(uldiv.o)
    0x08000392   0x08000392   0x00000000   Code   RO         1173    .text               mc_w.l(iusefp.o)
    0x08000392   0x08000392   0x0000006e   Code   RO         1174    .text               mf_w.l(fepilogue.o)
    0x08000400   0x08000400   0x0000014e   Code   RO         1176    .text               mf_w.l(dadd.o)
    0x0800054e   0x0800054e   0x000000e4   Code   RO         1178    .text               mf_w.l(dmul.o)
    0x08000632   0x08000632   0x000000de   Code   RO         1180    .text               mf_w.l(ddiv.o)
    0x08000710   0x08000710   0x00000030   Code   RO         1182    .text               mf_w.l(dfixul.o)
    0x08000740   0x08000740   0x00000030   Code   RO         1184    .text               mf_w.l(cdrcmple.o)
    0x08000770   0x08000770   0x00000024   Code   RO         1186    .text               mc_w.l(init.o)
    0x08000794   0x08000794   0x0000001e   Code   RO         1188    .text               mc_w.l(llshl.o)
    0x080007b2   0x080007b2   0x00000024   Code   RO         1190    .text               mc_w.l(llsshr.o)
    0x080007d6   0x080007d6   0x000000ba   Code   RO         1192    .text               mf_w.l(depilogue.o)
    0x08000890   0x08000890   0x00000056   Code   RO         1202    .text               mc_w.l(__dczerorl2.o)
    0x080008e6   0x080008e6   0x00000002   PAD
    0x080008e8   0x080008e8   0x00000040   Code   RO          865    .text.BEEP_Yell_Times  beep.o
    0x08000928   0x08000928   0x00000002   Code   RO           91    .text.BusFault_Handler  stm32f1xx_it.o
    0x0800092a   0x0800092a   0x00000030   Code   RO          807    .text.CheckCrc8     sht30_i2c_drv.o
    0x0800095a   0x0800095a   0x00000002   Code   RO           97    .text.DebugMon_Handler  stm32f1xx_it.o
    0x0800095c   0x0800095c   0x00000008   Code   RO          103    .text.EXTI15_10_IRQHandler  stm32f1xx_it.o
    0x08000964   0x08000964   0x00000002   Code   RO           15    .text.Error_Handler  main.o
    0x08000966   0x08000966   0x00000002   PAD
    0x08000968   0x08000968   0x00000070   Code   RO          776    .text.Esp8266_StatusConfirm  esp8266.o
    0x080009d8   0x080009d8   0x00000020   Code   RO          135    .text.HAL_CRC_Init  stm32f1xx_hal_crc.o
    0x080009f8   0x080009f8   0x0000002c   Code   RO           39    .text.HAL_CRC_MspInit  crc.o
    0x08000a24   0x08000a24   0x00000024   Code   RO          177    .text.HAL_Delay     stm32f1xx_hal.o
    0x08000a48   0x08000a48   0x0000001c   Code   RO           27    .text.HAL_GPIO_EXTI_Callback  gpio.o
    0x08000a64   0x08000a64   0x00000014   Code   RO          279    .text.HAL_GPIO_EXTI_IRQHandler  stm32f1xx_hal_gpio.o
    0x08000a78   0x08000a78   0x000001a0   Code   RO          267    .text.HAL_GPIO_Init  stm32f1xx_hal_gpio.o
    0x08000c18   0x08000c18   0x0000000a   Code   RO          271    .text.HAL_GPIO_ReadPin  stm32f1xx_hal_gpio.o
    0x08000c22   0x08000c22   0x0000000a   Code   RO          273    .text.HAL_GPIO_WritePin  stm32f1xx_hal_gpio.o
    0x08000c2c   0x08000c2c   0x0000000c   Code   RO          169    .text.HAL_GetTick   stm32f1xx_hal.o
    0x08000c38   0x08000c38   0x00000168   Code   RO          498    .text.HAL_I2C_Init  stm32f1xx_hal_i2c.o
    0x08000da0   0x08000da0   0x00000328   Code   RO          514    .text.HAL_I2C_Master_Receive  stm32f1xx_hal_i2c.o
    0x080010c8   0x080010c8   0x00000190   Code   RO          506    .text.HAL_I2C_Master_Transmit  stm32f1xx_hal_i2c.o
    0x08001258   0x08001258   0x000000a0   Code   RO           56    .text.HAL_I2C_MspInit  i2c.o
    0x080012f8   0x080012f8   0x00000014   Code   RO          167    .text.HAL_IncTick   stm32f1xx_hal.o
    0x0800130c   0x0800130c   0x00000020   Code   RO          157    .text.HAL_Init      stm32f1xx_hal.o
    0x0800132c   0x0800132c   0x0000003c   Code   RO          159    .text.HAL_InitTick  stm32f1xx_hal.o
    0x08001368   0x08001368   0x00000044   Code   RO          112    .text.HAL_MspInit   stm32f1xx_hal_msp.o
    0x080013ac   0x080013ac   0x0000001c   Code   RO          331    .text.HAL_NVIC_EnableIRQ  stm32f1xx_hal_cortex.o
    0x080013c8   0x080013c8   0x00000038   Code   RO          327    .text.HAL_NVIC_SetPriority  stm32f1xx_hal_cortex.o
    0x08001400   0x08001400   0x00000020   Code   RO          325    .text.HAL_NVIC_SetPriorityGrouping  stm32f1xx_hal_cortex.o
    0x08001420   0x08001420   0x00000138   Code   RO          221    .text.HAL_RCC_ClockConfig  stm32f1xx_hal_rcc.o
    0x08001558   0x08001558   0x00000014   Code   RO          233    .text.HAL_RCC_GetPCLK1Freq  stm32f1xx_hal_rcc.o
    0x0800156c   0x0800156c   0x0000001c   Code   RO          235    .text.HAL_RCC_GetPCLK2Freq  stm32f1xx_hal_rcc.o
    0x08001588   0x08001588   0x00000054   Code   RO          223    .text.HAL_RCC_GetSysClockFreq  stm32f1xx_hal_rcc.o
    0x080015dc   0x080015dc   0x00000334   Code   RO          219    .text.HAL_RCC_OscConfig  stm32f1xx_hal_rcc.o
    0x08001910   0x08001910   0x00000028   Code   RO          339    .text.HAL_SYSTICK_Config  stm32f1xx_hal_cortex.o
    0x08001938   0x08001938   0x0000005c   Code   RO          630    .text.HAL_UART_Init  stm32f1xx_hal_uart.o
    0x08001994   0x08001994   0x00000078   Code   RO           72    .text.HAL_UART_MspInit  usart.o
    0x08001a0c   0x08001a0c   0x000000ac   Code   RO          646    .text.HAL_UART_Transmit  stm32f1xx_hal_uart.o
    0x08001ab8   0x08001ab8   0x00000002   Code   RO           87    .text.HardFault_Handler  stm32f1xx_it.o
    0x08001aba   0x08001aba   0x00000002   PAD
    0x08001abc   0x08001abc   0x0000000c   Code   RO          786    .text.Humidifier_Off  humidifiercontrol.o
    0x08001ac8   0x08001ac8   0x0000000c   Code   RO          784    .text.Humidifier_On  humidifiercontrol.o
    0x08001ad4   0x08001ad4   0x00000018   Code   RO          788    .text.Humidifier_Play  humidifiercontrol.o
    0x08001aec   0x08001aec   0x00000030   Code   RO          618    .text.I2C_IsAcknowledgeFailed  stm32f1xx_hal_i2c.o
    0x08001b1c   0x08001b1c   0x0000004c   Code   RO          512    .text.I2C_WaitOnBTFFlagUntilTimeout  stm32f1xx_hal_i2c.o
    0x08001b68   0x08001b68   0x00000076   Code   RO          508    .text.I2C_WaitOnFlagUntilTimeout  stm32f1xx_hal_i2c.o
    0x08001bde   0x08001bde   0x00000096   Code   RO          616    .text.I2C_WaitOnMasterAddressFlagUntilTimeout  stm32f1xx_hal_i2c.o
    0x08001c74   0x08001c74   0x0000005e   Code   RO          516    .text.I2C_WaitOnRXNEFlagUntilTimeout  stm32f1xx_hal_i2c.o
    0x08001cd2   0x08001cd2   0x0000004c   Code   RO          510    .text.I2C_WaitOnTXEFlagUntilTimeout  stm32f1xx_hal_i2c.o
    0x08001d1e   0x08001d1e   0x00000002   PAD
    0x08001d20   0x08001d20   0x00000020   Code   RO           37    .text.MX_CRC_Init   crc.o
    0x08001d40   0x08001d40   0x000000c8   Code   RO           25    .text.MX_GPIO_Init  gpio.o
    0x08001e08   0x08001e08   0x00000038   Code   RO           52    .text.MX_I2C1_Init  i2c.o
    0x08001e40   0x08001e40   0x0000003c   Code   RO           54    .text.MX_I2C2_Init  i2c.o
    0x08001e7c   0x08001e7c   0x00000038   Code   RO           70    .text.MX_USART1_UART_Init  usart.o
    0x08001eb4   0x08001eb4   0x00000002   Code   RO           89    .text.MemManage_Handler  stm32f1xx_it.o
    0x08001eb6   0x08001eb6   0x00000002   Code   RO           85    .text.NMI_Handler   stm32f1xx_it.o
    0x08001eb8   0x08001eb8   0x00000034   Code   RO          831    .text.OLED_Clear    oled.o
    0x08001eec   0x08001eec   0x000000f4   Code   RO          761    .text.OLED_Display  usermain.o
    0x08001fe0   0x08001fe0   0x0000003e   Code   RO          845    .text.OLED_DrawBMP  oled.o
    0x0800201e   0x0800201e   0x00000002   PAD
    0x08002020   0x08002020   0x0000008c   Code   RO          847    .text.OLED_Init     oled.o
    0x080020ac   0x080020ac   0x00000028   Code   RO          823    .text.OLED_Set_Pos  oled.o
    0x080020d4   0x080020d4   0x0000008c   Code   RO          837    .text.OLED_ShowChar  oled.o
    0x08002160   0x08002160   0x00000092   Code   RO          839    .text.OLED_ShowNum  oled.o
    0x080021f2   0x080021f2   0x00000032   Code   RO          841    .text.OLED_ShowString  oled.o
    0x08002224   0x08002224   0x00000024   Code   RO          825    .text.OLED_Write_Cmd  oled.o
    0x08002248   0x08002248   0x00000028   Code   RO          833    .text.OLED_Write_Dat  oled.o
    0x08002270   0x08002270   0x00000002   Code   RO           99    .text.PendSV_Handler  stm32f1xx_it.o
    0x08002272   0x08002272   0x00000002   PAD
    0x08002274   0x08002274   0x00000074   Code   RO          809    .text.SHT30_Dat_To_Float  sht30_i2c_drv.o
    0x080022e8   0x080022e8   0x00000008   Code   RO          803    .text.SHT30_Init    sht30_i2c_drv.o
    0x080022f0   0x080022f0   0x00000020   Code   RO          805    .text.SHT30_Read_Dat  sht30_i2c_drv.o
    0x08002310   0x08002310   0x00000014   Code   RO          799    .text.SHT30_Reset   sht30_i2c_drv.o
    0x08002324   0x08002324   0x00000024   Code   RO          801    .text.SHT30_Send_Cmd  sht30_i2c_drv.o
    0x08002348   0x08002348   0x000000d8   Code   RO          811    .text.SHT30_Update  sht30_i2c_drv.o
    0x08002420   0x08002420   0x00000002   Code   RO           95    .text.SVC_Handler   stm32f1xx_it.o
    0x08002422   0x08002422   0x00000004   Code   RO          101    .text.SysTick_Handler  stm32f1xx_it.o
    0x08002426   0x08002426   0x0000004a   Code   RO           13    .text.SystemClock_Config  main.o
    0x08002470   0x08002470   0x0000004c   Code   RO          742    .text.SystemInit    system_stm32f1xx.o
    0x080024bc   0x080024bc   0x00000080   Code   RO          634    .text.UART_SetConfig  stm32f1xx_hal_uart.o
    0x0800253c   0x0800253c   0x00000058   Code   RO          648    .text.UART_WaitOnFlagUntilTimeout  stm32f1xx_hal_uart.o
    0x08002594   0x08002594   0x00000002   Code   RO           93    .text.UsageFault_Handler  stm32f1xx_it.o
    0x08002596   0x08002596   0x00000002   PAD
    0x08002598   0x08002598   0x00000078   Code   RO          759    .text.UserInit      usermain.o
    0x08002610   0x08002610   0x00000016   Code   RO          757    .text.Usermain      usermain.o
    0x08002626   0x08002626   0x00000002   PAD
    0x08002628   0x08002628   0x00000024   Code   RO          329    .text.__NVIC_SetPriority  stm32f1xx_hal_cortex.o
    0x0800264c   0x0800264c   0x00000020   Code   RO          763    .text.fputc         usermain.o
    0x0800266c   0x0800266c   0x00000022   Code   RO           11    .text.main          main.o
    0x0800268e   0x0800268e   0x00000002   PAD
    0x08002690   0x08002690   0x00000020   Code   RO         1116    i.__0printf         mc_w.l(printfa.o)
    0x080026b0   0x080026b0   0x00000028   Code   RO         1118    i.__0sprintf        mc_w.l(printfa.o)
    0x080026d8   0x080026d8   0x0000000e   Code   RO         1196    i.__scatterload_copy  mc_w.l(handlers.o)
    0x080026e6   0x080026e6   0x00000002   Code   RO         1197    i.__scatterload_null  mc_w.l(handlers.o)
    0x080026e8   0x080026e8   0x0000000e   Code   RO         1198    i.__scatterload_zeroinit  mc_w.l(handlers.o)
    0x080026f6   0x080026f6   0x00000002   PAD
    0x080026f8   0x080026f8   0x00000184   Code   RO         1123    i._fp_digits        mc_w.l(printfa.o)
    0x0800287c   0x0800287c   0x000006dc   Code   RO         1124    i._printf_core      mc_w.l(printfa.o)
    0x08002f58   0x08002f58   0x00000024   Code   RO         1125    i._printf_post_padding  mc_w.l(printfa.o)
    0x08002f7c   0x08002f7c   0x0000002e   Code   RO         1126    i._printf_pre_padding  mc_w.l(printfa.o)
    0x08002faa   0x08002faa   0x0000000a   Code   RO         1128    i._sputc            mc_w.l(printfa.o)
    0x08002fb4   0x08002fb4   0x00000024   Code   RO          877    i.puts              mc_w.l(puts.o)
    0x08002fd8   0x08002fd8   0x00000010   Data   RO          747    .rodata.AHBPrescTable  system_stm32f1xx.o
    0x08002fe8   0x08002fe8   0x00000008   Data   RO          748    .rodata.APBPrescTable  system_stm32f1xx.o
    0x08002ff0   0x08002ff0   0x00000228   Data   RO          849    .rodata.F6x8        oled.o
    0x08003218   0x08003218   0x000005f0   Data   RO          850    .rodata.F8X16       oled.o
    0x08003808   0x08003808   0x00000008   Data   RO          767    .rodata.str1.1      usermain.o
    0x08003810   0x08003810   0x00000005   Data   RO          813    .rodata.str1.1      sht30_i2c_drv.o
    0x08003815   0x08003815   0x00000003   PAD
    0x08003818   0x08003818   0x00000020   Data   RO         1195    Region$$Table       anon$$obj.o


    Execution Region RW_IRAM1 (Exec base: 0x20000000, Load base: 0x08003838, Size: 0x00000978, Max: 0x00005000, ABSOLUTE, COMPRESSED[0x000000f8])

    Exec Addr    Load Addr    Size         Type   Attr      Idx    E Section Name        Object

    0x20000000   COMPRESSED   0x00000004   Data   RW         1168    .data               mc_w.l(stdout.o)
    0x20000004   COMPRESSED   0x00000008   Data   RW          208    .data..L_MergedGlobals  stm32f1xx_hal.o
    0x2000000c   COMPRESSED   0x00000400   Data   RW          852    .data.BMP1          oled.o
    0x2000040c   COMPRESSED   0x00000001   Data   RW          790    .data.Hum_Sta       humidifiercontrol.o
    0x2000040d   COMPRESSED   0x00000003   PAD
    0x20000410   COMPRESSED   0x00000004   Data   RW          746    .data.SystemCoreClock  system_stm32f1xx.o
    0x20000414   COMPRESSED   0x00000004   PAD
    0x20000418        -       0x00000068   Zero   RW          814    .bss..L_MergedGlobals  sht30_i2c_drv.o
    0x20000480        -       0x00000001   Zero   RW          791    .bss.Hum_Mod        humidifiercontrol.o
    0x20000481   COMPRESSED   0x00000003   PAD
    0x20000484        -       0x00000008   Zero   RW           43    .bss.hcrc           crc.o
    0x2000048c        -       0x00000054   Zero   RW           60    .bss.hi2c1          i2c.o
    0x200004e0        -       0x00000054   Zero   RW           61    .bss.hi2c2          i2c.o
    0x20000534        -       0x00000040   Zero   RW           76    .bss.huart1         usart.o
    0x20000574        -       0x00000004   Zero   RW          207    .bss.uwTick         stm32f1xx_hal.o
    0x20000578        -       0x00000400   Zero   RW            1    STACK               startup_stm32f103xb.o


==============================================================================

Image component sizes


      Code (inc. data)   RO Data    RW Data    ZI Data      Debug   Object Name

        64          0          0          0          0       1475   beep.o
        76         16          0          0          8       2064   crc.o
       112         32          0          0          0        990   esp8266.o
       228         20          0          0          0       2830   gpio.o
        48          4          0          1          1       1246   humidifiercontrol.o
       276         32          0          0        168       4557   i2c.o
       110          0          0          0          0       1608   main.o
       706         16       2072       1024          0       5338   oled.o
       476        108          5          0        104       3217   sht30_i2c_drv.o
        36          8        236          0       1024        788   startup_stm32f103xb.o
       160         16          0          8          4       5806   stm32f1xx_hal.o
       192         28          0          0          0       8316   stm32f1xx_hal_cortex.o
        32          0          0          0          0       3036   stm32f1xx_hal_crc.o
       456         60          0          0          0       4507   stm32f1xx_hal_gpio.o
      2130         28          0          0          0      36775   stm32f1xx_hal_i2c.o
        68          8          0          0          0       1200   stm32f1xx_hal_msp.o
      1264         68          0          0          0       7201   stm32f1xx_hal_rcc.o
       480          4          0          0          0      16701   stm32f1xx_hal_uart.o
        28          0          0          0          0       1239   stm32f1xx_it.o
        76         16         24          4          0       2118   system_stm32f1xx.o
       176         16          0          0         64       3990   usart.o
       418        132          8          0          0       1673   usermain.o

    ----------------------------------------------------------------------
      7628        612       2380       1040       1380     116675   Object Totals
         0          0         32          0          0          0   (incl. Generated)
        16          0          3          3          7          0   (incl. Padding)

    ----------------------------------------------------------------------

      Code (inc. data)   RO Data    RW Data    ZI Data      Debug   Library Member Name

        86          0          0          0          0          0   __dczerorl2.o
         0          0          0          0          0          0   entry.o
         0          0          0          0          0          0   entry10a.o
         0          0          0          0          0          0   entry11a.o
         8          4          0          0          0          0   entry2.o
         4          0          0          0          0          0   entry5.o
         0          0          0          0          0          0   entry7b.o
         0          0          0          0          0          0   entry8b.o
         8          4          0          0          0          0   entry9a.o
        30          0          0          0          0          0   handlers.o
        36          8          0          0          0         68   init.o
         0          0          0          0          0          0   iusefp.o
        30          0          0          0          0         68   llshl.o
        36          0          0          0          0         68   llsshr.o
        32          0          0          0          0         68   llushr.o
      2308         96          0          0          0        604   printfa.o
        36          6          0          0          0         80   puts.o
         0          0          0          4          0          0   stdout.o
        44          0          0          0          0         80   uidiv.o
        98          0          0          0          0         92   uldiv.o
        48          0          0          0          0         68   cdrcmple.o
       334          0          0          0          0        148   dadd.o
       222          0          0          0          0        100   ddiv.o
       186          0          0          0          0        176   depilogue.o
        48          0          0          0          0         68   dfixul.o
       228          0          0          0          0         96   dmul.o
        38          0          0          0          0         68   f2d.o
       176          0          0          0          0        140   fadd.o
       124          0          0          0          0         88   fdiv.o
       110          0          0          0          0        168   fepilogue.o
        10          0          0          0          0         68   ffltui.o
       100          0          0          0          0         76   fmul.o

    ----------------------------------------------------------------------
      4384        118          0          4          0       2392   Library Totals
         4          0          0          0          0          0   (incl. Padding)

    ----------------------------------------------------------------------

      Code (inc. data)   RO Data    RW Data    ZI Data      Debug   Library Name

      2756        118          0          4          0       1128   mc_w.l
      1624          0          0          0          0       1264   mf_w.l

    ----------------------------------------------------------------------
      4384        118          0          4          0       2392   Library Totals

    ----------------------------------------------------------------------

==============================================================================


      Code (inc. data)   RO Data    RW Data    ZI Data      Debug   

     12012        730       2380       1044       1380     117783   Grand Totals
     12012        730       2380        248       1380     117783   ELF Image Totals (compressed)
     12012        730       2380        248          0          0   ROM Totals

==============================================================================

    Total RO  Size (Code + RO Data)                14392 (  14.05kB)
    Total RW  Size (RW Data + ZI Data)              2424 (   2.37kB)
    Total ROM Size (Code + RO Data + RW Data)      14640 (  14.30kB)

==============================================================================

