<html>
<body>
<pre>
<h1>�Vision Build Log</h1>
<h2>Tool Versions:</h2>
IDE-Version: ��Vision V5.30.0.0
Copyright (C) 2020 ARM Ltd and ARM Germany GmbH. All rights reserved.
License Information: L L, L, LIC=YA39H-WZV7Y-DYTV3-AYKBZ-3LT2K-JDCB1
 
Tool Versions:
Toolchain:       MDK-ARM Plus  Version: 5.30.0.0
Toolchain Path:  D:\Software\Keil_v5\ARM\ARMCLANG\Bin
C Compiler:      ArmClang.exe V6.14
Assembler:       Armasm.exe V6.14
Linker/Locator:  ArmLink.exe V6.14
Library Manager: ArmAr.exe V6.14
Hex Converter:   FromElf.exe V6.14
CPU DLL:         SARMCM3.DLL V5.30.0.0
Dialog DLL:      DCM.DLL V1.17.3.0
Target DLL:      Segger\JL2CM3.dll V2.99.38.0
Dialog DLL:      TCM.DLL V1.42.0.0
 
<h2>Project:</h2>
F:\Desktop\Graduation-Design\Hardware\Smart humidifier\MDK-ARM\Smart humidifier.uvprojx
Project File Date:  09/02/2020

<h2>Output:</h2>
*** Using Compiler 'V6.14', folder: 'D:\Software\Keil_v5\ARM\ARMCLANG\Bin'
Build target 'Smart humidifier'
../UserCode/esp8266/esp8266.c(7): warning: passing 'char [8]' to parameter of type 'unsigned char *' converts between pointers to integer types with different sign [-Wpointer-sign]
                OLED_ShowStr(0, 0, "Online ", 1);
                                   ^~~~~~~~~
../UserCode/led\oled.h(18): note: passing argument to parameter 'ch' here
void OLED_ShowStr(unsigned char x, unsigned char y, unsigned char ch[], unsigned char TextSize);//显示字符串
                                                                  ^
../UserCode/esp8266/esp8266.c(11): warning: passing 'char [8]' to parameter of type 'unsigned char *' converts between pointers to integer types with different sign [-Wpointer-sign]
                OLED_ShowStr(0, 0, "Offline", 1);               
                                   ^~~~~~~~~
../UserCode/led\oled.h(18): note: passing argument to parameter 'ch' here
void OLED_ShowStr(unsigned char x, unsigned char y, unsigned char ch[], unsigned char TextSize);//显示字符串
                                                                  ^
../UserCode/esp8266/esp8266.c(15): warning: passing 'char [4]' to parameter of type 'unsigned char *' converts between pointers to integer types with different sign [-Wpointer-sign]
                OLED_ShowStr(108, 0, "ON ", 1);
                                     ^~~~~
../UserCode/led\oled.h(18): note: passing argument to parameter 'ch' here
void OLED_ShowStr(unsigned char x, unsigned char y, unsigned char ch[], unsigned char TextSize);//显示字符串
                                                                  ^
../UserCode/esp8266/esp8266.c(19): warning: passing 'char [4]' to parameter of type 'unsigned char *' converts between pointers to integer types with different sign [-Wpointer-sign]
                OLED_ShowStr(108, 0, "OFF", 1);         
                                     ^~~~~
../UserCode/led\oled.h(18): note: passing argument to parameter 'ch' here
void OLED_ShowStr(unsigned char x, unsigned char y, unsigned char ch[], unsigned char TextSize);//显示字符串
                                                                  ^
4 warnings generated.
compiling esp8266.c...
linking...
Program Size: Code=4764 RO-data=2364 RW-data=1036 ZI-data=1116  
FromELF: creating hex file...
"Smart humidifier\Smart humidifier.axf" - 0 Error(s), 4 Warning(s).

<h2>Software Packages used:</h2>

Package Vendor: ARM
                http://www.keil.com/pack/ARM.CMSIS.5.7.0.pack
                ARM.CMSIS.5.7.0
                CMSIS (Cortex Microcontroller Software Interface Standard)
   * Component: CORE Version: 5.4.0

Package Vendor: Keil
                http://www.keil.com/pack/Keil.STM32F1xx_DFP.2.3.0.pack
                Keil.STM32F1xx_DFP.2.3.0
                STMicroelectronics STM32F1 Series Device Support, Drivers and Examples

<h2>Collection of Component include folders:</h2>
  .\RTE\_Smart_humidifier
  D:\Software\Keil_v5\Arm\Packs\ARM\CMSIS\5.7.0\CMSIS\Core\Include
  D:\Software\Keil_v5\Arm\Packs\Keil\STM32F1xx_DFP\2.3.0\Device\Include

<h2>Collection of Component Files used:</h2>

   * Component: ARM::CMSIS:CORE:5.4.0
Build Time Elapsed:  00:00:01
</pre>
</body>
</html>
